Archive member included to satisfy reference by file (symbol)

c:/program files/microchip/xc8/v2.50/avr/bin/../lib/gcc/avr/5.4.0/avrxmega2/memx-const/mapped\libgcc.a(_udivmodhi4.o)
                              build/default/production/mcc_generated_files/freertos/kernel/MemMang/heap_4.o (__udivmodhi4)
c:/program files/microchip/xc8/v2.50/avr/bin/../lib/gcc/avr/5.4.0/avrxmega2/memx-const/mapped\libgcc.a(_tablejump2.o)
                              build/default/production/mcc_generated_files/freertos/kernel/timers.o (__tablejump2__)
c:/program files/microchip/xc8/v2.50/avr/bin/../lib/gcc/avr/5.4.0/avrxmega2/memx-const/mapped\libgcc.a(_copy_data.o)
                              build/default/production/mcc_generated_files/freertos/kernel/tasks.o (__do_copy_data)
c:/program files/microchip/xc8/v2.50/avr/bin/../lib/gcc/avr/5.4.0/../../../../avr/lib/avrxmega2/memx-const/mapped\libc.a(exit.o)
                              C:/Users/janer/.mchp_packs/Microchip/AVR-Dx_DFP/2.6.303/xc8/avr/lib/avrxmega2/memx-const/mapped/crtavr64du32.o (exit)
c:/program files/microchip/xc8/v2.50/avr/bin/../lib/gcc/avr/5.4.0/../../../../avr/lib/avrxmega2/memx-const/mapped\libc.a(__sio_printf_s.o)
                              build/default/production/mcc_generated_files/freertos/freertos_interface.o (_printf_s)
c:/program files/microchip/xc8/v2.50/avr/bin/../lib/gcc/avr/5.4.0/../../../../avr/lib/avrxmega2/memx-const/mapped\libc.a(__fmt_s.o)
                              c:/program files/microchip/xc8/v2.50/avr/bin/../lib/gcc/avr/5.4.0/../../../../avr/lib/avrxmega2/memx-const/mapped\libc.a(__sio_printf_s.o) (__fmt_s_needed)
c:/program files/microchip/xc8/v2.50/avr/bin/../lib/gcc/avr/5.4.0/../../../../avr/lib/avrxmega2/memx-const/mapped\libc.a(__printf_core.o)
                              c:/program files/microchip/xc8/v2.50/avr/bin/../lib/gcc/avr/5.4.0/../../../../avr/lib/avrxmega2/memx-const/mapped\libc.a(__fmt_s.o) (__pad)
c:/program files/microchip/xc8/v2.50/avr/bin/../lib/gcc/avr/5.4.0/../../../../avr/lib/avrxmega2/memx-const/mapped\libc.a(fputc.o)
                              c:/program files/microchip/xc8/v2.50/avr/bin/../lib/gcc/avr/5.4.0/../../../../avr/lib/avrxmega2/memx-const/mapped\libc.a(__printf_core.o) (fputc)
c:/program files/microchip/xc8/v2.50/avr/bin/../lib/gcc/avr/5.4.0/../../../../avr/lib/avrxmega2/memx-const/mapped\libc.a(stdout.o)
                              build/default/production/mcc_generated_files/uart/src/usart1.o (_stdout)
c:/program files/microchip/xc8/v2.50/avr/bin/../lib/gcc/avr/5.4.0/../../../../avr/lib/avrxmega2/memx-const/mapped\libc.a(memcpy.o)
                              build/default/production/mcc_generated_files/freertos/kernel/queue.o (memcpy)
c:/program files/microchip/xc8/v2.50/avr/bin/../lib/gcc/avr/5.4.0/../../../../avr/lib/avrxmega2/memx-const/mapped\libc.a(memset.o)
                              build/default/production/mcc_generated_files/freertos/kernel/MemMang/heap_4.o (memset)
c:/program files/microchip/xc8/v2.50/avr/bin/../lib/gcc/avr/5.4.0/../../../../avr/lib/avrxmega2/memx-const/mapped\libc.a(strlen.o)
                              c:/program files/microchip/xc8/v2.50/avr/bin/../lib/gcc/avr/5.4.0/../../../../avr/lib/avrxmega2/memx-const/mapped\libc.a(__fmt_s.o) (strlen)
c:/program files/microchip/xc8/v2.50/avr/bin/../lib/gcc/avr/5.4.0/../../../../avr/lib/avrxmega2/memx-const/mapped\libc.a(tolower.o)
                              c:/program files/microchip/xc8/v2.50/avr/bin/../lib/gcc/avr/5.4.0/../../../../avr/lib/avrxmega2/memx-const/mapped\libc.a(__printf_core.o) (tolower)
c:/program files/microchip/xc8/v2.50/avr/bin/../lib/gcc/avr/5.4.0/../../../../avr/lib/avrxmega2/memx-const/mapped\libc.a(errno.o)
                              c:/program files/microchip/xc8/v2.50/avr/bin/../lib/gcc/avr/5.4.0/../../../../avr/lib/avrxmega2/memx-const/mapped\libc.a(__printf_core.o) (__errno_val)
c:/program files/microchip/xc8/v2.50/avr/bin/../lib/gcc/avr/5.4.0/../../../../avr/lib/avrxmega2/memx-const/mapped\libc.a(_Exit.o)
                              c:/program files/microchip/xc8/v2.50/avr/bin/../lib/gcc/avr/5.4.0/../../../../avr/lib/avrxmega2/memx-const/mapped\libc.a(exit.o) (_Exit)
c:/program files/microchip/xc8/v2.50/avr/bin/../lib/gcc/avr/5.4.0/../../../../avr/lib/avrxmega2/memx-const/mapped\libc.a(__int_vfprintf.o)
                              c:/program files/microchip/xc8/v2.50/avr/bin/../lib/gcc/avr/5.4.0/../../../../avr/lib/avrxmega2/memx-const/mapped\libc.a(__sio_printf_s.o) (__vfprintf)
c:/program files/microchip/xc8/v2.50/avr/bin/../lib/gcc/avr/5.4.0/avrxmega2/memx-const/mapped\libgcc.a(_exit.o)
                              c:/program files/microchip/xc8/v2.50/avr/bin/../lib/gcc/avr/5.4.0/../../../../avr/lib/avrxmega2/memx-const/mapped\libc.a(_Exit.o) (_exit)
c:/program files/microchip/xc8/v2.50/avr/bin/../lib/gcc/avr/5.4.0/avrxmega2/memx-const/mapped\libgcc.a(_prologue.o)
[...]
Memory Configuration

Name             Origin             Length             Attributes
text             0x0000000000000000 0x0000000000010000 xr
data             0x0000000000806000 0x0000000000002000 rw !x
eeprom           0x0000000000810000 0x0000000000000100 rw !x
fuse             0x0000000000820000 0x0000000000000010 rw !x
lock             0x0000000000830000 0x0000000000000400 rw !x
signature        0x0000000000840000 0x0000000000000400 rw !x
user_signatures  0x0000000000850000 0x0000000000000400 rw !x
bootrow          0x0000000000860000 0x0000000000000400 rw !x
*default*        0x0000000000000000 0xffffffffffffffff

Linker script and memory map

Address of section .data set to 0x806000
                0x0000000000008000                __RODATA_PM_OFFSET__ = 0x8000
LOAD C:/Users/janer/.mchp_packs/Microchip/AVR-Dx_DFP/2.6.303/xc8/avr/lib/avrxmega2/memx-const/mapped/crtavr64du32.o
                0x0000000000000001                __MPLAB_BUILD = 0x1
LOAD build/default/production/mcc_generated_files/freertos/kernel/MemMang/heap_4.o
LOAD build/default/production/mcc_generated_files/freertos/kernel/portable/port.o
LOAD build/default/production/mcc_generated_files/freertos/kernel/croutine.o
LOAD build/default/production/mcc_generated_files/freertos/kernel/event_groups.o
LOAD build/default/production/mcc_generated_files/freertos/kernel/list.o
LOAD build/default/production/mcc_generated_files/freertos/kernel/queue.o
LOAD build/default/production/mcc_generated_files/freertos/kernel/stream_buffer.o
LOAD build/default/production/mcc_generated_files/freertos/kernel/tasks.o
LOAD build/default/production/mcc_generated_files/freertos/kernel/timers.o
LOAD build/default/production/mcc_generated_files/freertos/support_files/common/partest.o
LOAD build/default/production/mcc_generated_files/freertos/support_files/common/regtest.o
LOAD build/default/production/mcc_generated_files/freertos/support_files/common/serial.o
LOAD build/default/production/mcc_generated_files/freertos/freertos_interface.o
LOAD build/default/production/mcc_generated_files/system/src/system.o
LOAD build/default/production/mcc_generated_files/system/src/pins.o
LOAD build/default/production/mcc_generated_files/system/src/protected_io.o
LOAD build/default/production/mcc_generated_files/system/src/config_bits.o
LOAD build/default/production/mcc_generated_files/system/src/clock.o
LOAD build/default/production/mcc_generated_files/system/src/interrupt.o
LOAD build/default/production/mcc_generated_files/timer/src/tcb0.o
LOAD build/default/production/main.o
LOAD build/default/production/mcc_generated_files/examples/UART_Example/uart_example.o
LOAD build/default/production/mcc_generated_files/uart/src/usart0.o
LOAD build/default/production/mcc_generated_files/uart/src/usart1.o
START GROUP
LOAD c:/program files/microchip/xc8/v2.50/avr/bin/../lib/gcc/avr/5.4.0/../../../../avr/lib/avrxmega2/memx-const/mapped\libm.a
END GROUP
START GROUP
LOAD c:/program files/microchip/xc8/v2.50/avr/bin/../lib/gcc/avr/5.4.0/avrxmega2/memx-const/mapped\libgcc.a
LOAD c:/program files/microchip/xc8/v2.50/avr/bin/../lib/gcc/avr/5.4.0/../../../../avr/lib/avrxmega2/memx-const/mapped\libm.a
LOAD c:/program files/microchip/xc8/v2.50/avr/bin/../lib/gcc/avr/5.4.0/../../../../avr/lib/avrxmega2/memx-const/mapped\libc.a
LOAD C:/Users/janer/.mchp_packs/Microchip/AVR-Dx_DFP/2.6.303/xc8/avr/lib/avrxmega2/memx-const/mapped\libavr64du32.a
END GROUP
                [0x0000000000000000]                __TEXT_REGION_ORIGIN__ = DEFINED (__TEXT_REGION_ORIGIN__)?__TEXT_REGION_ORIGIN__:0x0
                [0x0000000000806000]                __DATA_REGION_ORIGIN__ = DEFINED (__DATA_REGION_ORIGIN__)?__DATA_REGION_ORIGIN__:0x802000
                [0x0000000000010000]                __TEXT_REGION_LENGTH__ = DEFINED (__TEXT_REGION_LENGTH__)?__TEXT_REGION_LENGTH__:0x100000
                [0x0000000000002000]                __DATA_REGION_LENGTH__ = DEFINED (__DATA_REGION_LENGTH__)?__DATA_REGION_LENGTH__:0xffa0
                [0x0000000000000100]                __EEPROM_REGION_LENGTH__ = DEFINED (__EEPROM_REGION_LENGTH__)?__EEPROM_REGION_LENGTH__:0x10000
                [0x0000000000000010]                __FUSE_REGION_LENGTH__ = DEFINED (__FUSE_REGION_LENGTH__)?__FUSE_REGION_LENGTH__:0x400
                0x0000000000000400                __LOCK_REGION_LENGTH__ = DEFINED (__LOCK_REGION_LENGTH__)?__LOCK_REGION_LENGTH__:0x400
                0x0000000000000400                __SIGNATURE_REGION_LENGTH__ = DEFINED (__SIGNATURE_REGION_LENGTH__)?__SIGNATURE_REGION_LENGTH__:0x400
                0x0000000000000400                __USER_SIGNATURE_REGION_LENGTH__ = DEFINED (__USER_SIGNATURE_REGION_LENGTH__)?__USER_SIGNATURE_REGION_LENGTH__:0x400
                0x0000000000000400                __BOOTROW_REGION_LENGTH__ = DEFINED (__BOOTROW_REGION_LENGTH__)?__BOOTROW_REGION_LENGTH__:0x400

.hash
 *(.hash)

.dynsym
 *(.dynsym)

.dynstr
 *(.dynstr)

.gnu.version
 *(.gnu.version)

.gnu.version_d
 *(.gnu.version_d)

.gnu.version_r
 *(.gnu.version_r)

.rel.init
 *(.rel.init)

.rela.init
 *(.rela.init)

.rel.text
 *(.rel.text)
 *(.rel.text.*)
 *(.rel.gnu.linkonce.t*)

.rela.text
 *(.rela.text)
 *(.rela.text.*)
 *(.rela.gnu.linkonce.t*)

.rel.fini
 *(.rel.fini)

.rela.fini
 *(.rela.fini)

.rel.rodata
 *(.rel.rodata)
 *(.rel.rodata.*)
 *(.rel.gnu.linkonce.r*)

.rela.rodata
 *(.rela.rodata)
 *(.rela.rodata.*)
 *(.rela.gnu.linkonce.r*)

.rel.data
 *(.rel.data)
 *(.rel.data.*)
 *(.rel.gnu.linkonce.d*)

.rela.data
 *(.rela.data)
 *(.rela.data.*)
 *(.rela.gnu.linkonce.d*)

.rel.ctors
 *(.rel.ctors)

.rela.ctors
 *(.rela.ctors)

.rel.dtors
 *(.rel.dtors)

.rela.dtors
 *(.rela.dtors)

.rel.got
 *(.rel.got)

.rela.got
 *(.rela.got)

.rel.bss
 *(.rel.bss)

.rela.bss
 *(.rela.bss)

.rel.plt
 *(.rel.plt)

.rela.plt
 *(.rela.plt)

.text           0x0000000000000000      0x12a
 *(.vectors)
 .vectors       0x0000000000000000       0x88 C:/Users/janer/.mchp_packs/Microchip/AVR-Dx_DFP/2.6.303/xc8/avr/lib/avrxmega2/memx-const/mapped/crtavr64du32.o
                0x0000000000000000                __vector_default
                0x0000000000000000                __vectors
 *(.vectors)
 *(.progmem.gcc*)
 .progmem.gcc_sw_table.prvTimerTask
                0x0000000000000088       0x12 build/default/production/mcc_generated_files/freertos/kernel/timers.o
 *(.dinit)
 .dinit         0x000000000000009a       0x29 data_init
                0x00000000000000c4                . = ALIGN (0x2)
 *fill*         0x00000000000000c3        0x1 
                0x00000000000000c4                __trampolines_start = .
 *(.trampolines)
 .trampolines   0x00000000000000c4        0x0 linker stubs
 *(.trampolines*)
                0x00000000000000c4                __trampolines_end = .
 *libprintf_flt.a:*(.progmem.data)
 *libc.a:*(.progmem.data)
                0x00000000000000c4                . = ALIGN (0x2)
 *(.jumptables)
 *(.jumptables*)
 *(.lowtext)
 *(.lowtext*)
                0x00000000000000c4                __ctors_start = .
 *(.ctors)
                0x00000000000000c4                __ctors_end = .
                0x00000000000000c4                __dtors_start = .
 *(.dtors)
                0x00000000000000c4                __dtors_end = .
 SORT(*)(.ctors)
 SORT(*)(.dtors)
 *(.init0)
 .init0         0x00000000000000c4        0x0 C:/Users/janer/.mchp_packs/Microchip/AVR-Dx_DFP/2.6.303/xc8/avr/lib/avrxmega2/memx-const/mapped/crtavr64du32.o
                0x00000000000000c4                __init
 *(.init0)
 *(.init1)
 .init1         0x00000000000000c4       0x12 C:/Users/janer/.mchp_packs/Microchip/AVR-Dx_DFP/2.6.303/xc8/avr/lib/avrxmega2/memx-const/mapped/crtavr64du32.o
 *(.init1)
 *(.init2)
 .init2         0x00000000000000d6        0xc C:/Users/janer/.mchp_packs/Microchip/AVR-Dx_DFP/2.6.303/xc8/avr/lib/avrxmega2/memx-const/mapped/crtavr64du32.o
 *(.init2)
 *(.init3)
 *(.init3)
 *(.init4)
 .init4         0x00000000000000e2       0x3c c:/program files/microchip/xc8/v2.50/avr/bin/../lib/gcc/avr/5.4.0/avrxmega2/memx-const/mapped\libgcc.a(_copy_data.o)
                0x00000000000000e2                __do_copy_data
                0x0000000000000110                __do_clear_bss
 *(.init4)
 *(.init5)
 *(.init5)
 *(.init6)
 *(.init6)
 *(.init7)
 *(.init7)
 *(.init8)
 *(.init8)
 *(.init9)
 .init9         0x000000000000011e        0x8 C:/Users/janer/.mchp_packs/Microchip/AVR-Dx_DFP/2.6.303/xc8/avr/lib/avrxmega2/memx-const/mapped/crtavr64du32.o
 *(.init9)
                0x0000000000000126                . = ALIGN (0x2)
 *(.fini9)
 .fini9         0x0000000000000126        0x0 c:/program files/microchip/xc8/v2.50/avr/bin/../lib/gcc/avr/5.4.0/avrxmega2/memx-const/mapped\libgcc.a(_exit.o)
                0x0000000000000126                _exit
 *(.fini9)
 *(.fini8)
 *(.fini8)
 *(.fini7)
 *(.fini7)
 *(.fini6)
 *(.fini6)
 *(.fini5)
 *(.fini5)
 *(.fini4)
 *(.fini4)
 *(.fini3)
 *(.fini3)
 *(.fini2)
 *(.fini2)
 *(.fini1)
 *(.fini1)
 *(.fini0)
 .fini0         0x0000000000000126        0x4 c:/program files/microchip/xc8/v2.50/avr/bin/../lib/gcc/avr/5.4.0/avrxmega2/memx-const/mapped\libgcc.a(_exit.o)
 *(.fini0)
                0x000000000000012a                _etext = .

.data           0x0000000000806000        0x0 load address 0x000000000000012a
                [!provide]                        PROVIDE (__data_start, .)
 *(.gnu.linkonce.d*)
 *(.gnu.linkonce.r*)
                0x0000000000806000                . = ALIGN (0x2)
                0x0000000000806000                _edata = .
                [!provide]                        PROVIDE (__data_end, .)

.bss            0x0000000000806000        0x2
                [!provide]                        PROVIDE (__bss_start, .)
 *(COMMON)
 COMMON         0x0000000000806000        0x2 c:/program files/microchip/xc8/v2.50/avr/bin/../lib/gcc/avr/5.4.0/../../../../avr/lib/avrxmega2/memx-const/mapped\libc.a(errno.o)
                0x0000000000806000                __errno_val
                [!provide]                        PROVIDE (__bss_end, .)
                0x000000000000012a                __data_load_start = LOADADDR (.data)
                0x000000000000012a                __data_load_end = (__data_load_start + SIZEOF (.data))

.noinit         0x0000000000806002        0x0
                [!provide]                        PROVIDE (__noinit_start, .)
 *(.noinit*)
                [!provide]                        PROVIDE (__noinit_end, .)
                0x0000000000806002                _end = .

.eeprom         0x0000000000810000        0x0
 *(.eeprom*)
                0x0000000000810000                __eeprom_end = .

.fuse           0x0000000000820000        0xc
 *(.fuse)
 .fuse          0x0000000000820000        0xc build/default/production/mcc_generated_files/system/src/config_bits.o
                0x0000000000820000                __fuse
 *(.lfuse)
 *(.hfuse)
 *(.efuse)

.lock
 *(.lock*)

.signature
 *(.signature*)

.user_signatures
 *(.user_signatures*)

.bootrow
 *(.bootrow*)

.stab
 *(.stab)

.stabstr
 *(.stabstr)

.stab.excl
 *(.stab.excl)

.stab.exclstr
 *(.stab.exclstr)

.stab.index
 *(.stab.index)

.stab.indexstr
 *(.stab.indexstr)

.comment        0x0000000000000000       0x5b
 *(.comment)
 .comment       0x0000000000000000       0x2f build/default/production/mcc_generated_files/freertos/kernel/MemMang/heap_4.o
                                         0x30 (size before relaxing)
 .comment       0x000000000000002f       0x30 build/default/production/mcc_generated_files/freertos/kernel/portable/port.o
 .comment       0x000000000000002f       0x30 build/default/production/mcc_generated_files/freertos/kernel/list.o
 .comment       0x000000000000002f       0x30 build/default/production/mcc_generated_files/freertos/kernel/queue.o
 .comment       0x000000000000002f       0x30 build/default/production/mcc_generated_files/freertos/kernel/tasks.o
 .comment       0x000000000000002f       0x30 build/default/production/mcc_generated_files/freertos/kernel/timers.o
 .comment       0x000000000000002f       0x30 build/default/production/mcc_generated_files/freertos/freertos_interface.o
 .comment       0x000000000000002f       0x30 build/default/production/mcc_generated_files/system/src/system.o
 .comment       0x000000000000002f       0x30 build/default/production/mcc_generated_files/system/src/pins.o
 .comment       0x000000000000002f       0x30 build/default/production/mcc_generated_files/system/src/config_bits.o
 .comment       0x000000000000002f       0x30 build/default/production/mcc_generated_files/system/src/clock.o
 .comment       0x000000000000002f       0x30 build/default/production/mcc_generated_files/system/src/interrupt.o
 .comment       0x000000000000002f       0x30 build/default/production/mcc_generated_files/timer/src/tcb0.o
 .comment       0x000000000000002f       0x30 build/default/production/main.o
 .comment       0x000000000000002f       0x30 build/default/production/mcc_generated_files/uart/src/usart0.o
 .comment       0x000000000000002f       0x30 build/default/production/mcc_generated_files/uart/src/usart1.o
 .comment       0x000000000000002f       0x2c c:/program files/microchip/xc8/v2.50/avr/bin/../lib/gcc/avr/5.4.0/../../../../avr/lib/avrxmega2/memx-const/mapped\libc.a(exit.o)
                                         0x2d (size before relaxing)
 .comment       0x000000000000005b       0x2d c:/program files/microchip/xc8/v2.50/avr/bin/../lib/gcc/avr/5.4.0/../../../../avr/lib/avrxmega2/memx-const/mapped\libc.a(__sio_printf_s.o)
 .comment       0x000000000000005b       0x2d c:/program files/microchip/xc8/v2.50/avr/bin/../lib/gcc/avr/5.4.0/../../../../avr/lib/avrxmega2/memx-const/mapped\libc.a(__fmt_s.o)
 .comment       0x000000000000005b       0x2d c:/program files/microchip/xc8/v2.50/avr/bin/../lib/gcc/avr/5.4.0/../../../../avr/lib/avrxmega2/memx-const/mapped\libc.a(__printf_core.o)
 .comment       0x000000000000005b       0x2d c:/program files/microchip/xc8/v2.50/avr/bin/../lib/gcc/avr/5.4.0/../../../../avr/lib/avrxmega2/memx-const/mapped\libc.a(fputc.o)
 .comment       0x000000000000005b       0x2d c:/program files/microchip/xc8/v2.50/avr/bin/../lib/gcc/avr/5.4.0/../../../../avr/lib/avrxmega2/memx-const/mapped\libc.a(stdout.o)
 .comment       0x000000000000005b       0x2d c:/program files/microchip/xc8/v2.50/avr/bin/../lib/gcc/avr/5.4.0/../../../../avr/lib/avrxmega2/memx-const/mapped\libc.a(memcpy.o)
 .comment       0x000000000000005b       0x2d c:/program files/microchip/xc8/v2.50/avr/bin/../lib/gcc/avr/5.4.0/../../../../avr/lib/avrxmega2/memx-const/mapped\libc.a(memset.o)
 .comment       0x000000000000005b       0x2d c:/program files/microchip/xc8/v2.50/avr/bin/../lib/gcc/avr/5.4.0/../../../../avr/lib/avrxmega2/memx-const/mapped\libc.a(strlen.o)
 .comment       0x000000000000005b       0x2d c:/program files/microchip/xc8/v2.50/avr/bin/../lib/gcc/avr/5.4.0/../../../../avr/lib/avrxmega2/memx-const/mapped\libc.a(tolower.o)
 .comment       0x000000000000005b       0x2d c:/program files/microchip/xc8/v2.50/avr/bin/../lib/gcc/avr/5.4.0/../../../../avr/lib/avrxmega2/memx-const/mapped\libc.a(errno.o)
 .comment       0x000000000000005b       0x2d c:/program files/microchip/xc8/v2.50/avr/bin/../lib/gcc/avr/5.4.0/../../../../avr/lib/avrxmega2/memx-const/mapped\libc.a(_Exit.o)
 .comment       0x000000000000005b       0x2d c:/program files/microchip/xc8/v2.50/avr/bin/../lib/gcc/avr/5.4.0/../../../../avr/lib/avrxmega2/memx-const/mapped\libc.a(__int_vfprintf.o)

.stack.descriptors.hdr
                0x0000000000000000       0xe0
 .stack.descriptors.hdr
                0x0000000000000000        0xe c:/program files/microchip/xc8/v2.50/avr/bin/../lib/gcc/avr/5.4.0/avrxmega2/memx-const/mapped\libgcc.a(_udivmodhi4.o)
 .stack.descriptors.hdr
                0x000000000000000e        0xe c:/program files/microchip/xc8/v2.50/avr/bin/../lib/gcc/avr/5.4.0/avrxmega2/memx-const/mapped\libgcc.a(_tablejump2.o)
 .stack.descriptors.hdr
                0x000000000000001c        0xe c:/program files/microchip/xc8/v2.50/avr/bin/../lib/gcc/avr/5.4.0/../../../../avr/lib/avrxmega2/memx-const/mapped\libc.a(exit.o)
 .stack.descriptors.hdr
                0x000000000000002a        0xe c:/program files/microchip/xc8/v2.50/avr/bin/../lib/gcc/avr/5.4.0/../../../../avr/lib/avrxmega2/memx-const/mapped\libc.a(__sio_printf_s.o)
 .stack.descriptors.hdr
                0x0000000000000038        0xe c:/program files/microchip/xc8/v2.50/avr/bin/../lib/gcc/avr/5.4.0/../../../../avr/lib/avrxmega2/memx-const/mapped\libc.a(__fmt_s.o)
 .stack.descriptors.hdr
                0x0000000000000046        0xe c:/program files/microchip/xc8/v2.50/avr/bin/../lib/gcc/avr/5.4.0/../../../../avr/lib/avrxmega2/memx-const/mapped\libc.a(__printf_core.o)
 .stack.descriptors.hdr
                0x0000000000000054        0xe c:/program files/microchip/xc8/v2.50/avr/bin/../lib/gcc/avr/5.4.0/../../../../avr/lib/avrxmega2/memx-const/mapped\libc.a(fputc.o)
 .stack.descriptors.hdr
                0x0000000000000062        0xe c:/program files/microchip/xc8/v2.50/avr/bin/../lib/gcc/avr/5.4.0/../../../../avr/lib/avrxmega2/memx-const/mapped\libc.a(stdout.o)
 .stack.descriptors.hdr
                0x0000000000000070        0xe c:/program files/microchip/xc8/v2.50/avr/bin/../lib/gcc/avr/5.4.0/../../../../avr/lib/avrxmega2/memx-const/mapped\libc.a(memcpy.o)
 .stack.descriptors.hdr
                0x000000000000007e        0xe c:/program files/microchip/xc8/v2.50/avr/bin/../lib/gcc/avr/5.4.0/../../../../avr/lib/avrxmega2/memx-const/mapped\libc.a(memset.o)
 .stack.descriptors.hdr
                0x000000000000008c        0xe c:/program files/microchip/xc8/v2.50/avr/bin/../lib/gcc/avr/5.4.0/../../../../avr/lib/avrxmega2/memx-const/mapped\libc.a(strlen.o)
 .stack.descriptors.hdr
                0x000000000000009a        0xe c:/program files/microchip/xc8/v2.50/avr/bin/../lib/gcc/avr/5.4.0/../../../../avr/lib/avrxmega2/memx-const/mapped\libc.a(tolower.o)
 .stack.descriptors.hdr
                0x00000000000000a8        0xe c:/program files/microchip/xc8/v2.50/avr/bin/../lib/gcc/avr/5.4.0/../../../../avr/lib/avrxmega2/memx-const/mapped\libc.a(errno.o)
 .stack.descriptors.hdr
                0x00000000000000b6        0xe c:/program files/microchip/xc8/v2.50/avr/bin/../lib/gcc/avr/5.4.0/../../../../avr/lib/avrxmega2/memx-const/mapped\libc.a(_Exit.o)
 .stack.descriptors.hdr
                0x00000000000000c4        0xe c:/program files/microchip/xc8/v2.50/avr/bin/../lib/gcc/avr/5.4.0/../../../../avr/lib/avrxmega2/memx-const/mapped\libc.a(__int_vfprintf.o)
 .stack.descriptors.hdr
                0x00000000000000d2        0xe c:/program files/microchip/xc8/v2.50/avr/bin/../lib/gcc/avr/5.4.0/avrxmega2/memx-const/mapped\libgcc.a(_exit.o)

.note.GNU-stack
                0x0000000000000000        0x0
 .note.GNU-stack
                0x0000000000000000        0x0 c:/program files/microchip/xc8/v2.50/avr/bin/../lib/gcc/avr/5.4.0/../../../../avr/lib/avrxmega2/memx-const/mapped\libc.a(exit.o)
 .note.GNU-stack
                0x0000000000000000        0x0 c:/program files/microchip/xc8/v2.50/avr/bin/../lib/gcc/avr/5.4.0/../../../../avr/lib/avrxmega2/memx-const/mapped\libc.a(__sio_printf_s.o)
 .note.GNU-stack
                0x0000000000000000        0x0 c:/program files/microchip/xc8/v2.50/avr/bin/../lib/gcc/avr/5.4.0/../../../../avr/lib/avrxmega2/memx-const/mapped\libc.a(__fmt_s.o)
 .note.GNU-stack
                0x0000000000000000        0x0 c:/program files/microchip/xc8/v2.50/avr/bin/../lib/gcc/avr/5.4.0/../../../../avr/lib/avrxmega2/memx-const/mapped\libc.a(__printf_core.o)
 .note.GNU-stack
                0x0000000000000000        0x0 c:/program files/microchip/xc8/v2.50/avr/bin/../lib/gcc/avr/5.4.0/../../../../avr/lib/avrxmega2/memx-const/mapped\libc.a(fputc.o)
 .note.GNU-stack
                0x0000000000000000        0x0 c:/program files/microchip/xc8/v2.50/avr/bin/../lib/gcc/avr/5.4.0/../../../../avr/lib/avrxmega2/memx-const/mapped\libc.a(stdout.o)
 .note.GNU-stack
                0x0000000000000000        0x0 c:/program files/microchip/xc8/v2.50/avr/bin/../lib/gcc/avr/5.4.0/../../../../avr/lib/avrxmega2/memx-const/mapped\libc.a(memcpy.o)
 .note.GNU-stack
                0x0000000000000000        0x0 c:/program files/microchip/xc8/v2.50/avr/bin/../lib/gcc/avr/5.4.0/../../../../avr/lib/avrxmega2/memx-const/mapped\libc.a(memset.o)
 .note.GNU-stack
                0x0000000000000000        0x0 c:/program files/microchip/xc8/v2.50/avr/bin/../lib/gcc/avr/5.4.0/../../../../avr/lib/avrxmega2/memx-const/mapped\libc.a(strlen.o)
 .note.GNU-stack
                0x0000000000000000        0x0 c:/program files/microchip/xc8/v2.50/avr/bin/../lib/gcc/avr/5.4.0/../../../../avr/lib/avrxmega2/memx-const/mapped\libc.a(tolower.o)
 .note.GNU-stack
                0x0000000000000000        0x0 c:/program files/microchip/xc8/v2.50/avr/bin/../lib/gcc/avr/5.4.0/../../../../avr/lib/avrxmega2/memx-const/mapped\libc.a(errno.o)
 .note.GNU-stack
                0x0000000000000000        0x0 c:/program files/microchip/xc8/v2.50/avr/bin/../lib/gcc/avr/5.4.0/../../../../avr/lib/avrxmega2/memx-const/mapped\libc.a(_Exit.o)
 .note.GNU-stack
                0x0000000000000000        0x0 c:/program files/microchip/xc8/v2.50/avr/bin/../lib/gcc/avr/5.4.0/../../../../avr/lib/avrxmega2/memx-const/mapped\libc.a(__int_vfprintf.o)

.note.gnu.build-id
 *(.note.gnu.build-id)

.debug
 *(.debug)

.line
 *(.line)

.debug_srcinfo
 *(.debug_srcinfo)

.debug_sfnames
 *(.debug_sfnames)

.debug_aranges  0x0000000000000000      0x800
 *(.debug_aranges)
 .debug_aranges
                0x0000000000000000       0x50 build/default/production/mcc_generated_files/freertos/kernel/MemMang/heap_4.o
 .debug_aranges
                0x0000000000000050       0x40 build/default/production/mcc_generated_files/freertos/kernel/portable/port.o
 .debug_aranges
                0x0000000000000090       0x40 build/default/production/mcc_generated_files/freertos/kernel/list.o
 .debug_aranges
                0x00000000000000d0       0xf0 build/default/production/mcc_generated_files/freertos/kernel/queue.o
 .debug_aranges
                0x00000000000001c0      0x170 build/default/production/mcc_generated_files/freertos/kernel/tasks.o
 .debug_aranges
                0x0000000000000330       0xb8 build/default/production/mcc_generated_files/freertos/kernel/timers.o
 .debug_aranges
                0x00000000000003e8       0x38 build/default/production/mcc_generated_files/freertos/freertos_interface.o
 .debug_aranges
                0x0000000000000420       0x20 build/default/production/mcc_generated_files/system/src/system.o
 .debug_aranges
                0x0000000000000440       0x70 build/default/production/mcc_generated_files/system/src/pins.o
 .debug_aranges
                0x00000000000004b0       0x20 build/default/production/mcc_generated_files/system/src/protected_io.o
 .debug_aranges
                0x00000000000004d0       0x18 build/default/production/mcc_generated_files/system/src/config_bits.o
 .debug_aranges
                0x00000000000004e8       0x30 build/default/production/mcc_generated_files/system/src/clock.o
 .debug_aranges
                0x0000000000000518       0x20 build/default/production/mcc_generated_files/system/src/interrupt.o
 .debug_aranges
                0x0000000000000538       0x98 build/default/production/mcc_generated_files/timer/src/tcb0.o
 .debug_aranges
                0x00000000000005d0       0x20 build/default/production/main.o
 .debug_aranges
                0x00000000000005f0      0x130 build/default/production/mcc_generated_files/uart/src/usart0.o
 .debug_aranges
                0x0000000000000720       0xe0 build/default/production/mcc_generated_files/uart/src/usart1.o

.debug_pubnames
 *(.debug_pubnames)

.debug_info     0x0000000000000000     0xee1b
 *(.debug_info .gnu.linkonce.wi.*)
 .debug_info    0x0000000000000000     0x1e0a C:/Users/janer/.mchp_packs/Microchip/AVR-Dx_DFP/2.6.303/xc8/avr/lib/avrxmega2/memx-const/mapped/crtavr64du32.o
 .debug_info    0x0000000000001e0a      0x950 build/default/production/mcc_generated_files/freertos/kernel/MemMang/heap_4.o
 .debug_info    0x000000000000275a      0x484 build/default/production/mcc_generated_files/freertos/kernel/portable/port.o
 .debug_info    0x0000000000002bde      0x58e build/default/production/mcc_generated_files/freertos/kernel/list.o
 .debug_info    0x000000000000316c     0x1f0c build/default/production/mcc_generated_files/freertos/kernel/queue.o
 .debug_info    0x0000000000005078     0x29cb build/default/production/mcc_generated_files/freertos/kernel/tasks.o
 .debug_info    0x0000000000007a43     0x165e build/default/production/mcc_generated_files/freertos/kernel/timers.o
 .debug_info    0x00000000000090a1      0x851 build/default/production/mcc_generated_files/freertos/freertos_interface.o
 .debug_info    0x00000000000098f2      0x323 build/default/production/mcc_generated_files/system/src/system.o
 .debug_info    0x0000000000009c15      0x8a0 build/default/production/mcc_generated_files/system/src/pins.o
 .debug_info    0x000000000000a4b5       0x79 build/default/production/mcc_generated_files/system/src/protected_io.o
 .debug_info    0x000000000000a52e      0x9ec build/default/production/mcc_generated_files/system/src/config_bits.o
 .debug_info    0x000000000000af1a      0xf77 build/default/production/mcc_generated_files/system/src/clock.o
 .debug_info    0x000000000000be91      0x3de build/default/production/mcc_generated_files/system/src/interrupt.o
 .debug_info    0x000000000000c26f      0x7df build/default/production/mcc_generated_files/timer/src/tcb0.o
 .debug_info    0x000000000000ca4e      0x28c build/default/production/main.o
 .debug_info    0x000000000000ccda     0x120f build/default/production/mcc_generated_files/uart/src/usart0.o
 .debug_info    0x000000000000dee9      0xf32 build/default/production/mcc_generated_files/uart/src/usart1.o

.debug_abbrev   0x0000000000000000     0x37c8
 *(.debug_abbrev)
 .debug_abbrev  0x0000000000000000     0x1c72 C:/Users/janer/.mchp_packs/Microchip/AVR-Dx_DFP/2.6.303/xc8/avr/lib/avrxmega2/memx-const/mapped/crtavr64du32.o
 .debug_abbrev  0x0000000000001c72      0x23c build/default/production/mcc_generated_files/freertos/kernel/MemMang/heap_4.o
 .debug_abbrev  0x0000000000001eae      0x116 build/default/production/mcc_generated_files/freertos/kernel/portable/port.o
 .debug_abbrev  0x0000000000001fc4      0x116 build/default/production/mcc_generated_files/freertos/kernel/list.o
 .debug_abbrev  0x00000000000020da      0x2aa build/default/production/mcc_generated_files/freertos/kernel/queue.o
 .debug_abbrev  0x0000000000002384      0x354 build/default/production/mcc_generated_files/freertos/kernel/tasks.o
 .debug_abbrev  0x00000000000026d8      0x324 build/default/production/mcc_generated_files/freertos/kernel/timers.o
 .debug_abbrev  0x00000000000029fc      0x14a build/default/production/mcc_generated_files/freertos/freertos_interface.o
 .debug_abbrev  0x0000000000002b46       0x58 build/default/production/mcc_generated_files/system/src/system.o
 .debug_abbrev  0x0000000000002b9e      0x14a build/default/production/mcc_generated_files/system/src/pins.o
 .debug_abbrev  0x0000000000002ce8       0x14 build/default/production/mcc_generated_files/system/src/protected_io.o
 .debug_abbrev  0x0000000000002cfc       0xd7 build/default/production/mcc_generated_files/system/src/config_bits.o
 .debug_abbrev  0x0000000000002dd3      0x135 build/default/production/mcc_generated_files/system/src/clock.o
 .debug_abbrev  0x0000000000002f08       0xfa build/default/production/mcc_generated_files/system/src/interrupt.o
 .debug_abbrev  0x0000000000003002      0x19d build/default/production/mcc_generated_files/timer/src/tcb0.o
 .debug_abbrev  0x000000000000319f       0x5d build/default/production/main.o
 .debug_abbrev  0x00000000000031fc      0x2f5 build/default/production/mcc_generated_files/uart/src/usart0.o
 .debug_abbrev  0x00000000000034f1      0x2d7 build/default/production/mcc_generated_files/uart/src/usart1.o

.debug_line     0x0000000000000000     0x4a3b
 *(.debug_line .debug_line.* .debug_line_end)
 .debug_line    0x0000000000000000      0x19e C:/Users/janer/.mchp_packs/Microchip/AVR-Dx_DFP/2.6.303/xc8/avr/lib/avrxmega2/memx-const/mapped/crtavr64du32.o
 .debug_line    0x000000000000019e      0x3f8 build/default/production/mcc_generated_files/freertos/kernel/MemMang/heap_4.o
 .debug_line    0x0000000000000596      0x254 build/default/production/mcc_generated_files/freertos/kernel/portable/port.o
 .debug_line    0x00000000000007ea      0x24d build/default/production/mcc_generated_files/freertos/kernel/list.o
 .debug_line    0x0000000000000a37      0xc66 build/default/production/mcc_generated_files/freertos/kernel/queue.o
 .debug_line    0x000000000000169d     0x1260 build/default/production/mcc_generated_files/freertos/kernel/tasks.o
 .debug_line    0x00000000000028fd      0x630 build/default/production/mcc_generated_files/freertos/kernel/timers.o
 .debug_line    0x0000000000002f2d      0x2a3 build/default/production/mcc_generated_files/freertos/freertos_interface.o
 .debug_line    0x00000000000031d0      0x17a build/default/production/mcc_generated_files/system/src/system.o
 .debug_line    0x000000000000334a      0x340 build/default/production/mcc_generated_files/system/src/pins.o
 .debug_line    0x000000000000368a       0x73 build/default/production/mcc_generated_files/system/src/protected_io.o
 .debug_line    0x00000000000036fd       0xef build/default/production/mcc_generated_files/system/src/config_bits.o
 .debug_line    0x00000000000037ec      0x1bc build/default/production/mcc_generated_files/system/src/clock.o
 .debug_line    0x00000000000039a8      0x188 build/default/production/mcc_generated_files/system/src/interrupt.o
 .debug_line    0x0000000000003b30      0x306 build/default/production/mcc_generated_files/timer/src/tcb0.o
 .debug_line    0x0000000000003e36       0x61 build/default/production/main.o
 .debug_line    0x0000000000003e97      0x6b3 build/default/production/mcc_generated_files/uart/src/usart0.o
 .debug_line    0x000000000000454a      0x4f1 build/default/production/mcc_generated_files/uart/src/usart1.o

.debug_frame    0x0000000000000000     0x1540
 *(.debug_frame)
 .debug_frame   0x0000000000000000       0xe0 build/default/production/mcc_generated_files/freertos/kernel/MemMang/heap_4.o
 .debug_frame   0x00000000000000e0       0x64 build/default/production/mcc_generated_files/freertos/kernel/portable/port.o
 .debug_frame   0x0000000000000144       0x88 build/default/production/mcc_generated_files/freertos/kernel/list.o
 .debug_frame   0x00000000000001cc      0x390 build/default/production/mcc_generated_files/freertos/kernel/queue.o
 .debug_frame   0x000000000000055c      0x578 build/default/production/mcc_generated_files/freertos/kernel/tasks.o
 .debug_frame   0x0000000000000ad4      0x22c build/default/production/mcc_generated_files/freertos/kernel/timers.o
 .debug_frame   0x0000000000000d00       0x90 build/default/production/mcc_generated_files/freertos/freertos_interface.o
 .debug_frame   0x0000000000000d90       0x24 build/default/production/mcc_generated_files/system/src/system.o
 .debug_frame   0x0000000000000db4      0x160 build/default/production/mcc_generated_files/system/src/pins.o
 .debug_frame   0x0000000000000f14       0x44 build/default/production/mcc_generated_files/system/src/clock.o
 .debug_frame   0x0000000000000f58       0x24 build/default/production/mcc_generated_files/system/src/interrupt.o
 .debug_frame   0x0000000000000f7c      0x114 build/default/production/mcc_generated_files/timer/src/tcb0.o
 .debug_frame   0x0000000000001090       0x24 build/default/production/main.o
 .debug_frame   0x00000000000010b4      0x2e0 build/default/production/mcc_generated_files/uart/src/usart0.o
 .debug_frame   0x0000000000001394      0x1ac build/default/production/mcc_generated_files/uart/src/usart1.o

.debug_str      0x0000000000000000     0x16a4
 *(.debug_str)
 .debug_str     0x0000000000000000      0xcdc C:/Users/janer/.mchp_packs/Microchip/AVR-Dx_DFP/2.6.303/xc8/avr/lib/avrxmega2/memx-const/mapped/crtavr64du32.o
 .debug_str     0x0000000000000cdc       0x76 build/default/production/mcc_generated_files/freertos/kernel/MemMang/heap_4.o
 .debug_str     0x0000000000000d52       0x37 build/default/production/mcc_generated_files/freertos/kernel/portable/port.o
 .debug_str     0x0000000000000d89       0x2b build/default/production/mcc_generated_files/freertos/kernel/list.o
 .debug_str     0x0000000000000db4      0x2b8 build/default/production/mcc_generated_files/freertos/kernel/queue.o
 .debug_str     0x000000000000106c      0x280 build/default/production/mcc_generated_files/freertos/kernel/tasks.o
 .debug_str     0x00000000000012ec      0x23d build/default/production/mcc_generated_files/freertos/kernel/timers.o
 .debug_str     0x0000000000001529       0x83 build/default/production/mcc_generated_files/freertos/freertos_interface.o
 .debug_str     0x00000000000015ac       0x70 build/default/production/mcc_generated_files/system/src/system.o
 .debug_str     0x000000000000161c       0x30 build/default/production/mcc_generated_files/system/src/pins.o
 .debug_str     0x000000000000164c        0x0 build/default/production/mcc_generated_files/system/src/config_bits.o
 .debug_str     0x000000000000164c       0x13 build/default/production/mcc_generated_files/system/src/clock.o
 .debug_str     0x000000000000165f       0x13 build/default/production/mcc_generated_files/system/src/interrupt.o
 .debug_str     0x0000000000001672        0x0 build/default/production/mcc_generated_files/timer/src/tcb0.o
 .debug_str     0x0000000000001672       0x12 build/default/production/main.o
 .debug_str     0x0000000000001684       0x10 build/default/production/mcc_generated_files/uart/src/usart0.o
 .debug_str     0x0000000000001694       0x10 build/default/production/mcc_generated_files/uart/src/usart1.o

.debug_loc      0x0000000000000000     0x4bfd
 *(.debug_loc)
 .debug_loc     0x0000000000000000      0x4db build/default/production/mcc_generated_files/freertos/kernel/MemMang/heap_4.o
 .debug_loc     0x00000000000004db       0xc8 build/default/production/mcc_generated_files/freertos/kernel/portable/port.o
 .debug_loc     0x00000000000005a3       0xb8 build/default/production/mcc_generated_files/freertos/kernel/list.o
 .debug_loc     0x000000000000065b     0x16d5 build/default/production/mcc_generated_files/freertos/kernel/queue.o
 .debug_loc     0x0000000000001d30     0x1ed4 build/default/production/mcc_generated_files/freertos/kernel/tasks.o
 .debug_loc     0x0000000000003c04      0xb8a build/default/production/mcc_generated_files/freertos/kernel/timers.o
 .debug_loc     0x000000000000478e       0x4c build/default/production/mcc_generated_files/freertos/freertos_interface.o
 .debug_loc     0x00000000000047da      0x23a build/default/production/mcc_generated_files/system/src/clock.o
 .debug_loc     0x0000000000004a14       0x2a build/default/production/mcc_generated_files/system/src/interrupt.o
 .debug_loc     0x0000000000004a3e      0x121 build/default/production/mcc_generated_files/uart/src/usart0.o
 .debug_loc     0x0000000000004b5f       0x9e build/default/production/mcc_generated_files/uart/src/usart1.o

.debug_macinfo
 *(.debug_macinfo)

.debug_weaknames
 *(.debug_weaknames)

.debug_funcnames
 *(.debug_funcnames)

.debug_typenames
 *(.debug_typenames)

.debug_varnames
 *(.debug_varnames)

.debug_pubtypes
 *(.debug_pubtypes)

.debug_ranges   0x0000000000000000      0x7f0
 *(.debug_ranges)
 .debug_ranges  0x0000000000000000       0x40 build/default/production/mcc_generated_files/freertos/kernel/MemMang/heap_4.o
 .debug_ranges  0x0000000000000040       0x30 build/default/production/mcc_generated_files/freertos/kernel/portable/port.o
 .debug_ranges  0x0000000000000070       0x30 build/default/production/mcc_generated_files/freertos/kernel/list.o
 .debug_ranges  0x00000000000000a0      0x128 build/default/production/mcc_generated_files/freertos/kernel/queue.o
 .debug_ranges  0x00000000000001c8      0x1e0 build/default/production/mcc_generated_files/freertos/kernel/tasks.o
 .debug_ranges  0x00000000000003a8       0xf8 build/default/production/mcc_generated_files/freertos/kernel/timers.o
 .debug_ranges  0x00000000000004a0       0x28 build/default/production/mcc_generated_files/freertos/freertos_interface.o
 .debug_ranges  0x00000000000004c8       0x10 build/default/production/mcc_generated_files/system/src/system.o
 .debug_ranges  0x00000000000004d8       0x60 build/default/production/mcc_generated_files/system/src/pins.o
 .debug_ranges  0x0000000000000538       0x20 build/default/production/mcc_generated_files/system/src/clock.o
 .debug_ranges  0x0000000000000558       0x10 build/default/production/mcc_generated_files/system/src/interrupt.o
 .debug_ranges  0x0000000000000568       0x88 build/default/production/mcc_generated_files/timer/src/tcb0.o
 .debug_ranges  0x00000000000005f0       0x10 build/default/production/main.o
 .debug_ranges  0x0000000000000600      0x120 build/default/production/mcc_generated_files/uart/src/usart0.o
 .debug_ranges  0x0000000000000720       0xd0 build/default/production/mcc_generated_files/uart/src/usart1.o

.debug_macro
 *(.debug_macro)
OUTPUT(dist/default/production/midi.X.production.elf elf32-avr)
LOAD linker stubs
LOAD data_init

.note.gnu.avr.deviceinfo
                0x0000000000000000       0x3c
 .note.gnu.avr.deviceinfo
                0x0000000000000000       0x3c C:/Users/janer/.mchp_packs/Microchip/AVR-Dx_DFP/2.6.303/xc8/avr/lib/avrxmega2/memx-const/mapped/crtavr64du32.o

.bss.xNumberOfSuccessfulFrees
                0x0000000000806d7b        0x2
 .bss.xNumberOfSuccessfulFrees
                0x0000000000806d7b        0x2 build/default/production/mcc_generated_files/freertos/kernel/MemMang/heap_4.o

.bss.xNumberOfSuccessfulAllocations
                0x0000000000806d7d        0x2
 .bss.xNumberOfSuccessfulAllocations
                0x0000000000806d7d        0x2 build/default/production/mcc_generated_files/freertos/kernel/MemMang/heap_4.o

.bss.xMinimumEverFreeBytesRemaining
                0x0000000000806d7f        0x2
 .bss.xMinimumEverFreeBytesRemaining
                0x0000000000806d7f        0x2 build/default/production/mcc_generated_files/freertos/kernel/MemMang/heap_4.o

.bss.xFreeBytesRemaining
                0x0000000000806d81        0x2
 .bss.xFreeBytesRemaining
                0x0000000000806d81        0x2 build/default/production/mcc_generated_files/freertos/kernel/MemMang/heap_4.o

.bss.pxEnd      0x0000000000806d83        0x2
 .bss.pxEnd     0x0000000000806d83        0x2 build/default/production/mcc_generated_files/freertos/kernel/MemMang/heap_4.o

.bss.xStart     0x0000000000806d77        0x4
 .bss.xStart    0x0000000000806d77        0x4 build/default/production/mcc_generated_files/freertos/kernel/MemMang/heap_4.o

.bss.ucHeap     0x0000000000806002      0xc00
 .bss.ucHeap    0x0000000000806002      0xc00 build/default/production/mcc_generated_files/freertos/kernel/MemMang/heap_4.o

.bss.xQueueRegistry
                0x0000000000806d62        0x8
 .bss.xQueueRegistry
                0x0000000000806d62        0x8 build/default/production/mcc_generated_files/freertos/kernel/queue.o
                0x0000000000806d62                xQueueRegistry

.bss.uxSchedulerSuspended
                0x0000000000806dbd        0x1
 .bss.uxSchedulerSuspended
                0x0000000000806dbd        0x1 build/default/production/mcc_generated_files/freertos/kernel/tasks.o

.bss.xIdleTaskHandles
                0x0000000000806d85        0x2
 .bss.xIdleTaskHandles
                0x0000000000806d85        0x2 build/default/production/mcc_generated_files/freertos/kernel/tasks.o

.bss.xNextTaskUnblockTime
                0x0000000000806d87        0x2
 .bss.xNextTaskUnblockTime
                0x0000000000806d87        0x2 build/default/production/mcc_generated_files/freertos/kernel/tasks.o

.bss.uxTaskNumber
                0x0000000000806dbe        0x1
 .bss.uxTaskNumber
                0x0000000000806dbe        0x1 build/default/production/mcc_generated_files/freertos/kernel/tasks.o

.bss.xNumOfOverflows
                0x0000000000806dbf        0x1
 .bss.xNumOfOverflows
                0x0000000000806dbf        0x1 build/default/production/mcc_generated_files/freertos/kernel/tasks.o

.bss.xYieldPendings
                0x0000000000806dc0        0x1
 .bss.xYieldPendings
                0x0000000000806dc0        0x1 build/default/production/mcc_generated_files/freertos/kernel/tasks.o

.bss.xPendedTicks
                0x0000000000806d89        0x2
 .bss.xPendedTicks
                0x0000000000806d89        0x2 build/default/production/mcc_generated_files/freertos/kernel/tasks.o

.bss.xSchedulerRunning
                0x0000000000806dc1        0x1
 .bss.xSchedulerRunning
                0x0000000000806dc1        0x1 build/default/production/mcc_generated_files/freertos/kernel/tasks.o

.bss.uxTopReadyPriority
                0x0000000000806dc2        0x1
 .bss.uxTopReadyPriority
                0x0000000000806dc2        0x1 build/default/production/mcc_generated_files/freertos/kernel/tasks.o

.bss.xTickCount
                0x0000000000806d8b        0x2
 .bss.xTickCount
                0x0000000000806d8b        0x2 build/default/production/mcc_generated_files/freertos/kernel/tasks.o

.bss.uxCurrentNumberOfTasks
                0x0000000000806dc3        0x1
 .bss.uxCurrentNumberOfTasks
                0x0000000000806dc3        0x1 build/default/production/mcc_generated_files/freertos/kernel/tasks.o

.bss.xSuspendedTaskList
                0x0000000000806d2c        0x9
 .bss.xSuspendedTaskList
                0x0000000000806d2c        0x9 build/default/production/mcc_generated_files/freertos/kernel/tasks.o

.bss.xPendingReadyList
                0x0000000000806d35        0x9
 .bss.xPendingReadyList
                0x0000000000806d35        0x9 build/default/production/mcc_generated_files/freertos/kernel/tasks.o

.bss.pxOverflowDelayedTaskList
                0x0000000000806d8d        0x2
 .bss.pxOverflowDelayedTaskList
                0x0000000000806d8d        0x2 build/default/production/mcc_generated_files/freertos/kernel/tasks.o

.bss.pxDelayedTaskList
                0x0000000000806d8f        0x2
 .bss.pxDelayedTaskList
                0x0000000000806d8f        0x2 build/default/production/mcc_generated_files/freertos/kernel/tasks.o

.bss.xDelayedTaskList2
                0x0000000000806d3e        0x9
 .bss.xDelayedTaskList2
                0x0000000000806d3e        0x9 build/default/production/mcc_generated_files/freertos/kernel/tasks.o

.bss.xDelayedTaskList1
                0x0000000000806d47        0x9
 .bss.xDelayedTaskList1
                0x0000000000806d47        0x9 build/default/production/mcc_generated_files/freertos/kernel/tasks.o

.bss.pxReadyTasksLists
                0x0000000000806cc2       0x24
 .bss.pxReadyTasksLists
                0x0000000000806cc2       0x24 build/default/production/mcc_generated_files/freertos/kernel/tasks.o

.bss.pxCurrentTCB
                0x0000000000806d91        0x2
 .bss.pxCurrentTCB
                0x0000000000806d91        0x2 build/default/production/mcc_generated_files/freertos/kernel/tasks.o
                0x0000000000806d91                pxCurrentTCB

.bss.xLastTime.4641
                0x0000000000806d93        0x2
 .bss.xLastTime.4641
                0x0000000000806d93        0x2 build/default/production/mcc_generated_files/freertos/kernel/timers.o

.bss.xTimerTaskHandle
                0x0000000000806d95        0x2
 .bss.xTimerTaskHandle
                0x0000000000806d95        0x2 build/default/production/mcc_generated_files/freertos/kernel/timers.o

.bss.xTimerQueue
                0x0000000000806d97        0x2
 .bss.xTimerQueue
                0x0000000000806d97        0x2 build/default/production/mcc_generated_files/freertos/kernel/timers.o

.bss.pxOverflowTimerList
                0x0000000000806d99        0x2
 .bss.pxOverflowTimerList
                0x0000000000806d99        0x2 build/default/production/mcc_generated_files/freertos/kernel/timers.o

.bss.pxCurrentTimerList
                0x0000000000806d9b        0x2
 .bss.pxCurrentTimerList
                0x0000000000806d9b        0x2 build/default/production/mcc_generated_files/freertos/kernel/timers.o

.bss.xActiveTimerList2
                0x0000000000806d50        0x9
 .bss.xActiveTimerList2
                0x0000000000806d50        0x9 build/default/production/mcc_generated_files/freertos/kernel/timers.o

.bss.xActiveTimerList1
                0x0000000000806d59        0x9
 .bss.xActiveTimerList1
                0x0000000000806d59        0x9 build/default/production/mcc_generated_files/freertos/kernel/timers.o

.bss.xQueue     0x0000000000806d9d        0x2
 .bss.xQueue    0x0000000000806d9d        0x2 build/default/production/mcc_generated_files/freertos/freertos_interface.o

.bss.IO_PF2_InterruptHandler
                0x0000000000806d9f        0x2
 .bss.IO_PF2_InterruptHandler
                0x0000000000806d9f        0x2 build/default/production/mcc_generated_files/system/src/pins.o

.bss.IO_PD6_InterruptHandler
                0x0000000000806da1        0x2
 .bss.IO_PD6_InterruptHandler
                0x0000000000806da1        0x2 build/default/production/mcc_generated_files/system/src/pins.o

.bss.IO_PD7_InterruptHandler
                0x0000000000806da3        0x2
 .bss.IO_PD7_InterruptHandler
                0x0000000000806da3        0x2 build/default/production/mcc_generated_files/system/src/pins.o

.bss.USART0_RxCompleteInterruptHandler
                0x0000000000806da5        0x2
 .bss.USART0_RxCompleteInterruptHandler
                0x0000000000806da5        0x2 build/default/production/mcc_generated_files/uart/src/usart0.o

.bss.USART0_TxCompleteInterruptHandler
                0x0000000000806da7        0x2
 .bss.USART0_TxCompleteInterruptHandler
                0x0000000000806da7        0x2 build/default/production/mcc_generated_files/uart/src/usart0.o

.bss.USART0_ParityErrorHandler
                0x0000000000806da9        0x2
 .bss.USART0_ParityErrorHandler
                0x0000000000806da9        0x2 build/default/production/mcc_generated_files/uart/src/usart0.o
                0x0000000000806da9                USART0_ParityErrorHandler

.bss.USART0_OverrunErrorHandler
                0x0000000000806dab        0x2
 .bss.USART0_OverrunErrorHandler
                0x0000000000806dab        0x2 build/default/production/mcc_generated_files/uart/src/usart0.o
                0x0000000000806dab                USART0_OverrunErrorHandler

.bss.USART0_FramingErrorHandler
                0x0000000000806dad        0x2
 .bss.USART0_FramingErrorHandler
                0x0000000000806dad        0x2 build/default/production/mcc_generated_files/uart/src/usart0.o
                0x0000000000806dad                USART0_FramingErrorHandler

.bss.usart0RxLastError
                0x0000000000806daf        0x2
 .bss.usart0RxLastError
                0x0000000000806daf        0x2 build/default/production/mcc_generated_files/uart/src/usart0.o

.bss.usart0RxStatusBuffer
                0x0000000000806c82       0x40
 .bss.usart0RxStatusBuffer
                0x0000000000806c82       0x40 build/default/production/mcc_generated_files/uart/src/usart0.o

.bss.usart0RxBuffer
                0x0000000000806ce6       0x20
 .bss.usart0RxBuffer
                0x0000000000806ce6       0x20 build/default/production/mcc_generated_files/uart/src/usart0.o

.bss.usart0RxCount
                0x0000000000806dc4        0x1
 .bss.usart0RxCount
                0x0000000000806dc4        0x1 build/default/production/mcc_generated_files/uart/src/usart0.o
                0x0000000000806dc4                usart0RxCount

.bss.usart0RxTail
                0x0000000000806dc5        0x1
 .bss.usart0RxTail
                0x0000000000806dc5        0x1 build/default/production/mcc_generated_files/uart/src/usart0.o

.bss.usart0RxHead
                0x0000000000806dc6        0x1
 .bss.usart0RxHead
                0x0000000000806dc6        0x1 build/default/production/mcc_generated_files/uart/src/usart0.o

.bss.usart0TxBuffer
                0x0000000000806c02       0x80
 .bss.usart0TxBuffer
                0x0000000000806c02       0x80 build/default/production/mcc_generated_files/uart/src/usart0.o

.bss.usart0TxBufferRemaining
                0x0000000000806dc7        0x1
 .bss.usart0TxBufferRemaining
                0x0000000000806dc7        0x1 build/default/production/mcc_generated_files/uart/src/usart0.o
                0x0000000000806dc7                usart0TxBufferRemaining

.bss.usart0TxTail
                0x0000000000806dc8        0x1
 .bss.usart0TxTail
                0x0000000000806dc8        0x1 build/default/production/mcc_generated_files/uart/src/usart0.o

.bss.USART1_ParityErrorHandler
                0x0000000000806db1        0x2
 .bss.USART1_ParityErrorHandler
                0x0000000000806db1        0x2 build/default/production/mcc_generated_files/uart/src/usart1.o
                0x0000000000806db1                USART1_ParityErrorHandler

.bss.USART1_OverrunErrorHandler
                0x0000000000806db3        0x2
 .bss.USART1_OverrunErrorHandler
                0x0000000000806db3        0x2 build/default/production/mcc_generated_files/uart/src/usart1.o
                0x0000000000806db3                USART1_OverrunErrorHandler

.bss.USART1_FramingErrorHandler
                0x0000000000806db5        0x2
 .bss.USART1_FramingErrorHandler
                0x0000000000806db5        0x2 build/default/production/mcc_generated_files/uart/src/usart1.o
                0x0000000000806db5                USART1_FramingErrorHandler

.bss.usart1RxLastError
                0x0000000000806db7        0x2
 .bss.usart1RxLastError
                0x0000000000806db7        0x2 build/default/production/mcc_generated_files/uart/src/usart1.o

.bss.__stdout   0x0000000000806dbb        0x2
 .bss.__stdout  0x0000000000806dbb        0x2 c:/program files/microchip/xc8/v2.50/avr/bin/../lib/gcc/avr/5.4.0/../../../../avr/lib/avrxmega2/memx-const/mapped\libc.a(stdout.o)

.rodata         0x000000000080812a       0x5f load address 0x000000000000012a
 .rodata        0x000000000080812a       0x5f build/default/production/mcc_generated_files/freertos/freertos_interface.o

.rodata         0x0000000000808189        0xd load address 0x0000000000000189
 .rodata        0x0000000000808189        0xd build/default/production/mcc_generated_files/freertos/kernel/timers.o

.rodata         0x0000000000808196        0x5 load address 0x0000000000000196
 .rodata        0x0000000000808196        0x5 build/default/production/mcc_generated_files/freertos/kernel/tasks.o

.rodata.uxTopUsedPriority
                0x000000000080819b        0x1 load address 0x000000000000019b
 .rodata.uxTopUsedPriority
                0x000000000080819b        0x1 build/default/production/mcc_generated_files/freertos/kernel/tasks.o

.text.vfpfcnvrt
                0x000000000000019c      0x3fc
 .text.vfpfcnvrt
                0x000000000000019c      0x3fc c:/program files/microchip/xc8/v2.50/avr/bin/../lib/gcc/avr/5.4.0/../../../../avr/lib/avrxmega2/memx-const/mapped\libc.a(__printf_core.o)
                0x000000000000019c                vfpfcnvrt

.text.xTaskCreate
                0x0000000000000598      0x262
 .text.xTaskCreate
                0x0000000000000598      0x262 build/default/production/mcc_generated_files/freertos/kernel/tasks.o
                0x0000000000000598                xTaskCreate

.text.xTaskIncrementTick
                0x00000000000007fa      0x232
 .text.xTaskIncrementTick
                0x00000000000007fa      0x232 build/default/production/mcc_generated_files/freertos/kernel/tasks.o
                0x00000000000007fa                xTaskIncrementTick

.text.prvTimerTask
                0x0000000000000a2c      0x1d0
 .text.prvTimerTask
                0x0000000000000a2c      0x1d0 build/default/production/mcc_generated_files/freertos/kernel/timers.o

.text.xTaskResumeAll
                0x0000000000000bfc      0x1c4
 .text.xTaskResumeAll
                0x0000000000000bfc      0x1c4 build/default/production/mcc_generated_files/freertos/kernel/tasks.o
                0x0000000000000bfc                xTaskResumeAll

.text.xTaskRemoveFromEventList
                0x0000000000000dc0      0x17c
 .text.xTaskRemoveFromEventList
                0x0000000000000dc0      0x17c build/default/production/mcc_generated_files/freertos/kernel/tasks.o
                0x0000000000000dc0                xTaskRemoveFromEventList

.text.pvPortMalloc
                0x0000000000000f3c      0x16c
 .text.pvPortMalloc
                0x0000000000000f3c      0x16c build/default/production/mcc_generated_files/freertos/kernel/MemMang/heap_4.o
                0x0000000000000f3c                pvPortMalloc

.text.xQueueGenericSend
                0x00000000000010a8      0x138
 .text.xQueueGenericSend
                0x00000000000010a8      0x138 build/default/production/mcc_generated_files/freertos/kernel/queue.o
                0x00000000000010a8                xQueueGenericSend

.text.xQueueReceive
                0x00000000000011e0      0x128
 .text.xQueueReceive
                0x00000000000011e0      0x128 build/default/production/mcc_generated_files/freertos/kernel/queue.o
                0x00000000000011e0                xQueueReceive

.text.prvAddCurrentTaskToDelayedList
                0x0000000000001308      0x116
 .text.prvAddCurrentTaskToDelayedList
                0x0000000000001308      0x116 build/default/production/mcc_generated_files/freertos/kernel/tasks.o

.text.vPortFree
                0x000000000000141e       0xf2
 .text.vPortFree
                0x000000000000141e       0xf2 build/default/production/mcc_generated_files/freertos/kernel/MemMang/heap_4.o
                0x000000000000141e                vPortFree

.text.PIN_MANAGER_Initialize
                0x0000000000001510       0xd6
 .text.PIN_MANAGER_Initialize
                0x0000000000001510       0xd6 build/default/production/mcc_generated_files/system/src/pins.o
                0x0000000000001510                PIN_MANAGER_Initialize

.text.xQueueGenericReset
                0x00000000000015e6       0xc6
 .text.xQueueGenericReset
                0x00000000000015e6       0xc6 build/default/production/mcc_generated_files/freertos/kernel/queue.o
                0x00000000000015e6                xQueueGenericReset

.text.xTaskPriorityDisinherit
                0x00000000000016ac       0xc6
 .text.xTaskPriorityDisinherit
                0x00000000000016ac       0xc6 build/default/production/mcc_generated_files/freertos/kernel/tasks.o
                0x00000000000016ac                xTaskPriorityDisinherit

.text.USART0_ReceiveISR
                0x0000000000001772       0xc4
 .text.USART0_ReceiveISR
                0x0000000000001772       0xc4 build/default/production/mcc_generated_files/uart/src/usart0.o
                0x0000000000001772                USART0_ReceiveISR

.text.prvCopyDataToQueue
                0x0000000000001836       0xbe
 .text.prvCopyDataToQueue
                0x0000000000001836       0xbe build/default/production/mcc_generated_files/freertos/kernel/queue.o

.text.vTaskStartScheduler
                0x00000000000018f4       0x9c
 .text.vTaskStartScheduler
                0x00000000000018f4       0x9c build/default/production/mcc_generated_files/freertos/kernel/tasks.o
                0x00000000000018f4                vTaskStartScheduler

.text.prvUnlockQueue
                0x0000000000001990       0x9a
 .text.prvUnlockQueue
                0x0000000000001990       0x9a build/default/production/mcc_generated_files/freertos/kernel/queue.o

.text.fputc     0x0000000000001a2a       0x98
 .text.fputc    0x0000000000001a2a       0x98 c:/program files/microchip/xc8/v2.50/avr/bin/../lib/gcc/avr/5.4.0/../../../../avr/lib/avrxmega2/memx-const/mapped\libc.a(fputc.o)
                0x0000000000001a2a                fputc
                0x0000000000001a2a                putc

.text.vTaskPlaceOnEventListRestricted
                0x0000000000001ac2       0x92
 .text.vTaskPlaceOnEventListRestricted
                0x0000000000001ac2       0x92 build/default/production/mcc_generated_files/freertos/kernel/tasks.o
                0x0000000000001ac2                vTaskPlaceOnEventListRestricted

.text.CLOCK_Initialize
                0x0000000000001b54       0x90
 .text.CLOCK_Initialize
                0x0000000000001b54       0x90 build/default/production/mcc_generated_files/system/src/clock.o
                0x0000000000001b54                CLOCK_Initialize

.text.xTaskDelayUntil
                0x0000000000001be4       0x8e
 .text.xTaskDelayUntil
                0x0000000000001be4       0x8e build/default/production/mcc_generated_files/freertos/kernel/tasks.o
                0x0000000000001be4                xTaskDelayUntil

.text.vQueueAddToRegistry
                0x0000000000001c72       0x8a
 .text.vQueueAddToRegistry
                0x0000000000001c72       0x8a build/default/production/mcc_generated_files/freertos/kernel/queue.o
                0x0000000000001c72                vQueueAddToRegistry

.text.xQueueGenericCreate
                0x0000000000001cfc       0x84
 .text.xQueueGenericCreate
                0x0000000000001cfc       0x84 build/default/production/mcc_generated_files/freertos/kernel/queue.o
                0x0000000000001cfc                xQueueGenericCreate

.text.prvSampleTimeNow
                0x0000000000001d80       0x84
 .text.prvSampleTimeNow
                0x0000000000001d80       0x84 build/default/production/mcc_generated_files/freertos/kernel/timers.o

.text.__printf_core
                0x0000000000001e04       0x78
 .text.__printf_core
                0x0000000000001e04       0x78 c:/program files/microchip/xc8/v2.50/avr/bin/../lib/gcc/avr/5.4.0/../../../../avr/lib/avrxmega2/memx-const/mapped\libc.a(__printf_core.o)
                0x0000000000001e04                __printf_core

.text.FreeRTOS_AppStart
                0x0000000000001e7c       0x74
 .text.FreeRTOS_AppStart
                0x0000000000001e7c       0x74 build/default/production/mcc_generated_files/freertos/freertos_interface.o
                0x0000000000001e7c                FreeRTOS_AppStart

.text.xTaskCheckForTimeOut
                0x0000000000001ef0       0x72
 .text.xTaskCheckForTimeOut
                0x0000000000001ef0       0x72 build/default/production/mcc_generated_files/freertos/kernel/tasks.o
                0x0000000000001ef0                xTaskCheckForTimeOut

.text.__pad     0x0000000000001f62       0x72
 .text.__pad    0x0000000000001f62       0x72 c:/program files/microchip/xc8/v2.50/avr/bin/../lib/gcc/avr/5.4.0/../../../../avr/lib/avrxmega2/memx-const/mapped\libc.a(__printf_core.o)
                0x0000000000001f62                __pad

.text.__vector_22
                0x0000000000001fd4       0x64
 .text.__vector_22
                0x0000000000001fd4       0x64 build/default/production/mcc_generated_files/system/src/pins.o
                0x0000000000001fd4                __vector_22

.text.vListInsert
                0x0000000000002038       0x62
 .text.vListInsert
                0x0000000000002038       0x62 build/default/production/mcc_generated_files/freertos/kernel/list.o
                0x0000000000002038                vListInsert

.text.prvQueueReceiveTask
                0x000000000000209a       0x60
 .text.prvQueueReceiveTask
                0x000000000000209a       0x60 build/default/production/mcc_generated_files/freertos/freertos_interface.o

.text.prvInsertTimerInActiveList
                0x00000000000020fa       0x5e
 .text.prvInsertTimerInActiveList
                0x00000000000020fa       0x5e build/default/production/mcc_generated_files/freertos/kernel/timers.o

.text.prvCheckForValidListAndQueue
                0x0000000000002158       0x5e
 .text.prvCheckForValidListAndQueue
                0x0000000000002158       0x5e build/default/production/mcc_generated_files/freertos/kernel/timers.o

.text.prvQueueSendTask
                0x00000000000021b6       0x5c
 .text.prvQueueSendTask
                0x00000000000021b6       0x5c build/default/production/mcc_generated_files/freertos/freertos_interface.o

.text.USART1_Initialize
                0x0000000000002212       0x5c
 .text.USART1_Initialize
                0x0000000000002212       0x5c build/default/production/mcc_generated_files/uart/src/usart1.o
                0x0000000000002212                USART1_Initialize

.text.read_prec_or_width
                0x000000000000226e       0x5c
 .text.read_prec_or_width
                0x000000000000226e       0x5c c:/program files/microchip/xc8/v2.50/avr/bin/../lib/gcc/avr/5.4.0/../../../../avr/lib/avrxmega2/memx-const/mapped\libc.a(__printf_core.o)

.text.prvProcessExpiredTimer
                0x00000000000022ca       0x56
 .text.prvProcessExpiredTimer
                0x00000000000022ca       0x56 build/default/production/mcc_generated_files/freertos/kernel/timers.o

.text.__vector_24
                0x0000000000002320       0x56
 .text.__vector_24
                0x0000000000002320       0x56 build/default/production/mcc_generated_files/system/src/pins.o
                0x0000000000002320                __vector_24

.text.__fmt_s   0x0000000000002376       0x54
 .text.__fmt_s  0x0000000000002376       0x54 c:/program files/microchip/xc8/v2.50/avr/bin/../lib/gcc/avr/5.4.0/../../../../avr/lib/avrxmega2/memx-const/mapped\libc.a(__fmt_s.o)
                0x0000000000002376                __fmt_s
                0x0000000000002376                __fmt_0_needed
                0x0000000000002376                __fmt_s_needed

.text.uxListRemove
                0x00000000000023ca       0x4e
 .text.uxListRemove
                0x00000000000023ca       0x4e build/default/production/mcc_generated_files/freertos/kernel/list.o
                0x00000000000023ca                uxListRemove

.text.USART0_TransmitISR
                0x0000000000002418       0x4a
 .text.USART0_TransmitISR
                0x0000000000002418       0x4a build/default/production/mcc_generated_files/uart/src/usart0.o
                0x0000000000002418                USART0_TransmitISR

.text.prvReloadTimer
                0x0000000000002462       0x48
 .text.prvReloadTimer
                0x0000000000002462       0x48 build/default/production/mcc_generated_files/freertos/kernel/timers.o

.text.__vector_19
                0x00000000000024aa       0x48
 .text.__vector_19
                0x00000000000024aa       0x48 build/default/production/mcc_generated_files/uart/src/usart0.o
                0x00000000000024aa                __vector_19

.text.__vector_20
                0x00000000000024f2       0x48
 .text.__vector_20
                0x00000000000024f2       0x48 build/default/production/mcc_generated_files/uart/src/usart0.o
                0x00000000000024f2                __vector_20

.text.xTimerCreateTimerTask
                0x000000000000253a       0x44
 .text.xTimerCreateTimerTask
                0x000000000000253a       0x44 build/default/production/mcc_generated_files/freertos/kernel/timers.o
                0x000000000000253a                xTimerCreateTimerTask

.text.__fmt_state
                0x000000000000257e       0x40
 .text.__fmt_state
                0x000000000000257e       0x40 c:/program files/microchip/xc8/v2.50/avr/bin/../lib/gcc/avr/5.4.0/../../../../avr/lib/avrxmega2/memx-const/mapped\libc.a(__printf_core.o)
                0x000000000000257e                __fmt_state

.text.vQueueWaitForMessageRestricted
                0x00000000000025be       0x3a
 .text.vQueueWaitForMessageRestricted
                0x00000000000025be       0x3a build/default/production/mcc_generated_files/freertos/kernel/queue.o
                0x00000000000025be                vQueueWaitForMessageRestricted

.text.__out     0x00000000000025f8       0x3a
 .text.__out    0x00000000000025f8       0x3a c:/program files/microchip/xc8/v2.50/avr/bin/../lib/gcc/avr/5.4.0/../../../../avr/lib/avrxmega2/memx-const/mapped\libc.a(__printf_core.o)
                0x00000000000025f8                __out

.text.prvResetNextTaskUnblockTime
                0x0000000000002632       0x38
 .text.prvResetNextTaskUnblockTime
                0x0000000000002632       0x38 build/default/production/mcc_generated_files/freertos/kernel/tasks.o

.text.prvCopyDataFromQueue
                0x000000000000266a       0x34
 .text.prvCopyDataFromQueue
                0x000000000000266a       0x34 build/default/production/mcc_generated_files/freertos/kernel/queue.o

.text.libgcc.prologue
                0x000000000000269e       0x32
 .text.libgcc.prologue
                0x000000000000269e       0x32 c:/program files/microchip/xc8/v2.50/avr/bin/../lib/gcc/avr/5.4.0/avrxmega2/memx-const/mapped\libgcc.a(_prologue.o)
                0x000000000000269e                __prologue_saves__

.text.__wrap_printf
                0x00000000000026d0       0x30
 .text.__wrap_printf
                0x00000000000026d0       0x30 c:/program files/microchip/xc8/v2.50/avr/bin/../lib/gcc/avr/5.4.0/../../../../avr/lib/avrxmega2/memx-const/mapped\libc.a(__sio_printf_s.o)
                0x00000000000026d0                _printf_s

.text.__vfprintf
                0x0000000000002700       0x30
 .text.__vfprintf
                0x0000000000002700       0x30 c:/program files/microchip/xc8/v2.50/avr/bin/../lib/gcc/avr/5.4.0/../../../../avr/lib/avrxmega2/memx-const/mapped\libc.a(__int_vfprintf.o)
                0x0000000000002700                __vfprintf

.text.libgcc.prologue
                0x0000000000002730       0x30
 .text.libgcc.prologue
                0x0000000000002730       0x30 c:/program files/microchip/xc8/v2.50/avr/bin/../lib/gcc/avr/5.4.0/avrxmega2/memx-const/mapped\libgcc.a(_epilogue.o)
                0x0000000000002730                __epilogue_restores__

.text.libgcc.div
                0x0000000000002760       0x28
 .text.libgcc.div
                0x0000000000002760       0x28 c:/program files/microchip/xc8/v2.50/avr/bin/../lib/gcc/avr/5.4.0/avrxmega2/memx-const/mapped\libgcc.a(_udivmodhi4.o)
                0x0000000000002760                __udivmodhi4

.text.pxPortInitialiseStack
                0x0000000000002788       0x26
 .text.pxPortInitialiseStack
                0x0000000000002788       0x26 build/default/production/mcc_generated_files/freertos/kernel/portable/port.o
                0x0000000000002788                pxPortInitialiseStack

.text.vTaskPlaceOnEventList
                0x00000000000027ae       0x24
 .text.vTaskPlaceOnEventList
                0x00000000000027ae       0x24 build/default/production/mcc_generated_files/freertos/kernel/tasks.o
                0x00000000000027ae                vTaskPlaceOnEventList

.text.TCB0_Initialize
                0x00000000000027d2       0x22
 .text.TCB0_Initialize
                0x00000000000027d2       0x22 build/default/production/mcc_generated_files/timer/src/tcb0.o
                0x00000000000027d2                TCB0_Initialize

.text.__vector_21
                0x00000000000027f4       0x20
 .text.__vector_21
                0x00000000000027f4       0x20 build/default/production/mcc_generated_files/uart/src/usart0.o
                0x00000000000027f4                __vector_21

.text.vListInitialise
                0x0000000000002814       0x1c
 .text.vListInitialise
                0x0000000000002814       0x1c build/default/production/mcc_generated_files/freertos/kernel/list.o
                0x0000000000002814                vListInitialise

.text.strlen    0x0000000000002830       0x1c
 .text.strlen   0x0000000000002830       0x1c c:/program files/microchip/xc8/v2.50/avr/bin/../lib/gcc/avr/5.4.0/../../../../avr/lib/avrxmega2/memx-const/mapped\libc.a(strlen.o)
                0x0000000000002830                strlen

.text.FreeRTOS_Initialize
                0x000000000000284c       0x1a
 .text.FreeRTOS_Initialize
                0x000000000000284c       0x1a build/default/production/mcc_generated_files/freertos/freertos_interface.o
                0x000000000000284c                FreeRTOS_Initialize

.text.SYSTEM_Initialize
                0x0000000000002866       0x1a
 .text.SYSTEM_Initialize
                0x0000000000002866       0x1a build/default/production/mcc_generated_files/system/src/system.o
                0x0000000000002866                SYSTEM_Initialize

.text.CPUINT_Initialize
                0x0000000000002880       0x1a
 .text.CPUINT_Initialize
                0x0000000000002880       0x1a build/default/production/mcc_generated_files/system/src/interrupt.o
                0x0000000000002880                CPUINT_Initialize

.text.USART1_printCHAR
                0x000000000000289a       0x18
 .text.USART1_printCHAR
                0x000000000000289a       0x18 build/default/production/mcc_generated_files/uart/src/usart1.o
                0x000000000000289a                USART1_printCHAR

.text.prvIsQueueEmpty
                0x00000000000028b2       0x16
 .text.prvIsQueueEmpty
                0x00000000000028b2       0x16 build/default/production/mcc_generated_files/freertos/kernel/queue.o

.text.vTaskInternalSetTimeOutState
                0x00000000000028c8       0x16
 .text.vTaskInternalSetTimeOutState
                0x00000000000028c8       0x16 build/default/production/mcc_generated_files/freertos/kernel/tasks.o
                0x00000000000028c8                vTaskInternalSetTimeOutState

.text.exit      0x00000000000028de       0x16
 .text.exit     0x00000000000028de       0x16 c:/program files/microchip/xc8/v2.50/avr/bin/../lib/gcc/avr/5.4.0/../../../../avr/lib/avrxmega2/memx-const/mapped\libc.a(exit.o)
                0x00000000000028de                exit

.text.memcpy    0x00000000000028f4       0x16
 .text.memcpy   0x00000000000028f4       0x16 c:/program files/microchip/xc8/v2.50/avr/bin/../lib/gcc/avr/5.4.0/../../../../avr/lib/avrxmega2/memx-const/mapped\libc.a(memcpy.o)
                0x00000000000028f4                memcpy

.text.xTaskGetTickCount
                0x000000000000290a       0x14
 .text.xTaskGetTickCount
                0x000000000000290a       0x14 build/default/production/mcc_generated_files/freertos/kernel/tasks.o
                0x000000000000290a                xTaskGetTickCount

.text.memset    0x000000000000291e       0x12
 .text.memset   0x000000000000291e       0x12 c:/program files/microchip/xc8/v2.50/avr/bin/../lib/gcc/avr/5.4.0/../../../../avr/lib/avrxmega2/memx-const/mapped\libc.a(memset.o)
                0x000000000000291e                memset

.text.prvIdleTask
                0x0000000000002930       0x10
 .text.prvIdleTask
                0x0000000000002930       0x10 build/default/production/mcc_generated_files/freertos/kernel/tasks.o

.text.tolower   0x0000000000002940       0x10
 .text.tolower  0x0000000000002940       0x10 c:/program files/microchip/xc8/v2.50/avr/bin/../lib/gcc/avr/5.4.0/../../../../avr/lib/avrxmega2/memx-const/mapped\libc.a(tolower.o)
                0x0000000000002940                tolower

.text.xPortStartScheduler
                0x0000000000002950        0xe
 .text.xPortStartScheduler
                0x0000000000002950        0xe build/default/production/mcc_generated_files/freertos/kernel/portable/port.o
                0x0000000000002950                xPortStartScheduler

.text.vTaskSuspendAll
                0x000000000000295e        0xc
 .text.vTaskSuspendAll
                0x000000000000295e        0xc build/default/production/mcc_generated_files/freertos/kernel/tasks.o
                0x000000000000295e                vTaskSuspendAll

.text.TCB0_Start
                0x000000000000296a        0xc
 .text.TCB0_Start
                0x000000000000296a        0xc build/default/production/mcc_generated_files/timer/src/tcb0.o
                0x000000000000296a                TCB0_Start

.text.TCB0_EnableCaptInterrupt
                0x0000000000002976        0xc
 .text.TCB0_EnableCaptInterrupt
                0x0000000000002976        0xc build/default/production/mcc_generated_files/timer/src/tcb0.o
                0x0000000000002976                TCB0_EnableCaptInterrupt

.text.USART1_IsTxReady
                0x0000000000002982        0xc
 .text.USART1_IsTxReady
                0x0000000000002982        0xc build/default/production/mcc_generated_files/uart/src/usart1.o
                0x0000000000002982                USART1_IsTxReady

.text.libgcc    0x000000000000298e        0xc
 .text.libgcc   0x000000000000298e        0xc c:/program files/microchip/xc8/v2.50/avr/bin/../lib/gcc/avr/5.4.0/avrxmega2/memx-const/mapped\libgcc.a(_tablejump2.o)
                0x000000000000298e                __tablejump2__

.text.__vector_9
                0x000000000000299a        0xa
 .text.__vector_9
                0x000000000000299a        0xa build/default/production/mcc_generated_files/system/src/pins.o
                0x000000000000299a                __vector_9

.text.__vector_23
                0x00000000000029a4        0xa
 .text.__vector_23
                0x00000000000029a4        0xa build/default/production/mcc_generated_files/system/src/pins.o
                0x00000000000029a4                __vector_23

.text.protected_write_io
                0x00000000000029ae        0xa
 .text.protected_write_io
                0x00000000000029ae        0xa build/default/production/mcc_generated_files/system/src/protected_io.o
                0x00000000000029ae                protected_write_io

.text.vListInitialiseItem
                0x00000000000029b8        0x8
 .text.vListInitialiseItem
                0x00000000000029b8        0x8 build/default/production/mcc_generated_files/freertos/kernel/list.o
                0x00000000000029b8                vListInitialiseItem

.text.vTaskMissedYield
                0x00000000000029c0        0x8
 .text.vTaskMissedYield
                0x00000000000029c0        0x8 build/default/production/mcc_generated_files/freertos/kernel/tasks.o
                0x00000000000029c0                vTaskMissedYield

.text.main      0x00000000000029c8        0x6
 .text.main     0x00000000000029c8        0x6 build/default/production/main.o
                0x00000000000029c8                main

.text           0x00000000000029ce        0x4
 .text          0x00000000000029ce        0x4 C:/Users/janer/.mchp_packs/Microchip/AVR-Dx_DFP/2.6.303/xc8/avr/lib/avrxmega2/memx-const/mapped/crtavr64du32.o
                0x00000000000029ce                __vector_28
                0x00000000000029ce                __vector_1
                0x00000000000029ce                __vector_32
                0x00000000000029ce                __vector_12
                0x00000000000029ce                __bad_interrupt
                0x00000000000029ce                __vector_6
                0x00000000000029ce                __vector_31
                0x00000000000029ce                __vector_3
                0x00000000000029ce                __vector_30
                0x00000000000029ce                __vector_25
                0x00000000000029ce                __vector_11
                0x00000000000029ce                __vector_13
                0x00000000000029ce                __vector_17
                0x00000000000029ce                __vector_7
                0x00000000000029ce                __vector_27
                0x00000000000029ce                __vector_5
                0x00000000000029ce                __vector_33
                0x00000000000029ce                __vector_4
                0x00000000000029ce                __vector_2
                0x00000000000029ce                __vector_15
                0x00000000000029ce                __vector_29
                0x00000000000029ce                __vector_8
                0x00000000000029ce                __vector_26
                0x00000000000029ce                __vector_14
                0x00000000000029ce                __vector_10
                0x00000000000029ce                __vector_16
                0x00000000000029ce                __vector_18

.text._Exit     0x00000000000029d2        0x4
 .text._Exit    0x00000000000029d2        0x4 c:/program files/microchip/xc8/v2.50/avr/bin/../lib/gcc/avr/5.4.0/../../../../avr/lib/avrxmega2/memx-const/mapped\libc.a(_Exit.o)
                0x00000000000029d2                _Exit

.text.vPortYield
                0x00000000000029d6        0x2
 .text.vPortYield
                0x00000000000029d6        0x2 build/default/production/mcc_generated_files/freertos/kernel/portable/port.o
                0x00000000000029d6                vPortYield

.text.IO_PD7_DefaultInterruptHandler
                0x00000000000029d8        0x2
 .text.IO_PD7_DefaultInterruptHandler
                0x00000000000029d8        0x2 build/default/production/mcc_generated_files/system/src/pins.o
                0x00000000000029d8                IO_PD7_DefaultInterruptHandler

.text.IO_PD6_DefaultInterruptHandler
                0x00000000000029da        0x2
 .text.IO_PD6_DefaultInterruptHandler
                0x00000000000029da        0x2 build/default/production/mcc_generated_files/system/src/pins.o
                0x00000000000029da                IO_PD6_DefaultInterruptHandler

.text.IO_PF2_DefaultInterruptHandler
                0x00000000000029dc        0x2
 .text.IO_PF2_DefaultInterruptHandler
                0x00000000000029dc        0x2 build/default/production/mcc_generated_files/system/src/pins.o
                0x00000000000029dc                IO_PF2_DefaultInterruptHandler

.text.USART1_DefaultFramingErrorCallback
                0x00000000000029de        0x2
 .text.USART1_DefaultFramingErrorCallback
                0x00000000000029de        0x2 build/default/production/mcc_generated_files/uart/src/usart1.o

.text.USART1_DefaultOverrunErrorCallback
                0x00000000000029e0        0x2
 .text.USART1_DefaultOverrunErrorCallback
                0x00000000000029e0        0x2 build/default/production/mcc_generated_files/uart/src/usart1.o

.text.USART1_DefaultParityErrorCallback
                0x00000000000029e2        0x2
 .text.USART1_DefaultParityErrorCallback
                0x00000000000029e2        0x2 build/default/production/mcc_generated_files/uart/src/usart1.o

.text.__dummy_fini
                0x00000000000029e4        0x2
 .text.__dummy_fini
                0x00000000000029e4        0x2 c:/program files/microchip/xc8/v2.50/avr/bin/../lib/gcc/avr/5.4.0/../../../../avr/lib/avrxmega2/memx-const/mapped\libc.a(exit.o)
                0x00000000000029e4                _fini

.text.__dummy_funcs_on_exit
                0x00000000000029e6        0x2
 .text.__dummy_funcs_on_exit
                0x00000000000029e6        0x2 c:/program files/microchip/xc8/v2.50/avr/bin/../lib/gcc/avr/5.4.0/../../../../avr/lib/avrxmega2/memx-const/mapped\libc.a(exit.o)
                0x00000000000029e6                __funcs_on_exit

.text.__dummy_simulator_exit
                0x00000000000029e8        0x2
 .text.__dummy_simulator_exit
                0x00000000000029e8        0x2 c:/program files/microchip/xc8/v2.50/avr/bin/../lib/gcc/avr/5.4.0/../../../../avr/lib/avrxmega2/memx-const/mapped\libc.a(exit.o)
                0x00000000000029e8                __simulator_exit

.rodata.state_table
                0x0000000000806d06       0x16 load address 0x00000000000029ea
 .rodata.state_table
                0x0000000000806d06       0x16 c:/program files/microchip/xc8/v2.50/avr/bin/../lib/gcc/avr/5.4.0/../../../../avr/lib/avrxmega2/memx-const/mapped\libc.a(__printf_core.o)

.data.USART1_stream
                0x0000000000806d1c       0x10 load address 0x0000000000002a00
 .data.USART1_stream
                0x0000000000806d1c       0x10 build/default/production/mcc_generated_files/uart/src/usart1.o
                0x0000000000806d1c                USART1_stream

.rodata.nuls.2781
                0x0000000000806d6a        0x7 load address 0x0000000000002a10
 .rodata.nuls.2781
                0x0000000000806d6a        0x7 c:/program files/microchip/xc8/v2.50/avr/bin/../lib/gcc/avr/5.4.0/../../../../avr/lib/avrxmega2/memx-const/mapped\libc.a(__fmt_s.o)

.rodata.nilstr.2962
                0x0000000000806d71        0x6 load address 0x0000000000002a17
 .rodata.nilstr.2962
                0x0000000000806d71        0x6 c:/program files/microchip/xc8/v2.50/avr/bin/../lib/gcc/avr/5.4.0/../../../../avr/lib/avrxmega2/memx-const/mapped\libc.a(__printf_core.o)

.data._stdout   0x0000000000806db9        0x2 load address 0x0000000000002a1d
 .data._stdout  0x0000000000806db9        0x2 c:/program files/microchip/xc8/v2.50/avr/bin/../lib/gcc/avr/5.4.0/../../../../avr/lib/avrxmega2/memx-const/mapped\libc.a(stdout.o)
                0x0000000000806db9                _stdout
