Archive member included to satisfy reference by file (symbol)

c:/program files/microchip/xc8/v2.50/avr/bin/../lib/gcc/avr/5.4.0/avrxmega2/memx-const/mapped\libgcc.a(_udivmodhi4.o)
                              build/default/production/mcc_generated_files/freertos/kernel/MemMang/heap_4.o (__udivmodhi4)
c:/program files/microchip/xc8/v2.50/avr/bin/../lib/gcc/avr/5.4.0/avrxmega2/memx-const/mapped\libgcc.a(_udivmodsi4.o)
                              build/default/production/modules/src/fsr.o (__udivmodsi4)
c:/program files/microchip/xc8/v2.50/avr/bin/../lib/gcc/avr/5.4.0/avrxmega2/memx-const/mapped\libgcc.a(_tablejump2.o)
                              build/default/production/mcc_generated_files/freertos/kernel/timers.o (__tablejump2__)
c:/program files/microchip/xc8/v2.50/avr/bin/../lib/gcc/avr/5.4.0/avrxmega2/memx-const/mapped\libgcc.a(_copy_data.o)
                              build/default/production/mcc_generated_files/freertos/kernel/tasks.o (__do_copy_data)
c:/program files/microchip/xc8/v2.50/avr/bin/../lib/gcc/avr/5.4.0/../../../../avr/lib/avrxmega2/memx-const/mapped\libc.a(exit.o)
                              C:/Users/janer/.mchp_packs/Microchip/AVR-Dx_DFP/2.6.303/xc8/avr/lib/avrxmega2/memx-const/mapped/crtavr64du32.o (exit)
c:/program files/microchip/xc8/v2.50/avr/bin/../lib/gcc/avr/5.4.0/../../../../avr/lib/avrxmega2/memx-const/mapped\libc.a(__sio_printf_doux.o)
                              build/default/production/modules/src/fsr.o (_printf_cdopuxX)
c:/program files/microchip/xc8/v2.50/avr/bin/../lib/gcc/avr/5.4.0/../../../../avr/lib/avrxmega2/memx-const/mapped\libc.a(__sio_printf_s.o)
                              build/default/production/mcc_generated_files/freertos/freertos_interface.o (_printf_s)
c:/program files/microchip/xc8/v2.50/avr/bin/../lib/gcc/avr/5.4.0/../../../../avr/lib/avrxmega2/memx-const/mapped\libc.a(__fmt_d.o)
                              c:/program files/microchip/xc8/v2.50/avr/bin/../lib/gcc/avr/5.4.0/../../../../avr/lib/avrxmega2/memx-const/mapped\libc.a(__sio_printf_doux.o) (__fmt_d_needed)
c:/program files/microchip/xc8/v2.50/avr/bin/../lib/gcc/avr/5.4.0/../../../../avr/lib/avrxmega2/memx-const/mapped\libc.a(__fmt_o.o)
                              c:/program files/microchip/xc8/v2.50/avr/bin/../lib/gcc/avr/5.4.0/../../../../avr/lib/avrxmega2/memx-const/mapped\libc.a(__sio_printf_doux.o) (__fmt_o_needed)
c:/program files/microchip/xc8/v2.50/avr/bin/../lib/gcc/avr/5.4.0/../../../../avr/lib/avrxmega2/memx-const/mapped\libc.a(__fmt_s.o)
                              c:/program files/microchip/xc8/v2.50/avr/bin/../lib/gcc/avr/5.4.0/../../../../avr/lib/avrxmega2/memx-const/mapped\libc.a(__sio_printf_doux.o) (__fmt_s_needed)
c:/program files/microchip/xc8/v2.50/avr/bin/../lib/gcc/avr/5.4.0/../../../../avr/lib/avrxmega2/memx-const/mapped\libc.a(__fmt_u.o)
                              c:/program files/microchip/xc8/v2.50/avr/bin/../lib/gcc/avr/5.4.0/../../../../avr/lib/avrxmega2/memx-const/mapped\libc.a(__fmt_d.o) (__cvt_u)
c:/program files/microchip/xc8/v2.50/avr/bin/../lib/gcc/avr/5.4.0/../../../../avr/lib/avrxmega2/memx-const/mapped\libc.a(__fmt_x.o)
                              c:/program files/microchip/xc8/v2.50/avr/bin/../lib/gcc/avr/5.4.0/../../../../avr/lib/avrxmega2/memx-const/mapped\libc.a(__sio_printf_doux.o) (__fmt_x_needed)
c:/program files/microchip/xc8/v2.50/avr/bin/../lib/gcc/avr/5.4.0/../../../../avr/lib/avrxmega2/memx-const/mapped\libc.a(__pop_int.o)
                              c:/program files/microchip/xc8/v2.50/avr/bin/../lib/gcc/avr/5.4.0/../../../../avr/lib/avrxmega2/memx-const/mapped\libc.a(__sio_printf_doux.o) (__pop_int_needed)
c:/program files/microchip/xc8/v2.50/avr/bin/../lib/gcc/avr/5.4.0/../../../../avr/lib/avrxmega2/memx-const/mapped\libc.a(__printf_core.o)
                              c:/program files/microchip/xc8/v2.50/avr/bin/../lib/gcc/avr/5.4.0/../../../../avr/lib/avrxmega2/memx-const/mapped\libc.a(__fmt_d.o) (__pad)
c:/program files/microchip/xc8/v2.50/avr/bin/../lib/gcc/avr/5.4.0/../../../../avr/lib/avrxmega2/memx-const/mapped\libc.a(fputc.o)
                              c:/program files/microchip/xc8/v2.50/avr/bin/../lib/gcc/avr/5.4.0/../../../../avr/lib/avrxmega2/memx-const/mapped\libc.a(__printf_core.o) (fputc)
c:/program files/microchip/xc8/v2.50/avr/bin/../lib/gcc/avr/5.4.0/../../../../avr/lib/avrxmega2/memx-const/mapped\libc.a(puts.o)
                              build/default/production/main.o (puts)
c:/program files/microchip/xc8/v2.50/avr/bin/../lib/gcc/avr/5.4.0/../../../../avr/lib/avrxmega2/memx-const/mapped\libc.a(stdout.o)
                              build/default/production/mcc_generated_files/uart/src/usart1.o (_stdout)
c:/program files/microchip/xc8/v2.50/avr/bin/../lib/gcc/avr/5.4.0/../../../../avr/lib/avrxmega2/memx-const/mapped\libc.a(memcpy.o)
                              build/default/production/mcc_generated_files/freertos/kernel/queue.o (memcpy)
[...]
Memory Configuration

Name             Origin             Length             Attributes
text             0x0000000000000000 0x0000000000010000 xr
data             0x0000000000806000 0x0000000000002000 rw !x
eeprom           0x0000000000810000 0x0000000000000100 rw !x
fuse             0x0000000000820000 0x0000000000000010 rw !x
lock             0x0000000000830000 0x0000000000000400 rw !x
signature        0x0000000000840000 0x0000000000000400 rw !x
user_signatures  0x0000000000850000 0x0000000000000400 rw !x
bootrow          0x0000000000860000 0x0000000000000400 rw !x
*default*        0x0000000000000000 0xffffffffffffffff

Linker script and memory map

Address of section .data set to 0x806000
                0x0000000000008000                __RODATA_PM_OFFSET__ = 0x8000
LOAD C:/Users/janer/.mchp_packs/Microchip/AVR-Dx_DFP/2.6.303/xc8/avr/lib/avrxmega2/memx-const/mapped/crtavr64du32.o
                0x0000000000000001                __MPLAB_BUILD = 0x1
LOAD build/default/production/mcc_generated_files/adc/src/adc0.o
LOAD build/default/production/mcc_generated_files/examples/UART_Example/uart_example.o
LOAD build/default/production/mcc_generated_files/freertos/kernel/MemMang/heap_4.o
LOAD build/default/production/mcc_generated_files/freertos/kernel/portable/port.o
LOAD build/default/production/mcc_generated_files/freertos/kernel/croutine.o
LOAD build/default/production/mcc_generated_files/freertos/kernel/event_groups.o
LOAD build/default/production/mcc_generated_files/freertos/kernel/list.o
LOAD build/default/production/mcc_generated_files/freertos/kernel/queue.o
LOAD build/default/production/mcc_generated_files/freertos/kernel/stream_buffer.o
LOAD build/default/production/mcc_generated_files/freertos/kernel/tasks.o
LOAD build/default/production/mcc_generated_files/freertos/kernel/timers.o
LOAD build/default/production/mcc_generated_files/freertos/support_files/common/partest.o
LOAD build/default/production/mcc_generated_files/freertos/support_files/common/regtest.o
LOAD build/default/production/mcc_generated_files/freertos/support_files/common/serial.o
LOAD build/default/production/mcc_generated_files/freertos/freertos_interface.o
LOAD build/default/production/mcc_generated_files/uart/src/usart0.o
LOAD build/default/production/mcc_generated_files/system/src/system.o
LOAD build/default/production/mcc_generated_files/system/src/pins.o
LOAD build/default/production/mcc_generated_files/system/src/protected_io.o
LOAD build/default/production/mcc_generated_files/system/src/config_bits.o
LOAD build/default/production/mcc_generated_files/system/src/clock.o
LOAD build/default/production/mcc_generated_files/system/src/interrupt.o
LOAD build/default/production/mcc_generated_files/timer/src/tcb0.o
LOAD build/default/production/mcc_generated_files/timer/src/delay.o
LOAD build/default/production/mcc_generated_files/uart/src/usart1.o
LOAD build/default/production/main.o
LOAD build/default/production/modules/src/fsr.o
START GROUP
LOAD c:/program files/microchip/xc8/v2.50/avr/bin/../lib/gcc/avr/5.4.0/../../../../avr/lib/avrxmega2/memx-const/mapped\libm.a
END GROUP
START GROUP
LOAD c:/program files/microchip/xc8/v2.50/avr/bin/../lib/gcc/avr/5.4.0/avrxmega2/memx-const/mapped\libgcc.a
LOAD c:/program files/microchip/xc8/v2.50/avr/bin/../lib/gcc/avr/5.4.0/../../../../avr/lib/avrxmega2/memx-const/mapped\libm.a
LOAD c:/program files/microchip/xc8/v2.50/avr/bin/../lib/gcc/avr/5.4.0/../../../../avr/lib/avrxmega2/memx-const/mapped\libc.a
LOAD C:/Users/janer/.mchp_packs/Microchip/AVR-Dx_DFP/2.6.303/xc8/avr/lib/avrxmega2/memx-const/mapped\libavr64du32.a
END GROUP
                [0x0000000000000000]                __TEXT_REGION_ORIGIN__ = DEFINED (__TEXT_REGION_ORIGIN__)?__TEXT_REGION_ORIGIN__:0x0
                [0x0000000000806000]                __DATA_REGION_ORIGIN__ = DEFINED (__DATA_REGION_ORIGIN__)?__DATA_REGION_ORIGIN__:0x802000
                [0x0000000000010000]                __TEXT_REGION_LENGTH__ = DEFINED (__TEXT_REGION_LENGTH__)?__TEXT_REGION_LENGTH__:0x100000
                [0x0000000000002000]                __DATA_REGION_LENGTH__ = DEFINED (__DATA_REGION_LENGTH__)?__DATA_REGION_LENGTH__:0xffa0
                [0x0000000000000100]                __EEPROM_REGION_LENGTH__ = DEFINED (__EEPROM_REGION_LENGTH__)?__EEPROM_REGION_LENGTH__:0x10000
                [0x0000000000000010]                __FUSE_REGION_LENGTH__ = DEFINED (__FUSE_REGION_LENGTH__)?__FUSE_REGION_LENGTH__:0x400
                0x0000000000000400                __LOCK_REGION_LENGTH__ = DEFINED (__LOCK_REGION_LENGTH__)?__LOCK_REGION_LENGTH__:0x400
                0x0000000000000400                __SIGNATURE_REGION_LENGTH__ = DEFINED (__SIGNATURE_REGION_LENGTH__)?__SIGNATURE_REGION_LENGTH__:0x400
                0x0000000000000400                __USER_SIGNATURE_REGION_LENGTH__ = DEFINED (__USER_SIGNATURE_REGION_LENGTH__)?__USER_SIGNATURE_REGION_LENGTH__:0x400
                0x0000000000000400                __BOOTROW_REGION_LENGTH__ = DEFINED (__BOOTROW_REGION_LENGTH__)?__BOOTROW_REGION_LENGTH__:0x400

.hash
 *(.hash)

.dynsym
 *(.dynsym)

.dynstr
 *(.dynstr)

.gnu.version
 *(.gnu.version)

.gnu.version_d
 *(.gnu.version_d)

.gnu.version_r
 *(.gnu.version_r)

.rel.init
 *(.rel.init)

.rela.init
 *(.rela.init)

.rel.text
 *(.rel.text)
 *(.rel.text.*)
 *(.rel.gnu.linkonce.t*)

.rela.text
 *(.rela.text)
 *(.rela.text.*)
 *(.rela.gnu.linkonce.t*)

.rel.fini
 *(.rel.fini)

.rela.fini
 *(.rela.fini)

.rel.rodata
 *(.rel.rodata)
 *(.rel.rodata.*)
 *(.rel.gnu.linkonce.r*)

.rela.rodata
 *(.rela.rodata)
 *(.rela.rodata.*)
 *(.rela.gnu.linkonce.r*)

.rel.data
 *(.rel.data)
 *(.rel.data.*)
 *(.rel.gnu.linkonce.d*)

.rela.data
 *(.rela.data)
 *(.rela.data.*)
 *(.rela.gnu.linkonce.d*)

.rel.ctors
 *(.rel.ctors)

.rela.ctors
 *(.rela.ctors)

.rel.dtors
 *(.rel.dtors)

.rela.dtors
 *(.rela.dtors)

.rel.got
 *(.rel.got)

.rela.got
 *(.rela.got)

.rel.bss
 *(.rel.bss)

.rela.bss
 *(.rela.bss)

.rel.plt
 *(.rel.plt)

.rela.plt
 *(.rela.plt)

.text           0x0000000000000000      0x11a
 *(.vectors)
 .vectors       0x0000000000000000       0x88 C:/Users/janer/.mchp_packs/Microchip/AVR-Dx_DFP/2.6.303/xc8/avr/lib/avrxmega2/memx-const/mapped/crtavr64du32.o
                0x0000000000000000                __vector_default
                0x0000000000000000                __vectors
 *(.vectors)
 *(.progmem.gcc*)
 *(.dinit)
 .dinit         0x0000000000000088       0x2b data_init
                0x00000000000000b4                . = ALIGN (0x2)
 *fill*         0x00000000000000b3        0x1 
                0x00000000000000b4                __trampolines_start = .
 *(.trampolines)
 .trampolines   0x00000000000000b4        0x0 linker stubs
 *(.trampolines*)
                0x00000000000000b4                __trampolines_end = .
 *libprintf_flt.a:*(.progmem.data)
 *libc.a:*(.progmem.data)
                0x00000000000000b4                . = ALIGN (0x2)
 *(.jumptables)
 *(.jumptables*)
 *(.lowtext)
 *(.lowtext*)
                0x00000000000000b4                __ctors_start = .
 *(.ctors)
                0x00000000000000b4                __ctors_end = .
                0x00000000000000b4                __dtors_start = .
 *(.dtors)
                0x00000000000000b4                __dtors_end = .
 SORT(*)(.ctors)
 SORT(*)(.dtors)
 *(.init0)
 .init0         0x00000000000000b4        0x0 C:/Users/janer/.mchp_packs/Microchip/AVR-Dx_DFP/2.6.303/xc8/avr/lib/avrxmega2/memx-const/mapped/crtavr64du32.o
                0x00000000000000b4                __init
 *(.init0)
 *(.init1)
 .init1         0x00000000000000b4       0x12 C:/Users/janer/.mchp_packs/Microchip/AVR-Dx_DFP/2.6.303/xc8/avr/lib/avrxmega2/memx-const/mapped/crtavr64du32.o
 *(.init1)
 *(.init2)
 .init2         0x00000000000000c6        0xc C:/Users/janer/.mchp_packs/Microchip/AVR-Dx_DFP/2.6.303/xc8/avr/lib/avrxmega2/memx-const/mapped/crtavr64du32.o
 *(.init2)
 *(.init3)
 *(.init3)
 *(.init4)
 .init4         0x00000000000000d2       0x3c c:/program files/microchip/xc8/v2.50/avr/bin/../lib/gcc/avr/5.4.0/avrxmega2/memx-const/mapped\libgcc.a(_copy_data.o)
                0x00000000000000d2                __do_copy_data
                0x0000000000000100                __do_clear_bss
 *(.init4)
 *(.init5)
 *(.init5)
 *(.init6)
 *(.init6)
 *(.init7)
 *(.init7)
 *(.init8)
 *(.init8)
 *(.init9)
 .init9         0x000000000000010e        0x8 C:/Users/janer/.mchp_packs/Microchip/AVR-Dx_DFP/2.6.303/xc8/avr/lib/avrxmega2/memx-const/mapped/crtavr64du32.o
 *(.init9)
                0x0000000000000116                . = ALIGN (0x2)
 *(.fini9)
 .fini9         0x0000000000000116        0x0 c:/program files/microchip/xc8/v2.50/avr/bin/../lib/gcc/avr/5.4.0/avrxmega2/memx-const/mapped\libgcc.a(_exit.o)
                0x0000000000000116                _exit
 *(.fini9)
 *(.fini8)
 *(.fini8)
 *(.fini7)
 *(.fini7)
 *(.fini6)
 *(.fini6)
 *(.fini5)
 *(.fini5)
 *(.fini4)
 *(.fini4)
 *(.fini3)
 *(.fini3)
 *(.fini2)
 *(.fini2)
 *(.fini1)
 *(.fini1)
 *(.fini0)
 .fini0         0x0000000000000116        0x4 c:/program files/microchip/xc8/v2.50/avr/bin/../lib/gcc/avr/5.4.0/avrxmega2/memx-const/mapped\libgcc.a(_exit.o)
 *(.fini0)
                0x000000000000011a                _etext = .

.data           0x0000000000806000        0x0 load address 0x000000000000011a
                [!provide]                        PROVIDE (__data_start, .)
 *(.gnu.linkonce.d*)
 *(.gnu.linkonce.r*)
                0x0000000000806000                . = ALIGN (0x2)
                0x0000000000806000                _edata = .
                [!provide]                        PROVIDE (__data_end, .)

.bss            0x0000000000806000        0x2
                [!provide]                        PROVIDE (__bss_start, .)
 *(COMMON)
 COMMON         0x0000000000806000        0x2 c:/program files/microchip/xc8/v2.50/avr/bin/../lib/gcc/avr/5.4.0/../../../../avr/lib/avrxmega2/memx-const/mapped\libc.a(errno.o)
                0x0000000000806000                __errno_val
                [!provide]                        PROVIDE (__bss_end, .)
                0x000000000000011a                __data_load_start = LOADADDR (.data)
                0x000000000000011a                __data_load_end = (__data_load_start + SIZEOF (.data))

.noinit         0x0000000000806002        0x0
                [!provide]                        PROVIDE (__noinit_start, .)
 *(.noinit*)
                [!provide]                        PROVIDE (__noinit_end, .)
                0x0000000000806002                _end = .

.eeprom         0x0000000000810000        0x0
 *(.eeprom*)
                0x0000000000810000                __eeprom_end = .

.fuse           0x0000000000820000        0xc
 *(.fuse)
 .fuse          0x0000000000820000        0xc build/default/production/mcc_generated_files/system/src/config_bits.o
                0x0000000000820000                __fuse
 *(.lfuse)
 *(.hfuse)
 *(.efuse)

.lock
 *(.lock*)

.signature
 *(.signature*)

.user_signatures
 *(.user_signatures*)

.bootrow
 *(.bootrow*)

.stab
 *(.stab)

.stabstr
 *(.stabstr)

.stab.excl
 *(.stab.excl)

.stab.exclstr
 *(.stab.exclstr)

.stab.index
 *(.stab.index)

.stab.indexstr
 *(.stab.indexstr)

.comment        0x0000000000000000       0x5b
 *(.comment)
 .comment       0x0000000000000000       0x2f build/default/production/mcc_generated_files/adc/src/adc0.o
                                         0x30 (size before relaxing)
 .comment       0x000000000000002f       0x30 build/default/production/mcc_generated_files/uart/src/usart0.o
 .comment       0x000000000000002f       0x30 build/default/production/mcc_generated_files/system/src/system.o
 .comment       0x000000000000002f       0x30 build/default/production/mcc_generated_files/system/src/pins.o
 .comment       0x000000000000002f       0x30 build/default/production/mcc_generated_files/system/src/config_bits.o
 .comment       0x000000000000002f       0x30 build/default/production/mcc_generated_files/system/src/clock.o
 .comment       0x000000000000002f       0x30 build/default/production/mcc_generated_files/system/src/interrupt.o
 .comment       0x000000000000002f       0x30 build/default/production/mcc_generated_files/timer/src/tcb0.o
 .comment       0x000000000000002f       0x30 build/default/production/mcc_generated_files/timer/src/delay.o
 .comment       0x000000000000002f       0x30 build/default/production/mcc_generated_files/uart/src/usart1.o
 .comment       0x000000000000002f       0x30 build/default/production/main.o
 .comment       0x000000000000002f       0x30 build/default/production/modules/src/fsr.o
 .comment       0x000000000000002f       0x2c c:/program files/microchip/xc8/v2.50/avr/bin/../lib/gcc/avr/5.4.0/../../../../avr/lib/avrxmega2/memx-const/mapped\libc.a(exit.o)
                                         0x2d (size before relaxing)
 .comment       0x000000000000005b       0x2d c:/program files/microchip/xc8/v2.50/avr/bin/../lib/gcc/avr/5.4.0/../../../../avr/lib/avrxmega2/memx-const/mapped\libc.a(__sio_printf_doux.o)
 .comment       0x000000000000005b       0x2d c:/program files/microchip/xc8/v2.50/avr/bin/../lib/gcc/avr/5.4.0/../../../../avr/lib/avrxmega2/memx-const/mapped\libc.a(__fmt_d.o)
 .comment       0x000000000000005b       0x2d c:/program files/microchip/xc8/v2.50/avr/bin/../lib/gcc/avr/5.4.0/../../../../avr/lib/avrxmega2/memx-const/mapped\libc.a(__fmt_o.o)
 .comment       0x000000000000005b       0x2d c:/program files/microchip/xc8/v2.50/avr/bin/../lib/gcc/avr/5.4.0/../../../../avr/lib/avrxmega2/memx-const/mapped\libc.a(__fmt_s.o)
 .comment       0x000000000000005b       0x2d c:/program files/microchip/xc8/v2.50/avr/bin/../lib/gcc/avr/5.4.0/../../../../avr/lib/avrxmega2/memx-const/mapped\libc.a(__fmt_u.o)
 .comment       0x000000000000005b       0x2d c:/program files/microchip/xc8/v2.50/avr/bin/../lib/gcc/avr/5.4.0/../../../../avr/lib/avrxmega2/memx-const/mapped\libc.a(__fmt_x.o)
 .comment       0x000000000000005b       0x2d c:/program files/microchip/xc8/v2.50/avr/bin/../lib/gcc/avr/5.4.0/../../../../avr/lib/avrxmega2/memx-const/mapped\libc.a(__pop_int.o)
 .comment       0x000000000000005b       0x2d c:/program files/microchip/xc8/v2.50/avr/bin/../lib/gcc/avr/5.4.0/../../../../avr/lib/avrxmega2/memx-const/mapped\libc.a(__printf_core.o)
 .comment       0x000000000000005b       0x2d c:/program files/microchip/xc8/v2.50/avr/bin/../lib/gcc/avr/5.4.0/../../../../avr/lib/avrxmega2/memx-const/mapped\libc.a(fputc.o)
 .comment       0x000000000000005b       0x2d c:/program files/microchip/xc8/v2.50/avr/bin/../lib/gcc/avr/5.4.0/../../../../avr/lib/avrxmega2/memx-const/mapped\libc.a(puts.o)
 .comment       0x000000000000005b       0x2d c:/program files/microchip/xc8/v2.50/avr/bin/../lib/gcc/avr/5.4.0/../../../../avr/lib/avrxmega2/memx-const/mapped\libc.a(stdout.o)
 .comment       0x000000000000005b       0x2d c:/program files/microchip/xc8/v2.50/avr/bin/../lib/gcc/avr/5.4.0/../../../../avr/lib/avrxmega2/memx-const/mapped\libc.a(strlen.o)
 .comment       0x000000000000005b       0x2d c:/program files/microchip/xc8/v2.50/avr/bin/../lib/gcc/avr/5.4.0/../../../../avr/lib/avrxmega2/memx-const/mapped\libc.a(tolower.o)
 .comment       0x000000000000005b       0x2d c:/program files/microchip/xc8/v2.50/avr/bin/../lib/gcc/avr/5.4.0/../../../../avr/lib/avrxmega2/memx-const/mapped\libc.a(toupper.o)
 .comment       0x000000000000005b       0x2d c:/program files/microchip/xc8/v2.50/avr/bin/../lib/gcc/avr/5.4.0/../../../../avr/lib/avrxmega2/memx-const/mapped\libc.a(errno.o)
 .comment       0x000000000000005b       0x2d c:/program files/microchip/xc8/v2.50/avr/bin/../lib/gcc/avr/5.4.0/../../../../avr/lib/avrxmega2/memx-const/mapped\libc.a(_Exit.o)
 .comment       0x000000000000005b       0x2d c:/program files/microchip/xc8/v2.50/avr/bin/../lib/gcc/avr/5.4.0/../../../../avr/lib/avrxmega2/memx-const/mapped\libc.a(__int_vfprintf.o)
 .comment       0x000000000000005b       0x2d c:/program files/microchip/xc8/v2.50/avr/bin/../lib/gcc/avr/5.4.0/../../../../avr/lib/avrxmega2/memx-const/mapped\libc.a(fputs.o)

.stack.descriptors.hdr
                0x0000000000000000      0x126
 .stack.descriptors.hdr
                0x0000000000000000        0xe c:/program files/microchip/xc8/v2.50/avr/bin/../lib/gcc/avr/5.4.0/avrxmega2/memx-const/mapped\libgcc.a(_udivmodsi4.o)
 .stack.descriptors.hdr
                0x000000000000000e        0xe c:/program files/microchip/xc8/v2.50/avr/bin/../lib/gcc/avr/5.4.0/../../../../avr/lib/avrxmega2/memx-const/mapped\libc.a(exit.o)
 .stack.descriptors.hdr
                0x000000000000001c        0xe c:/program files/microchip/xc8/v2.50/avr/bin/../lib/gcc/avr/5.4.0/../../../../avr/lib/avrxmega2/memx-const/mapped\libc.a(__sio_printf_doux.o)
 .stack.descriptors.hdr
                0x000000000000002a        0xe c:/program files/microchip/xc8/v2.50/avr/bin/../lib/gcc/avr/5.4.0/../../../../avr/lib/avrxmega2/memx-const/mapped\libc.a(__fmt_d.o)
 .stack.descriptors.hdr
                0x0000000000000038        0xe c:/program files/microchip/xc8/v2.50/avr/bin/../lib/gcc/avr/5.4.0/../../../../avr/lib/avrxmega2/memx-const/mapped\libc.a(__fmt_o.o)
 .stack.descriptors.hdr
                0x0000000000000046        0xe c:/program files/microchip/xc8/v2.50/avr/bin/../lib/gcc/avr/5.4.0/../../../../avr/lib/avrxmega2/memx-const/mapped\libc.a(__fmt_s.o)
 .stack.descriptors.hdr
                0x0000000000000054        0xe c:/program files/microchip/xc8/v2.50/avr/bin/../lib/gcc/avr/5.4.0/../../../../avr/lib/avrxmega2/memx-const/mapped\libc.a(__fmt_u.o)
 .stack.descriptors.hdr
                0x0000000000000062        0xe c:/program files/microchip/xc8/v2.50/avr/bin/../lib/gcc/avr/5.4.0/../../../../avr/lib/avrxmega2/memx-const/mapped\libc.a(__fmt_x.o)
 .stack.descriptors.hdr
                0x0000000000000070        0xe c:/program files/microchip/xc8/v2.50/avr/bin/../lib/gcc/avr/5.4.0/../../../../avr/lib/avrxmega2/memx-const/mapped\libc.a(__pop_int.o)
 .stack.descriptors.hdr
                0x000000000000007e        0xe c:/program files/microchip/xc8/v2.50/avr/bin/../lib/gcc/avr/5.4.0/../../../../avr/lib/avrxmega2/memx-const/mapped\libc.a(__printf_core.o)
 .stack.descriptors.hdr
                0x000000000000008c        0xe c:/program files/microchip/xc8/v2.50/avr/bin/../lib/gcc/avr/5.4.0/../../../../avr/lib/avrxmega2/memx-const/mapped\libc.a(fputc.o)
 .stack.descriptors.hdr
                0x000000000000009a        0xe c:/program files/microchip/xc8/v2.50/avr/bin/../lib/gcc/avr/5.4.0/../../../../avr/lib/avrxmega2/memx-const/mapped\libc.a(puts.o)
 .stack.descriptors.hdr
                0x00000000000000a8        0xe c:/program files/microchip/xc8/v2.50/avr/bin/../lib/gcc/avr/5.4.0/../../../../avr/lib/avrxmega2/memx-const/mapped\libc.a(stdout.o)
 .stack.descriptors.hdr
                0x00000000000000b6        0xe c:/program files/microchip/xc8/v2.50/avr/bin/../lib/gcc/avr/5.4.0/../../../../avr/lib/avrxmega2/memx-const/mapped\libc.a(strlen.o)
 .stack.descriptors.hdr
                0x00000000000000c4        0xe c:/program files/microchip/xc8/v2.50/avr/bin/../lib/gcc/avr/5.4.0/../../../../avr/lib/avrxmega2/memx-const/mapped\libc.a(tolower.o)
 .stack.descriptors.hdr
                0x00000000000000d2        0xe c:/program files/microchip/xc8/v2.50/avr/bin/../lib/gcc/avr/5.4.0/../../../../avr/lib/avrxmega2/memx-const/mapped\libc.a(toupper.o)
 .stack.descriptors.hdr
                0x00000000000000e0        0xe c:/program files/microchip/xc8/v2.50/avr/bin/../lib/gcc/avr/5.4.0/../../../../avr/lib/avrxmega2/memx-const/mapped\libc.a(errno.o)
 .stack.descriptors.hdr
                0x00000000000000ee        0xe c:/program files/microchip/xc8/v2.50/avr/bin/../lib/gcc/avr/5.4.0/../../../../avr/lib/avrxmega2/memx-const/mapped\libc.a(_Exit.o)
 .stack.descriptors.hdr
                0x00000000000000fc        0xe c:/program files/microchip/xc8/v2.50/avr/bin/../lib/gcc/avr/5.4.0/../../../../avr/lib/avrxmega2/memx-const/mapped\libc.a(__int_vfprintf.o)
 .stack.descriptors.hdr
                0x000000000000010a        0xe c:/program files/microchip/xc8/v2.50/avr/bin/../lib/gcc/avr/5.4.0/../../../../avr/lib/avrxmega2/memx-const/mapped\libc.a(fputs.o)
 .stack.descriptors.hdr
                0x0000000000000118        0xe c:/program files/microchip/xc8/v2.50/avr/bin/../lib/gcc/avr/5.4.0/avrxmega2/memx-const/mapped\libgcc.a(_exit.o)

.note.GNU-stack
                0x0000000000000000        0x0
 .note.GNU-stack
                0x0000000000000000        0x0 c:/program files/microchip/xc8/v2.50/avr/bin/../lib/gcc/avr/5.4.0/../../../../avr/lib/avrxmega2/memx-const/mapped\libc.a(exit.o)
 .note.GNU-stack
                0x0000000000000000        0x0 c:/program files/microchip/xc8/v2.50/avr/bin/../lib/gcc/avr/5.4.0/../../../../avr/lib/avrxmega2/memx-const/mapped\libc.a(__sio_printf_doux.o)
 .note.GNU-stack
                0x0000000000000000        0x0 c:/program files/microchip/xc8/v2.50/avr/bin/../lib/gcc/avr/5.4.0/../../../../avr/lib/avrxmega2/memx-const/mapped\libc.a(__fmt_d.o)
 .note.GNU-stack
                0x0000000000000000        0x0 c:/program files/microchip/xc8/v2.50/avr/bin/../lib/gcc/avr/5.4.0/../../../../avr/lib/avrxmega2/memx-const/mapped\libc.a(__fmt_o.o)
 .note.GNU-stack
                0x0000000000000000        0x0 c:/program files/microchip/xc8/v2.50/avr/bin/../lib/gcc/avr/5.4.0/../../../../avr/lib/avrxmega2/memx-const/mapped\libc.a(__fmt_s.o)
 .note.GNU-stack
                0x0000000000000000        0x0 c:/program files/microchip/xc8/v2.50/avr/bin/../lib/gcc/avr/5.4.0/../../../../avr/lib/avrxmega2/memx-const/mapped\libc.a(__fmt_u.o)
 .note.GNU-stack
                0x0000000000000000        0x0 c:/program files/microchip/xc8/v2.50/avr/bin/../lib/gcc/avr/5.4.0/../../../../avr/lib/avrxmega2/memx-const/mapped\libc.a(__fmt_x.o)
 .note.GNU-stack
                0x0000000000000000        0x0 c:/program files/microchip/xc8/v2.50/avr/bin/../lib/gcc/avr/5.4.0/../../../../avr/lib/avrxmega2/memx-const/mapped\libc.a(__pop_int.o)
 .note.GNU-stack
                0x0000000000000000        0x0 c:/program files/microchip/xc8/v2.50/avr/bin/../lib/gcc/avr/5.4.0/../../../../avr/lib/avrxmega2/memx-const/mapped\libc.a(__printf_core.o)
 .note.GNU-stack
                0x0000000000000000        0x0 c:/program files/microchip/xc8/v2.50/avr/bin/../lib/gcc/avr/5.4.0/../../../../avr/lib/avrxmega2/memx-const/mapped\libc.a(fputc.o)
 .note.GNU-stack
                0x0000000000000000        0x0 c:/program files/microchip/xc8/v2.50/avr/bin/../lib/gcc/avr/5.4.0/../../../../avr/lib/avrxmega2/memx-const/mapped\libc.a(puts.o)
 .note.GNU-stack
                0x0000000000000000        0x0 c:/program files/microchip/xc8/v2.50/avr/bin/../lib/gcc/avr/5.4.0/../../../../avr/lib/avrxmega2/memx-const/mapped\libc.a(stdout.o)
 .note.GNU-stack
                0x0000000000000000        0x0 c:/program files/microchip/xc8/v2.50/avr/bin/../lib/gcc/avr/5.4.0/../../../../avr/lib/avrxmega2/memx-const/mapped\libc.a(strlen.o)
 .note.GNU-stack
                0x0000000000000000        0x0 c:/program files/microchip/xc8/v2.50/avr/bin/../lib/gcc/avr/5.4.0/../../../../avr/lib/avrxmega2/memx-const/mapped\libc.a(tolower.o)
 .note.GNU-stack
                0x0000000000000000        0x0 c:/program files/microchip/xc8/v2.50/avr/bin/../lib/gcc/avr/5.4.0/../../../../avr/lib/avrxmega2/memx-const/mapped\libc.a(toupper.o)
 .note.GNU-stack
                0x0000000000000000        0x0 c:/program files/microchip/xc8/v2.50/avr/bin/../lib/gcc/avr/5.4.0/../../../../avr/lib/avrxmega2/memx-const/mapped\libc.a(errno.o)
 .note.GNU-stack
                0x0000000000000000        0x0 c:/program files/microchip/xc8/v2.50/avr/bin/../lib/gcc/avr/5.4.0/../../../../avr/lib/avrxmega2/memx-const/mapped\libc.a(_Exit.o)
 .note.GNU-stack
                0x0000000000000000        0x0 c:/program files/microchip/xc8/v2.50/avr/bin/../lib/gcc/avr/5.4.0/../../../../avr/lib/avrxmega2/memx-const/mapped\libc.a(__int_vfprintf.o)
 .note.GNU-stack
                0x0000000000000000        0x0 c:/program files/microchip/xc8/v2.50/avr/bin/../lib/gcc/avr/5.4.0/../../../../avr/lib/avrxmega2/memx-const/mapped\libc.a(fputs.o)

.note.gnu.build-id
 *(.note.gnu.build-id)

.debug
 *(.debug)

.line
 *(.line)

.debug_srcinfo
 *(.debug_srcinfo)

.debug_sfnames
 *(.debug_sfnames)

.debug_aranges  0x0000000000000000      0x528
 *(.debug_aranges)
 .debug_aranges
                0x0000000000000000       0xc0 build/default/production/mcc_generated_files/adc/src/adc0.o
 .debug_aranges
                0x00000000000000c0      0x130 build/default/production/mcc_generated_files/uart/src/usart0.o
 .debug_aranges
                0x00000000000001f0       0x20 build/default/production/mcc_generated_files/system/src/system.o
 .debug_aranges
                0x0000000000000210       0x90 build/default/production/mcc_generated_files/system/src/pins.o
 .debug_aranges
                0x00000000000002a0       0x20 build/default/production/mcc_generated_files/system/src/protected_io.o
 .debug_aranges
                0x00000000000002c0       0x18 build/default/production/mcc_generated_files/system/src/config_bits.o
 .debug_aranges
                0x00000000000002d8       0x30 build/default/production/mcc_generated_files/system/src/clock.o
 .debug_aranges
                0x0000000000000308       0x20 build/default/production/mcc_generated_files/system/src/interrupt.o
 .debug_aranges
                0x0000000000000328       0x98 build/default/production/mcc_generated_files/timer/src/tcb0.o
 .debug_aranges
                0x00000000000003c0       0x28 build/default/production/mcc_generated_files/timer/src/delay.o
 .debug_aranges
                0x00000000000003e8       0xe0 build/default/production/mcc_generated_files/uart/src/usart1.o
 .debug_aranges
                0x00000000000004c8       0x20 build/default/production/main.o
 .debug_aranges
                0x00000000000004e8       0x40 build/default/production/modules/src/fsr.o

.debug_pubnames
 *(.debug_pubnames)

.debug_info     0x0000000000000000     0x92de
 *(.debug_info .gnu.linkonce.wi.*)
 .debug_info    0x0000000000000000     0x1e0a C:/Users/janer/.mchp_packs/Microchip/AVR-Dx_DFP/2.6.303/xc8/avr/lib/avrxmega2/memx-const/mapped/crtavr64du32.o
 .debug_info    0x0000000000001e0a      0xde8 build/default/production/mcc_generated_files/adc/src/adc0.o
 .debug_info    0x0000000000002bf2     0x1217 build/default/production/mcc_generated_files/uart/src/usart0.o
 .debug_info    0x0000000000003e09      0x32b build/default/production/mcc_generated_files/system/src/system.o
 .debug_info    0x0000000000004134      0xa26 build/default/production/mcc_generated_files/system/src/pins.o
 .debug_info    0x0000000000004b5a       0x81 build/default/production/mcc_generated_files/system/src/protected_io.o
 .debug_info    0x0000000000004bdb      0x9f4 build/default/production/mcc_generated_files/system/src/config_bits.o
 .debug_info    0x00000000000055cf      0xf7f build/default/production/mcc_generated_files/system/src/clock.o
 .debug_info    0x000000000000654e      0x3e6 build/default/production/mcc_generated_files/system/src/interrupt.o
 .debug_info    0x0000000000006934      0x7e7 build/default/production/mcc_generated_files/timer/src/tcb0.o
 .debug_info    0x000000000000711b      0x43d build/default/production/mcc_generated_files/timer/src/delay.o
 .debug_info    0x0000000000007558      0xf3a build/default/production/mcc_generated_files/uart/src/usart1.o
 .debug_info    0x0000000000008492      0x66b build/default/production/main.o
 .debug_info    0x0000000000008afd      0x7e1 build/default/production/modules/src/fsr.o

.debug_abbrev   0x0000000000000000     0x2ebe
 *(.debug_abbrev)
 .debug_abbrev  0x0000000000000000     0x1c72 C:/Users/janer/.mchp_packs/Microchip/AVR-Dx_DFP/2.6.303/xc8/avr/lib/avrxmega2/memx-const/mapped/crtavr64du32.o
 .debug_abbrev  0x0000000000001c72      0x223 build/default/production/mcc_generated_files/adc/src/adc0.o
 .debug_abbrev  0x0000000000001e95      0x2f5 build/default/production/mcc_generated_files/uart/src/usart0.o
 .debug_abbrev  0x000000000000218a       0x58 build/default/production/mcc_generated_files/system/src/system.o
 .debug_abbrev  0x00000000000021e2      0x14a build/default/production/mcc_generated_files/system/src/pins.o
 .debug_abbrev  0x000000000000232c       0x14 build/default/production/mcc_generated_files/system/src/protected_io.o
 .debug_abbrev  0x0000000000002340       0xd7 build/default/production/mcc_generated_files/system/src/config_bits.o
 .debug_abbrev  0x0000000000002417      0x135 build/default/production/mcc_generated_files/system/src/clock.o
 .debug_abbrev  0x000000000000254c       0xfa build/default/production/mcc_generated_files/system/src/interrupt.o
 .debug_abbrev  0x0000000000002646      0x19d build/default/production/mcc_generated_files/timer/src/tcb0.o
 .debug_abbrev  0x00000000000027e3      0x12b build/default/production/mcc_generated_files/timer/src/delay.o
 .debug_abbrev  0x000000000000290e      0x2d7 build/default/production/mcc_generated_files/uart/src/usart1.o
 .debug_abbrev  0x0000000000002be5      0x114 build/default/production/main.o
 .debug_abbrev  0x0000000000002cf9      0x1c5 build/default/production/modules/src/fsr.o

.debug_line     0x0000000000000000     0x2313
 *(.debug_line .debug_line.* .debug_line_end)
 .debug_line    0x0000000000000000      0x19e C:/Users/janer/.mchp_packs/Microchip/AVR-Dx_DFP/2.6.303/xc8/avr/lib/avrxmega2/memx-const/mapped/crtavr64du32.o
 .debug_line    0x000000000000019e      0x3c6 build/default/production/mcc_generated_files/adc/src/adc0.o
 .debug_line    0x0000000000000564      0x6b3 build/default/production/mcc_generated_files/uart/src/usart0.o
 .debug_line    0x0000000000000c17      0x167 build/default/production/mcc_generated_files/system/src/system.o
 .debug_line    0x0000000000000d7e      0x3b4 build/default/production/mcc_generated_files/system/src/pins.o
 .debug_line    0x0000000000001132       0x73 build/default/production/mcc_generated_files/system/src/protected_io.o
 .debug_line    0x00000000000011a5       0xef build/default/production/mcc_generated_files/system/src/config_bits.o
 .debug_line    0x0000000000001294      0x1bc build/default/production/mcc_generated_files/system/src/clock.o
 .debug_line    0x0000000000001450      0x188 build/default/production/mcc_generated_files/system/src/interrupt.o
 .debug_line    0x00000000000015d8      0x306 build/default/production/mcc_generated_files/timer/src/tcb0.o
 .debug_line    0x00000000000018de      0x13e build/default/production/mcc_generated_files/timer/src/delay.o
 .debug_line    0x0000000000001a1c      0x4f1 build/default/production/mcc_generated_files/uart/src/usart1.o
 .debug_line    0x0000000000001f0d      0x180 build/default/production/main.o
 .debug_line    0x000000000000208d      0x286 build/default/production/modules/src/fsr.o

.debug_frame    0x0000000000000000      0xb78
 *(.debug_frame)
 .debug_frame   0x0000000000000000      0x23c build/default/production/mcc_generated_files/adc/src/adc0.o
 .debug_frame   0x000000000000023c      0x2e0 build/default/production/mcc_generated_files/uart/src/usart0.o
 .debug_frame   0x000000000000051c       0x24 build/default/production/mcc_generated_files/system/src/system.o
 .debug_frame   0x0000000000000540      0x1a0 build/default/production/mcc_generated_files/system/src/pins.o
 .debug_frame   0x00000000000006e0       0x44 build/default/production/mcc_generated_files/system/src/clock.o
 .debug_frame   0x0000000000000724       0x24 build/default/production/mcc_generated_files/system/src/interrupt.o
 .debug_frame   0x0000000000000748      0x114 build/default/production/mcc_generated_files/timer/src/tcb0.o
 .debug_frame   0x000000000000085c       0x34 build/default/production/mcc_generated_files/timer/src/delay.o
 .debug_frame   0x0000000000000890      0x1ac build/default/production/mcc_generated_files/uart/src/usart1.o
 .debug_frame   0x0000000000000a3c       0x34 build/default/production/main.o
 .debug_frame   0x0000000000000a70      0x108 build/default/production/modules/src/fsr.o

.debug_str      0x0000000000000000      0xe5d
 *(.debug_str)
 .debug_str     0x0000000000000000      0xcdc C:/Users/janer/.mchp_packs/Microchip/AVR-Dx_DFP/2.6.303/xc8/avr/lib/avrxmega2/memx-const/mapped/crtavr64du32.o
 .debug_str     0x0000000000000cdc       0x11 build/default/production/mcc_generated_files/adc/src/adc0.o
 .debug_str     0x0000000000000ced       0x10 build/default/production/mcc_generated_files/uart/src/usart0.o
 .debug_str     0x0000000000000cfd       0x6c build/default/production/mcc_generated_files/system/src/system.o
 .debug_str     0x0000000000000d69       0x30 build/default/production/mcc_generated_files/system/src/pins.o
 .debug_str     0x0000000000000d99        0x0 build/default/production/mcc_generated_files/system/src/config_bits.o
 .debug_str     0x0000000000000d99       0x13 build/default/production/mcc_generated_files/system/src/clock.o
 .debug_str     0x0000000000000dac       0x13 build/default/production/mcc_generated_files/system/src/interrupt.o
 .debug_str     0x0000000000000dbf        0x0 build/default/production/mcc_generated_files/timer/src/tcb0.o
 .debug_str     0x0000000000000dbf       0x26 build/default/production/mcc_generated_files/timer/src/delay.o
 .debug_str     0x0000000000000de5       0x10 build/default/production/mcc_generated_files/uart/src/usart1.o
 .debug_str     0x0000000000000df5       0x2f build/default/production/main.o
 .debug_str     0x0000000000000e24       0x39 build/default/production/modules/src/fsr.o

.debug_loc      0x0000000000000000      0x8ab
 *(.debug_loc)
 .debug_loc     0x0000000000000000       0x7e build/default/production/mcc_generated_files/adc/src/adc0.o
 .debug_loc     0x000000000000007e      0x121 build/default/production/mcc_generated_files/uart/src/usart0.o
 .debug_loc     0x000000000000019f      0x23a build/default/production/mcc_generated_files/system/src/clock.o
 .debug_loc     0x00000000000003d9       0x2a build/default/production/mcc_generated_files/system/src/interrupt.o
 .debug_loc     0x0000000000000403      0x15d build/default/production/mcc_generated_files/timer/src/delay.o
 .debug_loc     0x0000000000000560       0x9e build/default/production/mcc_generated_files/uart/src/usart1.o
 .debug_loc     0x00000000000005fe      0x2ad build/default/production/modules/src/fsr.o

.debug_macinfo
 *(.debug_macinfo)

.debug_weaknames
 *(.debug_weaknames)

.debug_funcnames
 *(.debug_funcnames)

.debug_typenames
 *(.debug_typenames)

.debug_varnames
 *(.debug_varnames)

.debug_pubtypes
 *(.debug_pubtypes)

.debug_ranges   0x0000000000000000      0x458
 *(.debug_ranges)
 .debug_ranges  0x0000000000000000       0xb0 build/default/production/mcc_generated_files/adc/src/adc0.o
 .debug_ranges  0x00000000000000b0      0x120 build/default/production/mcc_generated_files/uart/src/usart0.o
 .debug_ranges  0x00000000000001d0       0x10 build/default/production/mcc_generated_files/system/src/system.o
 .debug_ranges  0x00000000000001e0       0x80 build/default/production/mcc_generated_files/system/src/pins.o
 .debug_ranges  0x0000000000000260       0x20 build/default/production/mcc_generated_files/system/src/clock.o
 .debug_ranges  0x0000000000000280       0x10 build/default/production/mcc_generated_files/system/src/interrupt.o
 .debug_ranges  0x0000000000000290       0x88 build/default/production/mcc_generated_files/timer/src/tcb0.o
 .debug_ranges  0x0000000000000318       0x18 build/default/production/mcc_generated_files/timer/src/delay.o
 .debug_ranges  0x0000000000000330       0xd0 build/default/production/mcc_generated_files/uart/src/usart1.o
 .debug_ranges  0x0000000000000400       0x10 build/default/production/main.o
 .debug_ranges  0x0000000000000410       0x48 build/default/production/modules/src/fsr.o

.debug_macro
 *(.debug_macro)
OUTPUT(dist/default/production/mplab.X.production.elf elf32-avr)
LOAD linker stubs
LOAD data_init

.note.gnu.avr.deviceinfo
                0x0000000000000000       0x3c
 .note.gnu.avr.deviceinfo
                0x0000000000000000       0x3c C:/Users/janer/.mchp_packs/Microchip/AVR-Dx_DFP/2.6.303/xc8/avr/lib/avrxmega2/memx-const/mapped/crtavr64du32.o

.bss.ADC0_ErrorCallback
                0x0000000000806115        0x2
 .bss.ADC0_ErrorCallback
                0x0000000000806115        0x2 build/default/production/mcc_generated_files/adc/src/adc0.o
                0x0000000000806115                ADC0_ErrorCallback

.bss.ADC0_ResultReadyCallback
                0x0000000000806117        0x2
 .bss.ADC0_ResultReadyCallback
                0x0000000000806117        0x2 build/default/production/mcc_generated_files/adc/src/adc0.o
                0x0000000000806117                ADC0_ResultReadyCallback

.bss.ADC0_SampleReadyCallback
                0x0000000000806119        0x2
 .bss.ADC0_SampleReadyCallback
                0x0000000000806119        0x2 build/default/production/mcc_generated_files/adc/src/adc0.o
                0x0000000000806119                ADC0_SampleReadyCallback

.bss.USART0_RxCompleteInterruptHandler
                0x000000000080611b        0x2
 .bss.USART0_RxCompleteInterruptHandler
                0x000000000080611b        0x2 build/default/production/mcc_generated_files/uart/src/usart0.o

.bss.USART0_TxCompleteInterruptHandler
                0x000000000080611d        0x2
 .bss.USART0_TxCompleteInterruptHandler
                0x000000000080611d        0x2 build/default/production/mcc_generated_files/uart/src/usart0.o

.bss.USART0_ParityErrorHandler
                0x000000000080611f        0x2
 .bss.USART0_ParityErrorHandler
                0x000000000080611f        0x2 build/default/production/mcc_generated_files/uart/src/usart0.o
                0x000000000080611f                USART0_ParityErrorHandler

.bss.USART0_OverrunErrorHandler
                0x0000000000806121        0x2
 .bss.USART0_OverrunErrorHandler
                0x0000000000806121        0x2 build/default/production/mcc_generated_files/uart/src/usart0.o
                0x0000000000806121                USART0_OverrunErrorHandler

.bss.USART0_FramingErrorHandler
                0x0000000000806123        0x2
 .bss.USART0_FramingErrorHandler
                0x0000000000806123        0x2 build/default/production/mcc_generated_files/uart/src/usart0.o
                0x0000000000806123                USART0_FramingErrorHandler

.bss.usart0RxLastError
                0x0000000000806125        0x2
 .bss.usart0RxLastError
                0x0000000000806125        0x2 build/default/production/mcc_generated_files/uart/src/usart0.o

.bss.usart0RxStatusBuffer
                0x0000000000806082       0x40
 .bss.usart0RxStatusBuffer
                0x0000000000806082       0x40 build/default/production/mcc_generated_files/uart/src/usart0.o

.bss.usart0RxBuffer
                0x00000000008060c2       0x20
 .bss.usart0RxBuffer
                0x00000000008060c2       0x20 build/default/production/mcc_generated_files/uart/src/usart0.o

.bss.usart0RxCount
                0x000000000080613d        0x1
 .bss.usart0RxCount
                0x000000000080613d        0x1 build/default/production/mcc_generated_files/uart/src/usart0.o
                0x000000000080613d                usart0RxCount

.bss.usart0RxTail
                0x000000000080613e        0x1
 .bss.usart0RxTail
                0x000000000080613e        0x1 build/default/production/mcc_generated_files/uart/src/usart0.o

.bss.usart0RxHead
                0x000000000080613f        0x1
 .bss.usart0RxHead
                0x000000000080613f        0x1 build/default/production/mcc_generated_files/uart/src/usart0.o

.bss.usart0TxBuffer
                0x0000000000806002       0x80
 .bss.usart0TxBuffer
                0x0000000000806002       0x80 build/default/production/mcc_generated_files/uart/src/usart0.o

.bss.usart0TxBufferRemaining
                0x0000000000806140        0x1
 .bss.usart0TxBufferRemaining
                0x0000000000806140        0x1 build/default/production/mcc_generated_files/uart/src/usart0.o
                0x0000000000806140                usart0TxBufferRemaining

.bss.usart0TxTail
                0x0000000000806141        0x1
 .bss.usart0TxTail
                0x0000000000806141        0x1 build/default/production/mcc_generated_files/uart/src/usart0.o

.bss.IO_PF2_InterruptHandler
                0x0000000000806127        0x2
 .bss.IO_PF2_InterruptHandler
                0x0000000000806127        0x2 build/default/production/mcc_generated_files/system/src/pins.o

.bss.IO_PD2_InterruptHandler
                0x0000000000806129        0x2
 .bss.IO_PD2_InterruptHandler
                0x0000000000806129        0x2 build/default/production/mcc_generated_files/system/src/pins.o

.bss.IO_PD1_InterruptHandler
                0x000000000080612b        0x2
 .bss.IO_PD1_InterruptHandler
                0x000000000080612b        0x2 build/default/production/mcc_generated_files/system/src/pins.o

.bss.IO_PD6_InterruptHandler
                0x000000000080612d        0x2
 .bss.IO_PD6_InterruptHandler
                0x000000000080612d        0x2 build/default/production/mcc_generated_files/system/src/pins.o

.bss.IO_PD7_InterruptHandler
                0x000000000080612f        0x2
 .bss.IO_PD7_InterruptHandler
                0x000000000080612f        0x2 build/default/production/mcc_generated_files/system/src/pins.o

.bss.USART1_ParityErrorHandler
                0x0000000000806131        0x2
 .bss.USART1_ParityErrorHandler
                0x0000000000806131        0x2 build/default/production/mcc_generated_files/uart/src/usart1.o
                0x0000000000806131                USART1_ParityErrorHandler

.bss.USART1_OverrunErrorHandler
                0x0000000000806133        0x2
 .bss.USART1_OverrunErrorHandler
                0x0000000000806133        0x2 build/default/production/mcc_generated_files/uart/src/usart1.o
                0x0000000000806133                USART1_OverrunErrorHandler

.bss.USART1_FramingErrorHandler
                0x0000000000806135        0x2
 .bss.USART1_FramingErrorHandler
                0x0000000000806135        0x2 build/default/production/mcc_generated_files/uart/src/usart1.o
                0x0000000000806135                USART1_FramingErrorHandler

.bss.usart1RxLastError
                0x0000000000806137        0x2
 .bss.usart1RxLastError
                0x0000000000806137        0x2 build/default/production/mcc_generated_files/uart/src/usart1.o

.bss.__stdout   0x000000000080613b        0x2
 .bss.__stdout  0x000000000080613b        0x2 c:/program files/microchip/xc8/v2.50/avr/bin/../lib/gcc/avr/5.4.0/../../../../avr/lib/avrxmega2/memx-const/mapped\libc.a(stdout.o)

.rodata         0x000000000080811a       0x4d load address 0x000000000000011a
 .rodata        0x000000000080811a       0x4d build/default/production/modules/src/fsr.o

.rodata         0x0000000000808167       0x12 load address 0x0000000000000167
 .rodata        0x0000000000808167       0x12 build/default/production/main.o

.data.average_counter
                0x0000000000806142        0x1 load address 0x0000000000000179
 .data.average_counter
                0x0000000000806142        0x1 build/default/production/modules/src/fsr.o
                0x0000000000806142                average_counter

.text.vfpfcnvrt
                0x000000000000017a      0x3fc
 .text.vfpfcnvrt
                0x000000000000017a      0x3fc c:/program files/microchip/xc8/v2.50/avr/bin/../lib/gcc/avr/5.4.0/../../../../avr/lib/avrxmega2/memx-const/mapped\libc.a(__printf_core.o)
                0x000000000000017a                vfpfcnvrt

.text.__fmt_x   0x0000000000000576      0x1dc
 .text.__fmt_x  0x0000000000000576      0x1dc c:/program files/microchip/xc8/v2.50/avr/bin/../lib/gcc/avr/5.4.0/../../../../avr/lib/avrxmega2/memx-const/mapped\libc.a(__fmt_x.o)
                0x0000000000000576                __fmt_x_needed
                0x0000000000000576                __fmt_x

.text.PIN_MANAGER_Initialize
                0x0000000000000752       0xee
 .text.PIN_MANAGER_Initialize
                0x0000000000000752       0xee build/default/production/mcc_generated_files/system/src/pins.o
                0x0000000000000752                PIN_MANAGER_Initialize

.text.__fmt_d   0x0000000000000840       0xe4
 .text.__fmt_d  0x0000000000000840       0xe4 c:/program files/microchip/xc8/v2.50/avr/bin/../lib/gcc/avr/5.4.0/../../../../avr/lib/avrxmega2/memx-const/mapped\libc.a(__fmt_d.o)
                0x0000000000000840                __fmt_d
                0x0000000000000840                __fmt_d_needed

.text.__pop_int
                0x0000000000000924       0xd0
 .text.__pop_int
                0x0000000000000924       0xd0 c:/program files/microchip/xc8/v2.50/avr/bin/../lib/gcc/avr/5.4.0/../../../../avr/lib/avrxmega2/memx-const/mapped\libc.a(__pop_int.o)
                0x0000000000000924                __pop_int_needed
                0x0000000000000924                __pop_int

.text.__cvt_u   0x00000000000009f4       0xca
 .text.__cvt_u  0x00000000000009f4       0xca c:/program files/microchip/xc8/v2.50/avr/bin/../lib/gcc/avr/5.4.0/../../../../avr/lib/avrxmega2/memx-const/mapped\libc.a(__fmt_u.o)
                0x00000000000009f4                __cvt_u

.text.USART0_ReceiveISR
                0x0000000000000abe       0xc4
 .text.USART0_ReceiveISR
                0x0000000000000abe       0xc4 build/default/production/mcc_generated_files/uart/src/usart0.o
                0x0000000000000abe                USART0_ReceiveISR

.text.__fmt_o   0x0000000000000b82       0xb2
 .text.__fmt_o  0x0000000000000b82       0xb2 c:/program files/microchip/xc8/v2.50/avr/bin/../lib/gcc/avr/5.4.0/../../../../avr/lib/avrxmega2/memx-const/mapped\libc.a(__fmt_o.o)
                0x0000000000000b82                __fmt_o
                0x0000000000000b82                __fmt_o_needed

.text.fputc     0x0000000000000c34       0x98
 .text.fputc    0x0000000000000c34       0x98 c:/program files/microchip/xc8/v2.50/avr/bin/../lib/gcc/avr/5.4.0/../../../../avr/lib/avrxmega2/memx-const/mapped\libc.a(fputc.o)
                0x0000000000000c34                fputc
                0x0000000000000c34                putc

.text.CLOCK_Initialize
                0x0000000000000ccc       0x90
 .text.CLOCK_Initialize
                0x0000000000000ccc       0x90 build/default/production/mcc_generated_files/system/src/clock.o
                0x0000000000000ccc                CLOCK_Initialize

.text.__fmt_u   0x0000000000000d5c       0x8e
 .text.__fmt_u  0x0000000000000d5c       0x8e c:/program files/microchip/xc8/v2.50/avr/bin/../lib/gcc/avr/5.4.0/../../../../avr/lib/avrxmega2/memx-const/mapped\libc.a(__fmt_u.o)
                0x0000000000000d5c                __fmt_u_needed
                0x0000000000000d5c                __fmt_u

.text.play_note
                0x0000000000000dea       0x8c
 .text.play_note
                0x0000000000000dea       0x8c build/default/production/modules/src/fsr.o
                0x0000000000000dea                play_note

.text.__vector_22
                0x0000000000000e76       0x80
 .text.__vector_22
                0x0000000000000e76       0x80 build/default/production/mcc_generated_files/system/src/pins.o
                0x0000000000000e76                __vector_22

.text.__printf_core
                0x0000000000000ef6       0x78
 .text.__printf_core
                0x0000000000000ef6       0x78 c:/program files/microchip/xc8/v2.50/avr/bin/../lib/gcc/avr/5.4.0/../../../../avr/lib/avrxmega2/memx-const/mapped\libc.a(__printf_core.o)
                0x0000000000000ef6                __printf_core

.text.__pad     0x0000000000000f6e       0x72
 .text.__pad    0x0000000000000f6e       0x72 c:/program files/microchip/xc8/v2.50/avr/bin/../lib/gcc/avr/5.4.0/../../../../avr/lib/avrxmega2/memx-const/mapped\libc.a(__printf_core.o)
                0x0000000000000f6e                __pad

.text.fputs     0x0000000000000fe0       0x64
 .text.fputs    0x0000000000000fe0       0x64 c:/program files/microchip/xc8/v2.50/avr/bin/../lib/gcc/avr/5.4.0/../../../../avr/lib/avrxmega2/memx-const/mapped\libc.a(fputs.o)
                0x0000000000000fe0                fputs
                0x0000000000000fe0                fputs_unlocked

.text.__vector_31
                0x0000000000001044       0x62
 .text.__vector_31
                0x0000000000001044       0x62 build/default/production/mcc_generated_files/adc/src/adc0.o
                0x0000000000001044                __vector_31

.text.get_average
                0x00000000000010a6       0x5e
 .text.get_average
                0x00000000000010a6       0x5e build/default/production/modules/src/fsr.o
                0x00000000000010a6                get_average

.text.USART1_Initialize
                0x0000000000001104       0x5c
 .text.USART1_Initialize
                0x0000000000001104       0x5c build/default/production/mcc_generated_files/uart/src/usart1.o
                0x0000000000001104                USART1_Initialize

.text.read_prec_or_width
                0x0000000000001160       0x5c
 .text.read_prec_or_width
                0x0000000000001160       0x5c c:/program files/microchip/xc8/v2.50/avr/bin/../lib/gcc/avr/5.4.0/../../../../avr/lib/avrxmega2/memx-const/mapped\libc.a(__printf_core.o)

.text.__vector_33
                0x00000000000011bc       0x58
 .text.__vector_33
                0x00000000000011bc       0x58 build/default/production/mcc_generated_files/adc/src/adc0.o
                0x00000000000011bc                __vector_33

.text.__vector_32
                0x0000000000001214       0x58
 .text.__vector_32
                0x0000000000001214       0x58 build/default/production/mcc_generated_files/adc/src/adc0.o
                0x0000000000001214                __vector_32

.text.__vector_24
                0x000000000000126c       0x56
 .text.__vector_24
                0x000000000000126c       0x56 build/default/production/mcc_generated_files/system/src/pins.o
                0x000000000000126c                __vector_24

.text.main      0x00000000000012c2       0x54
 .text.main     0x00000000000012c2       0x54 build/default/production/main.o
                0x00000000000012c2                main

.text.__fmt_s   0x0000000000001316       0x54
 .text.__fmt_s  0x0000000000001316       0x54 c:/program files/microchip/xc8/v2.50/avr/bin/../lib/gcc/avr/5.4.0/../../../../avr/lib/avrxmega2/memx-const/mapped\libc.a(__fmt_s.o)
                0x0000000000001316                __fmt_s
                0x0000000000001316                __fmt_0_needed
                0x0000000000001316                __fmt_s_needed

.text.USART0_TransmitISR
                0x000000000000136a       0x4a
 .text.USART0_TransmitISR
                0x000000000000136a       0x4a build/default/production/mcc_generated_files/uart/src/usart0.o
                0x000000000000136a                USART0_TransmitISR

.text.__vector_19
                0x00000000000013b4       0x48
 .text.__vector_19
                0x00000000000013b4       0x48 build/default/production/mcc_generated_files/uart/src/usart0.o
                0x00000000000013b4                __vector_19

.text.__vector_20
                0x00000000000013fc       0x48
 .text.__vector_20
                0x00000000000013fc       0x48 build/default/production/mcc_generated_files/uart/src/usart0.o
                0x00000000000013fc                __vector_20

.text.get_initial_velocity
                0x0000000000001444       0x48
 .text.get_initial_velocity
                0x0000000000001444       0x48 build/default/production/modules/src/fsr.o
                0x0000000000001444                get_initial_velocity

.text.libgcc.div
                0x000000000000148c       0x44
 .text.libgcc.div
                0x000000000000148c       0x44 c:/program files/microchip/xc8/v2.50/avr/bin/../lib/gcc/avr/5.4.0/avrxmega2/memx-const/mapped\libgcc.a(_udivmodsi4.o)
                0x000000000000148c                __udivmodsi4

.text.__fmt_state
                0x00000000000014d0       0x40
 .text.__fmt_state
                0x00000000000014d0       0x40 c:/program files/microchip/xc8/v2.50/avr/bin/../lib/gcc/avr/5.4.0/../../../../avr/lib/avrxmega2/memx-const/mapped\libc.a(__printf_core.o)
                0x00000000000014d0                __fmt_state

.text.__out     0x0000000000001510       0x3a
 .text.__out    0x0000000000001510       0x3a c:/program files/microchip/xc8/v2.50/avr/bin/../lib/gcc/avr/5.4.0/../../../../avr/lib/avrxmega2/memx-const/mapped\libc.a(__printf_core.o)
                0x0000000000001510                __out

.text.libgcc.prologue
                0x000000000000154a       0x32
 .text.libgcc.prologue
                0x000000000000154a       0x32 c:/program files/microchip/xc8/v2.50/avr/bin/../lib/gcc/avr/5.4.0/avrxmega2/memx-const/mapped\libgcc.a(_prologue.o)
                0x000000000000154a                __prologue_saves__

.text.__wrap_printf
                0x000000000000157c       0x30
 .text.__wrap_printf
                0x000000000000157c       0x30 c:/program files/microchip/xc8/v2.50/avr/bin/../lib/gcc/avr/5.4.0/../../../../avr/lib/avrxmega2/memx-const/mapped\libc.a(__sio_printf_doux.o)
                0x000000000000157c                _printf_cdopuxX

.text.__vfprintf
                0x00000000000015ac       0x30
 .text.__vfprintf
                0x00000000000015ac       0x30 c:/program files/microchip/xc8/v2.50/avr/bin/../lib/gcc/avr/5.4.0/../../../../avr/lib/avrxmega2/memx-const/mapped\libc.a(__int_vfprintf.o)
                0x00000000000015ac                __vfprintf

.text.libgcc.prologue
                0x00000000000015dc       0x30
 .text.libgcc.prologue
                0x00000000000015dc       0x30 c:/program files/microchip/xc8/v2.50/avr/bin/../lib/gcc/avr/5.4.0/avrxmega2/memx-const/mapped\libgcc.a(_epilogue.o)
                0x00000000000015dc                __epilogue_restores__

.text.ADC0_Initialize
                0x000000000000160c       0x2a
 .text.ADC0_Initialize
                0x000000000000160c       0x2a build/default/production/mcc_generated_files/adc/src/adc0.o
                0x000000000000160c                ADC0_Initialize

.text.TCB0_Initialize
                0x0000000000001636       0x22
 .text.TCB0_Initialize
                0x0000000000001636       0x22 build/default/production/mcc_generated_files/timer/src/tcb0.o
                0x0000000000001636                TCB0_Initialize

.text.__vector_21
                0x0000000000001658       0x20
 .text.__vector_21
                0x0000000000001658       0x20 build/default/production/mcc_generated_files/uart/src/usart0.o
                0x0000000000001658                __vector_21

.text.ADC0_GetConversion
                0x0000000000001678       0x1e
 .text.ADC0_GetConversion
                0x0000000000001678       0x1e build/default/production/mcc_generated_files/adc/src/adc0.o
                0x0000000000001678                ADC0_GetConversion

.text.strlen    0x0000000000001696       0x1c
 .text.strlen   0x0000000000001696       0x1c c:/program files/microchip/xc8/v2.50/avr/bin/../lib/gcc/avr/5.4.0/../../../../avr/lib/avrxmega2/memx-const/mapped\libc.a(strlen.o)
                0x0000000000001696                strlen

.text.SYSTEM_Initialize
                0x00000000000016b2       0x1a
 .text.SYSTEM_Initialize
                0x00000000000016b2       0x1a build/default/production/mcc_generated_files/system/src/system.o
                0x00000000000016b2                SYSTEM_Initialize

.text.CPUINT_Initialize
                0x00000000000016cc       0x1a
 .text.CPUINT_Initialize
                0x00000000000016cc       0x1a build/default/production/mcc_generated_files/system/src/interrupt.o
                0x00000000000016cc                CPUINT_Initialize

.text.USART1_printCHAR
                0x00000000000016e6       0x18
 .text.USART1_printCHAR
                0x00000000000016e6       0x18 build/default/production/mcc_generated_files/uart/src/usart1.o
                0x00000000000016e6                USART1_printCHAR

.text.DELAY_milliseconds
                0x00000000000016fe       0x16
 .text.DELAY_milliseconds
                0x00000000000016fe       0x16 build/default/production/mcc_generated_files/timer/src/delay.o
                0x00000000000016fe                DELAY_milliseconds

.text.exit      0x0000000000001714       0x16
 .text.exit     0x0000000000001714       0x16 c:/program files/microchip/xc8/v2.50/avr/bin/../lib/gcc/avr/5.4.0/../../../../avr/lib/avrxmega2/memx-const/mapped\libc.a(exit.o)
                0x0000000000001714                exit

.text.ADC0_StartConversion
                0x000000000000172a       0x12
 .text.ADC0_StartConversion
                0x000000000000172a       0x12 build/default/production/mcc_generated_files/adc/src/adc0.o
                0x000000000000172a                ADC0_StartConversion

.text.puts      0x000000000000173c       0x12
 .text.puts     0x000000000000173c       0x12 c:/program files/microchip/xc8/v2.50/avr/bin/../lib/gcc/avr/5.4.0/../../../../avr/lib/avrxmega2/memx-const/mapped\libc.a(puts.o)
                0x000000000000173c                puts

.text.toupper   0x000000000000174e       0x12
 .text.toupper  0x000000000000174e       0x12 c:/program files/microchip/xc8/v2.50/avr/bin/../lib/gcc/avr/5.4.0/../../../../avr/lib/avrxmega2/memx-const/mapped\libc.a(toupper.o)
                0x000000000000174e                toupper

.text.tolower   0x0000000000001760       0x10
 .text.tolower  0x0000000000001760       0x10 c:/program files/microchip/xc8/v2.50/avr/bin/../lib/gcc/avr/5.4.0/../../../../avr/lib/avrxmega2/memx-const/mapped\libc.a(tolower.o)
                0x0000000000001760                tolower

.text.USART1_IsTxReady
                0x0000000000001770        0xc
 .text.USART1_IsTxReady
                0x0000000000001770        0xc build/default/production/mcc_generated_files/uart/src/usart1.o
                0x0000000000001770                USART1_IsTxReady

.text.__vector_9
                0x000000000000177c        0xa
 .text.__vector_9
                0x000000000000177c        0xa build/default/production/mcc_generated_files/system/src/pins.o
                0x000000000000177c                __vector_9

.text.__vector_23
                0x0000000000001786        0xa
 .text.__vector_23
                0x0000000000001786        0xa build/default/production/mcc_generated_files/system/src/pins.o
                0x0000000000001786                __vector_23

.text.protected_write_io
                0x0000000000001790        0xa
 .text.protected_write_io
                0x0000000000001790        0xa build/default/production/mcc_generated_files/system/src/protected_io.o
                0x0000000000001790                protected_write_io

.text.ADC0_IsConversionDone
                0x000000000000179a        0x8
 .text.ADC0_IsConversionDone
                0x000000000000179a        0x8 build/default/production/mcc_generated_files/adc/src/adc0.o
                0x000000000000179a                ADC0_IsConversionDone

.text           0x00000000000017a2        0x4
 .text          0x00000000000017a2        0x4 C:/Users/janer/.mchp_packs/Microchip/AVR-Dx_DFP/2.6.303/xc8/avr/lib/avrxmega2/memx-const/mapped/crtavr64du32.o
                0x00000000000017a2                __vector_28
                0x00000000000017a2                __vector_1
                0x00000000000017a2                __vector_12
                0x00000000000017a2                __bad_interrupt
                0x00000000000017a2                __vector_6
                0x00000000000017a2                __vector_3
                0x00000000000017a2                __vector_30
                0x00000000000017a2                __vector_25
                0x00000000000017a2                __vector_11
                0x00000000000017a2                __vector_13
                0x00000000000017a2                __vector_17
                0x00000000000017a2                __vector_7
                0x00000000000017a2                __vector_27
                0x00000000000017a2                __vector_5
                0x00000000000017a2                __vector_4
                0x00000000000017a2                __vector_2
                0x00000000000017a2                __vector_15
                0x00000000000017a2                __vector_29
                0x00000000000017a2                __vector_8
                0x00000000000017a2                __vector_26
                0x00000000000017a2                __vector_14
                0x00000000000017a2                __vector_10
                0x00000000000017a2                __vector_16
                0x00000000000017a2                __vector_18

.text._Exit     0x00000000000017a6        0x4
 .text._Exit    0x00000000000017a6        0x4 c:/program files/microchip/xc8/v2.50/avr/bin/../lib/gcc/avr/5.4.0/../../../../avr/lib/avrxmega2/memx-const/mapped\libc.a(_Exit.o)
                0x00000000000017a6                _Exit

.text.IO_PD7_DefaultInterruptHandler
                0x00000000000017aa        0x2
 .text.IO_PD7_DefaultInterruptHandler
                0x00000000000017aa        0x2 build/default/production/mcc_generated_files/system/src/pins.o
                0x00000000000017aa                IO_PD7_DefaultInterruptHandler

.text.IO_PD6_DefaultInterruptHandler
                0x00000000000017ac        0x2
 .text.IO_PD6_DefaultInterruptHandler
                0x00000000000017ac        0x2 build/default/production/mcc_generated_files/system/src/pins.o
                0x00000000000017ac                IO_PD6_DefaultInterruptHandler

.text.IO_PD1_DefaultInterruptHandler
                0x00000000000017ae        0x2
 .text.IO_PD1_DefaultInterruptHandler
                0x00000000000017ae        0x2 build/default/production/mcc_generated_files/system/src/pins.o
                0x00000000000017ae                IO_PD1_DefaultInterruptHandler

.text.IO_PD2_DefaultInterruptHandler
                0x00000000000017b0        0x2
 .text.IO_PD2_DefaultInterruptHandler
                0x00000000000017b0        0x2 build/default/production/mcc_generated_files/system/src/pins.o
                0x00000000000017b0                IO_PD2_DefaultInterruptHandler

.text.IO_PF2_DefaultInterruptHandler
                0x00000000000017b2        0x2
 .text.IO_PF2_DefaultInterruptHandler
                0x00000000000017b2        0x2 build/default/production/mcc_generated_files/system/src/pins.o
                0x00000000000017b2                IO_PF2_DefaultInterruptHandler

.text.USART1_DefaultFramingErrorCallback
                0x00000000000017b4        0x2
 .text.USART1_DefaultFramingErrorCallback
                0x00000000000017b4        0x2 build/default/production/mcc_generated_files/uart/src/usart1.o

.text.USART1_DefaultOverrunErrorCallback
                0x00000000000017b6        0x2
 .text.USART1_DefaultOverrunErrorCallback
                0x00000000000017b6        0x2 build/default/production/mcc_generated_files/uart/src/usart1.o

.text.USART1_DefaultParityErrorCallback
                0x00000000000017b8        0x2
 .text.USART1_DefaultParityErrorCallback
                0x00000000000017b8        0x2 build/default/production/mcc_generated_files/uart/src/usart1.o

.text.__dummy_fini
                0x00000000000017ba        0x2
 .text.__dummy_fini
                0x00000000000017ba        0x2 c:/program files/microchip/xc8/v2.50/avr/bin/../lib/gcc/avr/5.4.0/../../../../avr/lib/avrxmega2/memx-const/mapped\libc.a(exit.o)
                0x00000000000017ba                _fini

.text.__dummy_funcs_on_exit
                0x00000000000017bc        0x2
 .text.__dummy_funcs_on_exit
                0x00000000000017bc        0x2 c:/program files/microchip/xc8/v2.50/avr/bin/../lib/gcc/avr/5.4.0/../../../../avr/lib/avrxmega2/memx-const/mapped\libc.a(exit.o)
                0x00000000000017bc                __funcs_on_exit

.text.__dummy_simulator_exit
                0x00000000000017be        0x2
 .text.__dummy_simulator_exit
                0x00000000000017be        0x2 c:/program files/microchip/xc8/v2.50/avr/bin/../lib/gcc/avr/5.4.0/../../../../avr/lib/avrxmega2/memx-const/mapped\libc.a(exit.o)
                0x00000000000017be                __simulator_exit

.rodata.state_table
                0x00000000008060e2       0x16 load address 0x00000000000017c0
 .rodata.state_table
                0x00000000008060e2       0x16 c:/program files/microchip/xc8/v2.50/avr/bin/../lib/gcc/avr/5.4.0/../../../../avr/lib/avrxmega2/memx-const/mapped\libc.a(__printf_core.o)

.data.USART1_stream
                0x00000000008060f8       0x10 load address 0x00000000000017d6
 .data.USART1_stream
                0x00000000008060f8       0x10 build/default/production/mcc_generated_files/uart/src/usart1.o
                0x00000000008060f8                USART1_stream

.rodata.nuls.2781
                0x0000000000806108        0x7 load address 0x00000000000017e6
 .rodata.nuls.2781
                0x0000000000806108        0x7 c:/program files/microchip/xc8/v2.50/avr/bin/../lib/gcc/avr/5.4.0/../../../../avr/lib/avrxmega2/memx-const/mapped\libc.a(__fmt_s.o)

.rodata.nilstr.2962
                0x000000000080610f        0x6 load address 0x00000000000017ed
 .rodata.nilstr.2962
                0x000000000080610f        0x6 c:/program files/microchip/xc8/v2.50/avr/bin/../lib/gcc/avr/5.4.0/../../../../avr/lib/avrxmega2/memx-const/mapped\libc.a(__printf_core.o)

.data._stdout   0x0000000000806139        0x2 load address 0x00000000000017f3
 .data._stdout  0x0000000000806139        0x2 c:/program files/microchip/xc8/v2.50/avr/bin/../lib/gcc/avr/5.4.0/../../../../avr/lib/avrxmega2/memx-const/mapped\libc.a(stdout.o)
                0x0000000000806139                _stdout

.data.initial_velocity_counter
                0x0000000000806143        0x1 load address 0x00000000000017f5
 .data.initial_velocity_counter
                0x0000000000806143        0x1 build/default/production/modules/src/fsr.o
                0x0000000000806143                initial_velocity_counter
