Archive member included to satisfy reference by file (symbol)

c:/program files/microchip/xc8/v2.50/avr/bin/../lib/gcc/avr/5.4.0/avrxmega2/memx-const/mapped\libgcc.a(_udivmodhi4.o)
                              build/default/production/mcc_generated_files/freertos/kernel/MemMang/heap_4.o (__udivmodhi4)
c:/program files/microchip/xc8/v2.50/avr/bin/../lib/gcc/avr/5.4.0/avrxmega2/memx-const/mapped\libgcc.a(_tablejump2.o)
                              build/default/production/mcc_generated_files/freertos/kernel/timers.o (__tablejump2__)
c:/program files/microchip/xc8/v2.50/avr/bin/../lib/gcc/avr/5.4.0/avrxmega2/memx-const/mapped\libgcc.a(_copy_data.o)
                              build/default/production/mcc_generated_files/freertos/kernel/tasks.o (__do_copy_data)
c:/program files/microchip/xc8/v2.50/avr/bin/../lib/gcc/avr/5.4.0/../../../../avr/lib/avrxmega2/memx-const/mapped\libc.a(exit.o)
                              C:/Users/Mohammad/.mchp_packs/Microchip/AVR-Dx_DFP/2.6.303/xc8/avr/lib/avrxmega2/memx-const/mapped/crtavr64du32.o (exit)
c:/program files/microchip/xc8/v2.50/avr/bin/../lib/gcc/avr/5.4.0/../../../../avr/lib/avrxmega2/memx-const/mapped\libc.a(__sio_printf_doux.o)
                              build/default/production/mcc_generated_files/adc/src/adc0.o (_printf_cdopuxX)
c:/program files/microchip/xc8/v2.50/avr/bin/../lib/gcc/avr/5.4.0/../../../../avr/lib/avrxmega2/memx-const/mapped\libc.a(__sio_printf_s.o)
                              build/default/production/mcc_generated_files/freertos/freertos_interface.o (_printf_s)
c:/program files/microchip/xc8/v2.50/avr/bin/../lib/gcc/avr/5.4.0/../../../../avr/lib/avrxmega2/memx-const/mapped\libc.a(__fmt_d.o)
                              c:/program files/microchip/xc8/v2.50/avr/bin/../lib/gcc/avr/5.4.0/../../../../avr/lib/avrxmega2/memx-const/mapped\libc.a(__sio_printf_doux.o) (__fmt_d_needed)
c:/program files/microchip/xc8/v2.50/avr/bin/../lib/gcc/avr/5.4.0/../../../../avr/lib/avrxmega2/memx-const/mapped\libc.a(__fmt_o.o)
                              c:/program files/microchip/xc8/v2.50/avr/bin/../lib/gcc/avr/5.4.0/../../../../avr/lib/avrxmega2/memx-const/mapped\libc.a(__sio_printf_doux.o) (__fmt_o_needed)
c:/program files/microchip/xc8/v2.50/avr/bin/../lib/gcc/avr/5.4.0/../../../../avr/lib/avrxmega2/memx-const/mapped\libc.a(__fmt_s.o)
                              c:/program files/microchip/xc8/v2.50/avr/bin/../lib/gcc/avr/5.4.0/../../../../avr/lib/avrxmega2/memx-const/mapped\libc.a(__sio_printf_doux.o) (__fmt_s_needed)
c:/program files/microchip/xc8/v2.50/avr/bin/../lib/gcc/avr/5.4.0/../../../../avr/lib/avrxmega2/memx-const/mapped\libc.a(__fmt_u.o)
                              c:/program files/microchip/xc8/v2.50/avr/bin/../lib/gcc/avr/5.4.0/../../../../avr/lib/avrxmega2/memx-const/mapped\libc.a(__fmt_d.o) (__cvt_u)
c:/program files/microchip/xc8/v2.50/avr/bin/../lib/gcc/avr/5.4.0/../../../../avr/lib/avrxmega2/memx-const/mapped\libc.a(__fmt_x.o)
                              c:/program files/microchip/xc8/v2.50/avr/bin/../lib/gcc/avr/5.4.0/../../../../avr/lib/avrxmega2/memx-const/mapped\libc.a(__sio_printf_doux.o) (__fmt_x_needed)
c:/program files/microchip/xc8/v2.50/avr/bin/../lib/gcc/avr/5.4.0/../../../../avr/lib/avrxmega2/memx-const/mapped\libc.a(__pop_int.o)
                              c:/program files/microchip/xc8/v2.50/avr/bin/../lib/gcc/avr/5.4.0/../../../../avr/lib/avrxmega2/memx-const/mapped\libc.a(__sio_printf_doux.o) (__pop_int_needed)
c:/program files/microchip/xc8/v2.50/avr/bin/../lib/gcc/avr/5.4.0/../../../../avr/lib/avrxmega2/memx-const/mapped\libc.a(__printf_core.o)
                              c:/program files/microchip/xc8/v2.50/avr/bin/../lib/gcc/avr/5.4.0/../../../../avr/lib/avrxmega2/memx-const/mapped\libc.a(__fmt_d.o) (__pad)
c:/program files/microchip/xc8/v2.50/avr/bin/../lib/gcc/avr/5.4.0/../../../../avr/lib/avrxmega2/memx-const/mapped\libc.a(fputc.o)
                              c:/program files/microchip/xc8/v2.50/avr/bin/../lib/gcc/avr/5.4.0/../../../../avr/lib/avrxmega2/memx-const/mapped\libc.a(__printf_core.o) (fputc)
c:/program files/microchip/xc8/v2.50/avr/bin/../lib/gcc/avr/5.4.0/../../../../avr/lib/avrxmega2/memx-const/mapped\libc.a(stdout.o)
                              build/default/production/mcc_generated_files/uart/src/usart1.o (_stdout)
c:/program files/microchip/xc8/v2.50/avr/bin/../lib/gcc/avr/5.4.0/../../../../avr/lib/avrxmega2/memx-const/mapped\libc.a(memcpy.o)
                              build/default/production/mcc_generated_files/freertos/kernel/queue.o (memcpy)
c:/program files/microchip/xc8/v2.50/avr/bin/../lib/gcc/avr/5.4.0/../../../../avr/lib/avrxmega2/memx-const/mapped\libc.a(memset.o)
                              build/default/production/mcc_generated_files/freertos/kernel/MemMang/heap_4.o (memset)
c:/program files/microchip/xc8/v2.50/avr/bin/../lib/gcc/avr/5.4.0/../../../../avr/lib/avrxmega2/memx-const/mapped\libc.a(strlen.o)
[...]
Memory Configuration

Name             Origin             Length             Attributes
text             0x0000000000000000 0x0000000000010000 xr
data             0x0000000000806000 0x0000000000002000 rw !x
eeprom           0x0000000000810000 0x0000000000000100 rw !x
fuse             0x0000000000820000 0x0000000000000010 rw !x
lock             0x0000000000830000 0x0000000000000400 rw !x
signature        0x0000000000840000 0x0000000000000400 rw !x
user_signatures  0x0000000000850000 0x0000000000000400 rw !x
bootrow          0x0000000000860000 0x0000000000000400 rw !x
*default*        0x0000000000000000 0xffffffffffffffff

Linker script and memory map

Address of section .data set to 0x806000
                0x0000000000008000                __RODATA_PM_OFFSET__ = 0x8000
LOAD C:/Users/Mohammad/.mchp_packs/Microchip/AVR-Dx_DFP/2.6.303/xc8/avr/lib/avrxmega2/memx-const/mapped/crtavr64du32.o
                0x0000000000000001                __MPLAB_BUILD = 0x1
LOAD build/default/production/mcc_generated_files/examples/UART_Example/uart_example.o
LOAD build/default/production/mcc_generated_files/freertos/kernel/MemMang/heap_4.o
LOAD build/default/production/mcc_generated_files/freertos/kernel/portable/port.o
LOAD build/default/production/mcc_generated_files/freertos/kernel/croutine.o
LOAD build/default/production/mcc_generated_files/freertos/kernel/event_groups.o
LOAD build/default/production/mcc_generated_files/freertos/kernel/list.o
LOAD build/default/production/mcc_generated_files/freertos/kernel/queue.o
LOAD build/default/production/mcc_generated_files/freertos/kernel/stream_buffer.o
LOAD build/default/production/mcc_generated_files/freertos/kernel/tasks.o
LOAD build/default/production/mcc_generated_files/freertos/kernel/timers.o
LOAD build/default/production/mcc_generated_files/freertos/support_files/common/partest.o
LOAD build/default/production/mcc_generated_files/freertos/support_files/common/regtest.o
LOAD build/default/production/mcc_generated_files/freertos/support_files/common/serial.o
LOAD build/default/production/mcc_generated_files/freertos/freertos_interface.o
LOAD build/default/production/mcc_generated_files/uart/src/usart0.o
LOAD build/default/production/mcc_generated_files/system/src/system.o
LOAD build/default/production/mcc_generated_files/system/src/pins.o
LOAD build/default/production/mcc_generated_files/system/src/protected_io.o
LOAD build/default/production/mcc_generated_files/system/src/config_bits.o
LOAD build/default/production/mcc_generated_files/system/src/clock.o
LOAD build/default/production/mcc_generated_files/system/src/interrupt.o
LOAD build/default/production/mcc_generated_files/timer/src/tcb0.o
LOAD build/default/production/mcc_generated_files/uart/src/usart1.o
LOAD build/default/production/main.o
LOAD build/default/production/mcc_generated_files/adc/src/adc0.o
START GROUP
LOAD c:/program files/microchip/xc8/v2.50/avr/bin/../lib/gcc/avr/5.4.0/../../../../avr/lib/avrxmega2/memx-const/mapped\libm.a
END GROUP
START GROUP
LOAD c:/program files/microchip/xc8/v2.50/avr/bin/../lib/gcc/avr/5.4.0/avrxmega2/memx-const/mapped\libgcc.a
LOAD c:/program files/microchip/xc8/v2.50/avr/bin/../lib/gcc/avr/5.4.0/../../../../avr/lib/avrxmega2/memx-const/mapped\libm.a
LOAD c:/program files/microchip/xc8/v2.50/avr/bin/../lib/gcc/avr/5.4.0/../../../../avr/lib/avrxmega2/memx-const/mapped\libc.a
LOAD C:/Users/Mohammad/.mchp_packs/Microchip/AVR-Dx_DFP/2.6.303/xc8/avr/lib/avrxmega2/memx-const/mapped\libavr64du32.a
END GROUP
                [0x0000000000000000]                __TEXT_REGION_ORIGIN__ = DEFINED (__TEXT_REGION_ORIGIN__)?__TEXT_REGION_ORIGIN__:0x0
                [0x0000000000806000]                __DATA_REGION_ORIGIN__ = DEFINED (__DATA_REGION_ORIGIN__)?__DATA_REGION_ORIGIN__:0x802000
                [0x0000000000010000]                __TEXT_REGION_LENGTH__ = DEFINED (__TEXT_REGION_LENGTH__)?__TEXT_REGION_LENGTH__:0x100000
                [0x0000000000002000]                __DATA_REGION_LENGTH__ = DEFINED (__DATA_REGION_LENGTH__)?__DATA_REGION_LENGTH__:0xffa0
                [0x0000000000000100]                __EEPROM_REGION_LENGTH__ = DEFINED (__EEPROM_REGION_LENGTH__)?__EEPROM_REGION_LENGTH__:0x10000
                [0x0000000000000010]                __FUSE_REGION_LENGTH__ = DEFINED (__FUSE_REGION_LENGTH__)?__FUSE_REGION_LENGTH__:0x400
                0x0000000000000400                __LOCK_REGION_LENGTH__ = DEFINED (__LOCK_REGION_LENGTH__)?__LOCK_REGION_LENGTH__:0x400
                0x0000000000000400                __SIGNATURE_REGION_LENGTH__ = DEFINED (__SIGNATURE_REGION_LENGTH__)?__SIGNATURE_REGION_LENGTH__:0x400
                0x0000000000000400                __USER_SIGNATURE_REGION_LENGTH__ = DEFINED (__USER_SIGNATURE_REGION_LENGTH__)?__USER_SIGNATURE_REGION_LENGTH__:0x400
                0x0000000000000400                __BOOTROW_REGION_LENGTH__ = DEFINED (__BOOTROW_REGION_LENGTH__)?__BOOTROW_REGION_LENGTH__:0x400

.hash
 *(.hash)

.dynsym
 *(.dynsym)

.dynstr
 *(.dynstr)

.gnu.version
 *(.gnu.version)

.gnu.version_d
 *(.gnu.version_d)

.gnu.version_r
 *(.gnu.version_r)

.rel.init
 *(.rel.init)

.rela.init
 *(.rela.init)

.rel.text
 *(.rel.text)
 *(.rel.text.*)
 *(.rel.gnu.linkonce.t*)

.rela.text
 *(.rela.text)
 *(.rela.text.*)
 *(.rela.gnu.linkonce.t*)

.rel.fini
 *(.rel.fini)

.rela.fini
 *(.rela.fini)

.rel.rodata
 *(.rel.rodata)
 *(.rel.rodata.*)
 *(.rel.gnu.linkonce.r*)

.rela.rodata
 *(.rela.rodata)
 *(.rela.rodata.*)
 *(.rela.gnu.linkonce.r*)

.rel.data
 *(.rel.data)
 *(.rel.data.*)
 *(.rel.gnu.linkonce.d*)

.rela.data
 *(.rela.data)
 *(.rela.data.*)
 *(.rela.gnu.linkonce.d*)

.rel.ctors
 *(.rel.ctors)

.rela.ctors
 *(.rela.ctors)

.rel.dtors
 *(.rel.dtors)

.rela.dtors
 *(.rela.dtors)

.rel.got
 *(.rel.got)

.rela.got
 *(.rela.got)

.rel.bss
 *(.rel.bss)

.rela.bss
 *(.rela.bss)

.rel.plt
 *(.rel.plt)

.rela.plt
 *(.rela.plt)

.text           0x0000000000000000      0x10c
 *(.vectors)
 .vectors       0x0000000000000000       0x88 C:/Users/Mohammad/.mchp_packs/Microchip/AVR-Dx_DFP/2.6.303/xc8/avr/lib/avrxmega2/memx-const/mapped/crtavr64du32.o
                0x0000000000000000                __vector_default
                0x0000000000000000                __vectors
 *(.vectors)
 *(.progmem.gcc*)
 *(.dinit)
 .dinit         0x0000000000000088       0x1d data_init
                0x00000000000000a6                . = ALIGN (0x2)
 *fill*         0x00000000000000a5        0x1
                0x00000000000000a6                __trampolines_start = .
 *(.trampolines)
 .trampolines   0x00000000000000a6        0x0 linker stubs
 *(.trampolines*)
                0x00000000000000a6                __trampolines_end = .
 *libprintf_flt.a:*(.progmem.data)
 *libc.a:*(.progmem.data)
                0x00000000000000a6                . = ALIGN (0x2)
 *(.jumptables)
 *(.jumptables*)
 *(.lowtext)
 *(.lowtext*)
                0x00000000000000a6                __ctors_start = .
 *(.ctors)
                0x00000000000000a6                __ctors_end = .
                0x00000000000000a6                __dtors_start = .
 *(.dtors)
                0x00000000000000a6                __dtors_end = .
 SORT(*)(.ctors)
 SORT(*)(.dtors)
 *(.init0)
 .init0         0x00000000000000a6        0x0 C:/Users/Mohammad/.mchp_packs/Microchip/AVR-Dx_DFP/2.6.303/xc8/avr/lib/avrxmega2/memx-const/mapped/crtavr64du32.o
                0x00000000000000a6                __init
 *(.init0)
 *(.init1)
 .init1         0x00000000000000a6       0x12 C:/Users/Mohammad/.mchp_packs/Microchip/AVR-Dx_DFP/2.6.303/xc8/avr/lib/avrxmega2/memx-const/mapped/crtavr64du32.o
 *(.init1)
 *(.init2)
 .init2         0x00000000000000b8        0xc C:/Users/Mohammad/.mchp_packs/Microchip/AVR-Dx_DFP/2.6.303/xc8/avr/lib/avrxmega2/memx-const/mapped/crtavr64du32.o
 *(.init2)
 *(.init3)
 *(.init3)
 *(.init4)
 .init4         0x00000000000000c4       0x3c c:/program files/microchip/xc8/v2.50/avr/bin/../lib/gcc/avr/5.4.0/avrxmega2/memx-const/mapped\libgcc.a(_copy_data.o)
                0x00000000000000c4                __do_copy_data
                0x00000000000000f2                __do_clear_bss
 *(.init4)
 *(.init5)
 *(.init5)
 *(.init6)
 *(.init6)
 *(.init7)
 *(.init7)
 *(.init8)
 *(.init8)
 *(.init9)
 .init9         0x0000000000000100        0x8 C:/Users/Mohammad/.mchp_packs/Microchip/AVR-Dx_DFP/2.6.303/xc8/avr/lib/avrxmega2/memx-const/mapped/crtavr64du32.o
 *(.init9)
                0x0000000000000108                . = ALIGN (0x2)
 *(.fini9)
 .fini9         0x0000000000000108        0x0 c:/program files/microchip/xc8/v2.50/avr/bin/../lib/gcc/avr/5.4.0/avrxmega2/memx-const/mapped\libgcc.a(_exit.o)
                0x0000000000000108                _exit
 *(.fini9)
 *(.fini8)
 *(.fini8)
 *(.fini7)
 *(.fini7)
 *(.fini6)
 *(.fini6)
 *(.fini5)
 *(.fini5)
 *(.fini4)
 *(.fini4)
 *(.fini3)
 *(.fini3)
 *(.fini2)
 *(.fini2)
 *(.fini1)
 *(.fini1)
 *(.fini0)
 .fini0         0x0000000000000108        0x4 c:/program files/microchip/xc8/v2.50/avr/bin/../lib/gcc/avr/5.4.0/avrxmega2/memx-const/mapped\libgcc.a(_exit.o)
 *(.fini0)
                0x000000000000010c                _etext = .

.data           0x0000000000806000        0x0 load address 0x000000000000010c
                [!provide]                        PROVIDE (__data_start, .)
 *(.gnu.linkonce.d*)
 *(.gnu.linkonce.r*)
                0x0000000000806000                . = ALIGN (0x2)
                0x0000000000806000                _edata = .
                [!provide]                        PROVIDE (__data_end, .)

.bss            0x0000000000806000        0x2
                [!provide]                        PROVIDE (__bss_start, .)
 *(COMMON)
 COMMON         0x0000000000806000        0x2 c:/program files/microchip/xc8/v2.50/avr/bin/../lib/gcc/avr/5.4.0/../../../../avr/lib/avrxmega2/memx-const/mapped\libc.a(errno.o)
                0x0000000000806000                __errno_val
                [!provide]                        PROVIDE (__bss_end, .)
                0x000000000000010c                __data_load_start = LOADADDR (.data)
                0x000000000000010c                __data_load_end = (__data_load_start + SIZEOF (.data))

.noinit         0x0000000000806002        0x0
                [!provide]                        PROVIDE (__noinit_start, .)
 *(.noinit*)
                [!provide]                        PROVIDE (__noinit_end, .)
                0x0000000000806002                _end = .

.eeprom         0x0000000000810000        0x0
 *(.eeprom*)
                0x0000000000810000                __eeprom_end = .

.fuse           0x0000000000820000        0xc
 *(.fuse)
 .fuse          0x0000000000820000        0xc build/default/production/mcc_generated_files/system/src/config_bits.o
                0x0000000000820000                __fuse
 *(.lfuse)
 *(.hfuse)
 *(.efuse)

.lock
 *(.lock*)

.signature
 *(.signature*)

.user_signatures
 *(.user_signatures*)

.bootrow
 *(.bootrow*)

.stab
 *(.stab)

.stabstr
 *(.stabstr)

.stab.excl
 *(.stab.excl)

.stab.exclstr
 *(.stab.exclstr)

.stab.index
 *(.stab.index)

.stab.indexstr
 *(.stab.indexstr)

.comment        0x0000000000000000       0x5b
 *(.comment)
 .comment       0x0000000000000000       0x2f build/default/production/mcc_generated_files/uart/src/usart0.o
                                         0x30 (size before relaxing)
 .comment       0x000000000000002f       0x30 build/default/production/mcc_generated_files/system/src/system.o
 .comment       0x000000000000002f       0x30 build/default/production/mcc_generated_files/system/src/pins.o
 .comment       0x000000000000002f       0x30 build/default/production/mcc_generated_files/system/src/config_bits.o
 .comment       0x000000000000002f       0x30 build/default/production/mcc_generated_files/system/src/clock.o
 .comment       0x000000000000002f       0x30 build/default/production/mcc_generated_files/system/src/interrupt.o
 .comment       0x000000000000002f       0x30 build/default/production/mcc_generated_files/timer/src/tcb0.o
 .comment       0x000000000000002f       0x30 build/default/production/mcc_generated_files/uart/src/usart1.o
 .comment       0x000000000000002f       0x30 build/default/production/main.o
 .comment       0x000000000000002f       0x30 build/default/production/mcc_generated_files/adc/src/adc0.o
 .comment       0x000000000000002f       0x2c c:/program files/microchip/xc8/v2.50/avr/bin/../lib/gcc/avr/5.4.0/../../../../avr/lib/avrxmega2/memx-const/mapped\libc.a(exit.o)
                                         0x2d (size before relaxing)
 .comment       0x000000000000005b       0x2d c:/program files/microchip/xc8/v2.50/avr/bin/../lib/gcc/avr/5.4.0/../../../../avr/lib/avrxmega2/memx-const/mapped\libc.a(__sio_printf_doux.o)
 .comment       0x000000000000005b       0x2d c:/program files/microchip/xc8/v2.50/avr/bin/../lib/gcc/avr/5.4.0/../../../../avr/lib/avrxmega2/memx-const/mapped\libc.a(__fmt_d.o)
 .comment       0x000000000000005b       0x2d c:/program files/microchip/xc8/v2.50/avr/bin/../lib/gcc/avr/5.4.0/../../../../avr/lib/avrxmega2/memx-const/mapped\libc.a(__fmt_o.o)
 .comment       0x000000000000005b       0x2d c:/program files/microchip/xc8/v2.50/avr/bin/../lib/gcc/avr/5.4.0/../../../../avr/lib/avrxmega2/memx-const/mapped\libc.a(__fmt_s.o)
 .comment       0x000000000000005b       0x2d c:/program files/microchip/xc8/v2.50/avr/bin/../lib/gcc/avr/5.4.0/../../../../avr/lib/avrxmega2/memx-const/mapped\libc.a(__fmt_u.o)
 .comment       0x000000000000005b       0x2d c:/program files/microchip/xc8/v2.50/avr/bin/../lib/gcc/avr/5.4.0/../../../../avr/lib/avrxmega2/memx-const/mapped\libc.a(__fmt_x.o)
 .comment       0x000000000000005b       0x2d c:/program files/microchip/xc8/v2.50/avr/bin/../lib/gcc/avr/5.4.0/../../../../avr/lib/avrxmega2/memx-const/mapped\libc.a(__pop_int.o)
 .comment       0x000000000000005b       0x2d c:/program files/microchip/xc8/v2.50/avr/bin/../lib/gcc/avr/5.4.0/../../../../avr/lib/avrxmega2/memx-const/mapped\libc.a(__printf_core.o)
 .comment       0x000000000000005b       0x2d c:/program files/microchip/xc8/v2.50/avr/bin/../lib/gcc/avr/5.4.0/../../../../avr/lib/avrxmega2/memx-const/mapped\libc.a(fputc.o)
 .comment       0x000000000000005b       0x2d c:/program files/microchip/xc8/v2.50/avr/bin/../lib/gcc/avr/5.4.0/../../../../avr/lib/avrxmega2/memx-const/mapped\libc.a(stdout.o)
 .comment       0x000000000000005b       0x2d c:/program files/microchip/xc8/v2.50/avr/bin/../lib/gcc/avr/5.4.0/../../../../avr/lib/avrxmega2/memx-const/mapped\libc.a(strlen.o)
 .comment       0x000000000000005b       0x2d c:/program files/microchip/xc8/v2.50/avr/bin/../lib/gcc/avr/5.4.0/../../../../avr/lib/avrxmega2/memx-const/mapped\libc.a(tolower.o)
 .comment       0x000000000000005b       0x2d c:/program files/microchip/xc8/v2.50/avr/bin/../lib/gcc/avr/5.4.0/../../../../avr/lib/avrxmega2/memx-const/mapped\libc.a(toupper.o)
 .comment       0x000000000000005b       0x2d c:/program files/microchip/xc8/v2.50/avr/bin/../lib/gcc/avr/5.4.0/../../../../avr/lib/avrxmega2/memx-const/mapped\libc.a(errno.o)
 .comment       0x000000000000005b       0x2d c:/program files/microchip/xc8/v2.50/avr/bin/../lib/gcc/avr/5.4.0/../../../../avr/lib/avrxmega2/memx-const/mapped\libc.a(_Exit.o)
 .comment       0x000000000000005b       0x2d c:/program files/microchip/xc8/v2.50/avr/bin/../lib/gcc/avr/5.4.0/../../../../avr/lib/avrxmega2/memx-const/mapped\libc.a(__int_vfprintf.o)

.stack.descriptors.hdr
                0x0000000000000000      0x10a
 .stack.descriptors.hdr
                0x0000000000000000        0xe c:/program files/microchip/xc8/v2.50/avr/bin/../lib/gcc/avr/5.4.0/../../../../avr/lib/avrxmega2/memx-const/mapped\libc.a(exit.o)
 .stack.descriptors.hdr
                0x000000000000000e        0xe c:/program files/microchip/xc8/v2.50/avr/bin/../lib/gcc/avr/5.4.0/../../../../avr/lib/avrxmega2/memx-const/mapped\libc.a(__sio_printf_doux.o)
 .stack.descriptors.hdr
                0x000000000000001c        0xe c:/program files/microchip/xc8/v2.50/avr/bin/../lib/gcc/avr/5.4.0/../../../../avr/lib/avrxmega2/memx-const/mapped\libc.a(__fmt_d.o)
 .stack.descriptors.hdr
                0x000000000000002a        0xe c:/program files/microchip/xc8/v2.50/avr/bin/../lib/gcc/avr/5.4.0/../../../../avr/lib/avrxmega2/memx-const/mapped\libc.a(__fmt_o.o)
 .stack.descriptors.hdr
                0x0000000000000038        0xe c:/program files/microchip/xc8/v2.50/avr/bin/../lib/gcc/avr/5.4.0/../../../../avr/lib/avrxmega2/memx-const/mapped\libc.a(__fmt_s.o)
 .stack.descriptors.hdr
                0x0000000000000046        0xe c:/program files/microchip/xc8/v2.50/avr/bin/../lib/gcc/avr/5.4.0/../../../../avr/lib/avrxmega2/memx-const/mapped\libc.a(__fmt_u.o)
 .stack.descriptors.hdr
                0x0000000000000054        0xe c:/program files/microchip/xc8/v2.50/avr/bin/../lib/gcc/avr/5.4.0/../../../../avr/lib/avrxmega2/memx-const/mapped\libc.a(__fmt_x.o)
 .stack.descriptors.hdr
                0x0000000000000062        0xe c:/program files/microchip/xc8/v2.50/avr/bin/../lib/gcc/avr/5.4.0/../../../../avr/lib/avrxmega2/memx-const/mapped\libc.a(__pop_int.o)
 .stack.descriptors.hdr
                0x0000000000000070        0xe c:/program files/microchip/xc8/v2.50/avr/bin/../lib/gcc/avr/5.4.0/../../../../avr/lib/avrxmega2/memx-const/mapped\libc.a(__printf_core.o)
 .stack.descriptors.hdr
                0x000000000000007e        0xe c:/program files/microchip/xc8/v2.50/avr/bin/../lib/gcc/avr/5.4.0/../../../../avr/lib/avrxmega2/memx-const/mapped\libc.a(fputc.o)
 .stack.descriptors.hdr
                0x000000000000008c        0xe c:/program files/microchip/xc8/v2.50/avr/bin/../lib/gcc/avr/5.4.0/../../../../avr/lib/avrxmega2/memx-const/mapped\libc.a(stdout.o)
 .stack.descriptors.hdr
                0x000000000000009a        0xe c:/program files/microchip/xc8/v2.50/avr/bin/../lib/gcc/avr/5.4.0/../../../../avr/lib/avrxmega2/memx-const/mapped\libc.a(strlen.o)
 .stack.descriptors.hdr
                0x00000000000000a8        0xe c:/program files/microchip/xc8/v2.50/avr/bin/../lib/gcc/avr/5.4.0/../../../../avr/lib/avrxmega2/memx-const/mapped\libc.a(tolower.o)
 .stack.descriptors.hdr
                0x00000000000000b6        0xe c:/program files/microchip/xc8/v2.50/avr/bin/../lib/gcc/avr/5.4.0/../../../../avr/lib/avrxmega2/memx-const/mapped\libc.a(toupper.o)
 .stack.descriptors.hdr
                0x00000000000000c4        0xe c:/program files/microchip/xc8/v2.50/avr/bin/../lib/gcc/avr/5.4.0/../../../../avr/lib/avrxmega2/memx-const/mapped\libc.a(errno.o)
 .stack.descriptors.hdr
                0x00000000000000d2        0xe c:/program files/microchip/xc8/v2.50/avr/bin/../lib/gcc/avr/5.4.0/../../../../avr/lib/avrxmega2/memx-const/mapped\libc.a(_Exit.o)
 .stack.descriptors.hdr
                0x00000000000000e0        0xe c:/program files/microchip/xc8/v2.50/avr/bin/../lib/gcc/avr/5.4.0/../../../../avr/lib/avrxmega2/memx-const/mapped\libc.a(__int_vfprintf.o)
 .stack.descriptors.hdr
                0x00000000000000ee        0xe c:/program files/microchip/xc8/v2.50/avr/bin/../lib/gcc/avr/5.4.0/avrxmega2/memx-const/mapped\libgcc.a(_udivmodsi4.o)
 .stack.descriptors.hdr
                0x00000000000000fc        0xe c:/program files/microchip/xc8/v2.50/avr/bin/../lib/gcc/avr/5.4.0/avrxmega2/memx-const/mapped\libgcc.a(_exit.o)

.note.GNU-stack
                0x0000000000000000        0x0
 .note.GNU-stack
                0x0000000000000000        0x0 c:/program files/microchip/xc8/v2.50/avr/bin/../lib/gcc/avr/5.4.0/../../../../avr/lib/avrxmega2/memx-const/mapped\libc.a(exit.o)
 .note.GNU-stack
                0x0000000000000000        0x0 c:/program files/microchip/xc8/v2.50/avr/bin/../lib/gcc/avr/5.4.0/../../../../avr/lib/avrxmega2/memx-const/mapped\libc.a(__sio_printf_doux.o)
 .note.GNU-stack
                0x0000000000000000        0x0 c:/program files/microchip/xc8/v2.50/avr/bin/../lib/gcc/avr/5.4.0/../../../../avr/lib/avrxmega2/memx-const/mapped\libc.a(__fmt_d.o)
 .note.GNU-stack
                0x0000000000000000        0x0 c:/program files/microchip/xc8/v2.50/avr/bin/../lib/gcc/avr/5.4.0/../../../../avr/lib/avrxmega2/memx-const/mapped\libc.a(__fmt_o.o)
 .note.GNU-stack
                0x0000000000000000        0x0 c:/program files/microchip/xc8/v2.50/avr/bin/../lib/gcc/avr/5.4.0/../../../../avr/lib/avrxmega2/memx-const/mapped\libc.a(__fmt_s.o)
 .note.GNU-stack
                0x0000000000000000        0x0 c:/program files/microchip/xc8/v2.50/avr/bin/../lib/gcc/avr/5.4.0/../../../../avr/lib/avrxmega2/memx-const/mapped\libc.a(__fmt_u.o)
 .note.GNU-stack
                0x0000000000000000        0x0 c:/program files/microchip/xc8/v2.50/avr/bin/../lib/gcc/avr/5.4.0/../../../../avr/lib/avrxmega2/memx-const/mapped\libc.a(__fmt_x.o)
 .note.GNU-stack
                0x0000000000000000        0x0 c:/program files/microchip/xc8/v2.50/avr/bin/../lib/gcc/avr/5.4.0/../../../../avr/lib/avrxmega2/memx-const/mapped\libc.a(__pop_int.o)
 .note.GNU-stack
                0x0000000000000000        0x0 c:/program files/microchip/xc8/v2.50/avr/bin/../lib/gcc/avr/5.4.0/../../../../avr/lib/avrxmega2/memx-const/mapped\libc.a(__printf_core.o)
 .note.GNU-stack
                0x0000000000000000        0x0 c:/program files/microchip/xc8/v2.50/avr/bin/../lib/gcc/avr/5.4.0/../../../../avr/lib/avrxmega2/memx-const/mapped\libc.a(fputc.o)
 .note.GNU-stack
                0x0000000000000000        0x0 c:/program files/microchip/xc8/v2.50/avr/bin/../lib/gcc/avr/5.4.0/../../../../avr/lib/avrxmega2/memx-const/mapped\libc.a(stdout.o)
 .note.GNU-stack
                0x0000000000000000        0x0 c:/program files/microchip/xc8/v2.50/avr/bin/../lib/gcc/avr/5.4.0/../../../../avr/lib/avrxmega2/memx-const/mapped\libc.a(strlen.o)
 .note.GNU-stack
                0x0000000000000000        0x0 c:/program files/microchip/xc8/v2.50/avr/bin/../lib/gcc/avr/5.4.0/../../../../avr/lib/avrxmega2/memx-const/mapped\libc.a(tolower.o)
 .note.GNU-stack
                0x0000000000000000        0x0 c:/program files/microchip/xc8/v2.50/avr/bin/../lib/gcc/avr/5.4.0/../../../../avr/lib/avrxmega2/memx-const/mapped\libc.a(toupper.o)
 .note.GNU-stack
                0x0000000000000000        0x0 c:/program files/microchip/xc8/v2.50/avr/bin/../lib/gcc/avr/5.4.0/../../../../avr/lib/avrxmega2/memx-const/mapped\libc.a(errno.o)
 .note.GNU-stack
                0x0000000000000000        0x0 c:/program files/microchip/xc8/v2.50/avr/bin/../lib/gcc/avr/5.4.0/../../../../avr/lib/avrxmega2/memx-const/mapped\libc.a(_Exit.o)
 .note.GNU-stack
                0x0000000000000000        0x0 c:/program files/microchip/xc8/v2.50/avr/bin/../lib/gcc/avr/5.4.0/../../../../avr/lib/avrxmega2/memx-const/mapped\libc.a(__int_vfprintf.o)

.note.gnu.build-id
 *(.note.gnu.build-id)

.debug
 *(.debug)

.line
 *(.line)

.debug_srcinfo
 *(.debug_srcinfo)

.debug_sfnames
 *(.debug_sfnames)

.debug_aranges  0x0000000000000000      0x4b0
 *(.debug_aranges)
 .debug_aranges
                0x0000000000000000      0x130 build/default/production/mcc_generated_files/uart/src/usart0.o
 .debug_aranges
                0x0000000000000130       0x20 build/default/production/mcc_generated_files/system/src/system.o
 .debug_aranges
                0x0000000000000150       0x80 build/default/production/mcc_generated_files/system/src/pins.o
 .debug_aranges
                0x00000000000001d0       0x20 build/default/production/mcc_generated_files/system/src/protected_io.o
 .debug_aranges
                0x00000000000001f0       0x18 build/default/production/mcc_generated_files/system/src/config_bits.o
 .debug_aranges
                0x0000000000000208       0x30 build/default/production/mcc_generated_files/system/src/clock.o
 .debug_aranges
                0x0000000000000238       0x20 build/default/production/mcc_generated_files/system/src/interrupt.o
 .debug_aranges
                0x0000000000000258       0x98 build/default/production/mcc_generated_files/timer/src/tcb0.o
 .debug_aranges
                0x00000000000002f0       0xe0 build/default/production/mcc_generated_files/uart/src/usart1.o
 .debug_aranges
                0x00000000000003d0       0x20 build/default/production/main.o
 .debug_aranges
                0x00000000000003f0       0xc0 build/default/production/mcc_generated_files/adc/src/adc0.o

.debug_pubnames
 *(.debug_pubnames)

.debug_info     0x0000000000000000     0x85ae
 *(.debug_info .gnu.linkonce.wi.*)
 .debug_info    0x0000000000000000     0x1e0a C:/Users/Mohammad/.mchp_packs/Microchip/AVR-Dx_DFP/2.6.303/xc8/avr/lib/avrxmega2/memx-const/mapped/crtavr64du32.o
 .debug_info    0x0000000000001e0a     0x1226 build/default/production/mcc_generated_files/uart/src/usart0.o
 .debug_info    0x0000000000003030      0x5da build/default/production/mcc_generated_files/system/src/system.o
 .debug_info    0x000000000000360a      0x976 build/default/production/mcc_generated_files/system/src/pins.o
 .debug_info    0x0000000000003f80       0x8d build/default/production/mcc_generated_files/system/src/protected_io.o
 .debug_info    0x000000000000400d      0xa03 build/default/production/mcc_generated_files/system/src/config_bits.o
 .debug_info    0x0000000000004a10      0xf8e build/default/production/mcc_generated_files/system/src/clock.o
 .debug_info    0x000000000000599e      0x3f5 build/default/production/mcc_generated_files/system/src/interrupt.o
 .debug_info    0x0000000000005d93      0x7f6 build/default/production/mcc_generated_files/timer/src/tcb0.o
 .debug_info    0x0000000000006589      0xf49 build/default/production/mcc_generated_files/uart/src/usart1.o
 .debug_info    0x00000000000074d2      0x2a3 build/default/production/main.o
 .debug_info    0x0000000000007775      0xe39 build/default/production/mcc_generated_files/adc/src/adc0.o

.debug_abbrev   0x0000000000000000     0x2bb7
 *(.debug_abbrev)
 .debug_abbrev  0x0000000000000000     0x1c72 C:/Users/Mohammad/.mchp_packs/Microchip/AVR-Dx_DFP/2.6.303/xc8/avr/lib/avrxmega2/memx-const/mapped/crtavr64du32.o
 .debug_abbrev  0x0000000000001c72      0x2f5 build/default/production/mcc_generated_files/uart/src/usart0.o
 .debug_abbrev  0x0000000000001f67       0xbe build/default/production/mcc_generated_files/system/src/system.o
 .debug_abbrev  0x0000000000002025      0x14a build/default/production/mcc_generated_files/system/src/pins.o
 .debug_abbrev  0x000000000000216f       0x14 build/default/production/mcc_generated_files/system/src/protected_io.o
 .debug_abbrev  0x0000000000002183       0xd7 build/default/production/mcc_generated_files/system/src/config_bits.o
 .debug_abbrev  0x000000000000225a      0x135 build/default/production/mcc_generated_files/system/src/clock.o
 .debug_abbrev  0x000000000000238f       0xfa build/default/production/mcc_generated_files/system/src/interrupt.o
 .debug_abbrev  0x0000000000002489      0x19d build/default/production/mcc_generated_files/timer/src/tcb0.o
 .debug_abbrev  0x0000000000002626      0x2d7 build/default/production/mcc_generated_files/uart/src/usart1.o
 .debug_abbrev  0x00000000000028fd       0x5d build/default/production/main.o
 .debug_abbrev  0x000000000000295a      0x25d build/default/production/mcc_generated_files/adc/src/adc0.o

.debug_line     0x0000000000000000     0x1ed4
 *(.debug_line .debug_line.* .debug_line_end)
 .debug_line    0x0000000000000000      0x19e C:/Users/Mohammad/.mchp_packs/Microchip/AVR-Dx_DFP/2.6.303/xc8/avr/lib/avrxmega2/memx-const/mapped/crtavr64du32.o
 .debug_line    0x000000000000019e      0x6b6 build/default/production/mcc_generated_files/uart/src/usart0.o
 .debug_line    0x0000000000000854      0x219 build/default/production/mcc_generated_files/system/src/system.o
 .debug_line    0x0000000000000a6d      0x37d build/default/production/mcc_generated_files/system/src/pins.o
 .debug_line    0x0000000000000dea       0x73 build/default/production/mcc_generated_files/system/src/protected_io.o
 .debug_line    0x0000000000000e5d       0xf2 build/default/production/mcc_generated_files/system/src/config_bits.o
 .debug_line    0x0000000000000f4f      0x1bf build/default/production/mcc_generated_files/system/src/clock.o
 .debug_line    0x000000000000110e      0x18b build/default/production/mcc_generated_files/system/src/interrupt.o
 .debug_line    0x0000000000001299      0x309 build/default/production/mcc_generated_files/timer/src/tcb0.o
 .debug_line    0x00000000000015a2      0x4f4 build/default/production/mcc_generated_files/uart/src/usart1.o
 .debug_line    0x0000000000001a96       0x61 build/default/production/main.o
 .debug_line    0x0000000000001af7      0x3dd build/default/production/mcc_generated_files/adc/src/adc0.o

.debug_frame    0x0000000000000000      0xa38
 *(.debug_frame)
 .debug_frame   0x0000000000000000      0x2e0 build/default/production/mcc_generated_files/uart/src/usart0.o
 .debug_frame   0x00000000000002e0       0x24 build/default/production/mcc_generated_files/system/src/system.o
 .debug_frame   0x0000000000000304      0x180 build/default/production/mcc_generated_files/system/src/pins.o
 .debug_frame   0x0000000000000484       0x44 build/default/production/mcc_generated_files/system/src/clock.o
 .debug_frame   0x00000000000004c8       0x24 build/default/production/mcc_generated_files/system/src/interrupt.o
 .debug_frame   0x00000000000004ec      0x114 build/default/production/mcc_generated_files/timer/src/tcb0.o
 .debug_frame   0x0000000000000600      0x1ac build/default/production/mcc_generated_files/uart/src/usart1.o
 .debug_frame   0x00000000000007ac       0x24 build/default/production/main.o
 .debug_frame   0x00000000000007d0      0x268 build/default/production/mcc_generated_files/adc/src/adc0.o

.debug_str      0x0000000000000000      0xdfb
 *(.debug_str)
 .debug_str     0x0000000000000000      0xcdc C:/Users/Mohammad/.mchp_packs/Microchip/AVR-Dx_DFP/2.6.303/xc8/avr/lib/avrxmega2/memx-const/mapped/crtavr64du32.o
 .debug_str     0x0000000000000cdc       0x10 build/default/production/mcc_generated_files/uart/src/usart0.o
 .debug_str     0x0000000000000cec       0x7f build/default/production/mcc_generated_files/system/src/system.o
 .debug_str     0x0000000000000d6b       0x30 build/default/production/mcc_generated_files/system/src/pins.o
 .debug_str     0x0000000000000d9b        0x0 build/default/production/mcc_generated_files/system/src/config_bits.o
 .debug_str     0x0000000000000d9b       0x13 build/default/production/mcc_generated_files/system/src/clock.o
 .debug_str     0x0000000000000dae       0x13 build/default/production/mcc_generated_files/system/src/interrupt.o
 .debug_str     0x0000000000000dc1        0x0 build/default/production/mcc_generated_files/timer/src/tcb0.o
 .debug_str     0x0000000000000dc1       0x10 build/default/production/mcc_generated_files/uart/src/usart1.o
 .debug_str     0x0000000000000dd1       0x12 build/default/production/main.o
 .debug_str     0x0000000000000de3       0x18 build/default/production/mcc_generated_files/adc/src/adc0.o

.debug_loc      0x0000000000000000      0x4a1
 *(.debug_loc)
 .debug_loc     0x0000000000000000      0x121 build/default/production/mcc_generated_files/uart/src/usart0.o
 .debug_loc     0x0000000000000121      0x23a build/default/production/mcc_generated_files/system/src/clock.o
 .debug_loc     0x000000000000035b       0x2a build/default/production/mcc_generated_files/system/src/interrupt.o
 .debug_loc     0x0000000000000385       0x9e build/default/production/mcc_generated_files/uart/src/usart1.o
 .debug_loc     0x0000000000000423       0x7e build/default/production/mcc_generated_files/adc/src/adc0.o

.debug_macinfo
 *(.debug_macinfo)

.debug_weaknames
 *(.debug_weaknames)

.debug_funcnames
 *(.debug_funcnames)

.debug_typenames
 *(.debug_typenames)

.debug_varnames
 *(.debug_varnames)

.debug_pubtypes
 *(.debug_pubtypes)

.debug_ranges   0x0000000000000000      0x3e8
 *(.debug_ranges)
 .debug_ranges  0x0000000000000000      0x120 build/default/production/mcc_generated_files/uart/src/usart0.o
 .debug_ranges  0x0000000000000120       0x10 build/default/production/mcc_generated_files/system/src/system.o
 .debug_ranges  0x0000000000000130       0x70 build/default/production/mcc_generated_files/system/src/pins.o
 .debug_ranges  0x00000000000001a0       0x20 build/default/production/mcc_generated_files/system/src/clock.o
 .debug_ranges  0x00000000000001c0       0x10 build/default/production/mcc_generated_files/system/src/interrupt.o
 .debug_ranges  0x00000000000001d0       0x88 build/default/production/mcc_generated_files/timer/src/tcb0.o
 .debug_ranges  0x0000000000000258       0xd0 build/default/production/mcc_generated_files/uart/src/usart1.o
 .debug_ranges  0x0000000000000328       0x10 build/default/production/main.o
 .debug_ranges  0x0000000000000338       0xb0 build/default/production/mcc_generated_files/adc/src/adc0.o

.debug_macro
 *(.debug_macro)
OUTPUT(dist/default/production/mplab.X.production.elf elf32-avr)
LOAD linker stubs
LOAD data_init

.note.gnu.avr.deviceinfo
                0x0000000000000000       0x3c
 .note.gnu.avr.deviceinfo
                0x0000000000000000       0x3c C:/Users/Mohammad/.mchp_packs/Microchip/AVR-Dx_DFP/2.6.303/xc8/avr/lib/avrxmega2/memx-const/mapped/crtavr64du32.o

.bss.USART0_RxCompleteInterruptHandler
                0x0000000000806115        0x2
 .bss.USART0_RxCompleteInterruptHandler
                0x0000000000806115        0x2 build/default/production/mcc_generated_files/uart/src/usart0.o

.bss.USART0_TxCompleteInterruptHandler
                0x0000000000806117        0x2
 .bss.USART0_TxCompleteInterruptHandler
                0x0000000000806117        0x2 build/default/production/mcc_generated_files/uart/src/usart0.o

.bss.USART0_ParityErrorHandler
                0x0000000000806119        0x2
 .bss.USART0_ParityErrorHandler
                0x0000000000806119        0x2 build/default/production/mcc_generated_files/uart/src/usart0.o
                0x0000000000806119                USART0_ParityErrorHandler

.bss.USART0_OverrunErrorHandler
                0x000000000080611b        0x2
 .bss.USART0_OverrunErrorHandler
                0x000000000080611b        0x2 build/default/production/mcc_generated_files/uart/src/usart0.o
                0x000000000080611b                USART0_OverrunErrorHandler

.bss.USART0_FramingErrorHandler
                0x000000000080611d        0x2
 .bss.USART0_FramingErrorHandler
                0x000000000080611d        0x2 build/default/production/mcc_generated_files/uart/src/usart0.o
                0x000000000080611d                USART0_FramingErrorHandler

.bss.usart0RxLastError
                0x000000000080611f        0x2
 .bss.usart0RxLastError
                0x000000000080611f        0x2 build/default/production/mcc_generated_files/uart/src/usart0.o

.bss.usart0RxStatusBuffer
                0x0000000000806082       0x40
 .bss.usart0RxStatusBuffer
                0x0000000000806082       0x40 build/default/production/mcc_generated_files/uart/src/usart0.o

.bss.usart0RxBuffer
                0x00000000008060c2       0x20
 .bss.usart0RxBuffer
                0x00000000008060c2       0x20 build/default/production/mcc_generated_files/uart/src/usart0.o

.bss.usart0RxCount
                0x000000000080613b        0x1
 .bss.usart0RxCount
                0x000000000080613b        0x1 build/default/production/mcc_generated_files/uart/src/usart0.o
                0x000000000080613b                usart0RxCount

.bss.usart0RxTail
                0x000000000080613c        0x1
 .bss.usart0RxTail
                0x000000000080613c        0x1 build/default/production/mcc_generated_files/uart/src/usart0.o

.bss.usart0RxHead
                0x000000000080613d        0x1
 .bss.usart0RxHead
                0x000000000080613d        0x1 build/default/production/mcc_generated_files/uart/src/usart0.o

.bss.usart0TxBuffer
                0x0000000000806002       0x80
 .bss.usart0TxBuffer
                0x0000000000806002       0x80 build/default/production/mcc_generated_files/uart/src/usart0.o

.bss.usart0TxBufferRemaining
                0x000000000080613e        0x1
 .bss.usart0TxBufferRemaining
                0x000000000080613e        0x1 build/default/production/mcc_generated_files/uart/src/usart0.o
                0x000000000080613e                usart0TxBufferRemaining

.bss.usart0TxTail
                0x000000000080613f        0x1
 .bss.usart0TxTail
                0x000000000080613f        0x1 build/default/production/mcc_generated_files/uart/src/usart0.o

.bss.IO_PF2_InterruptHandler
                0x0000000000806121        0x2
 .bss.IO_PF2_InterruptHandler
                0x0000000000806121        0x2 build/default/production/mcc_generated_files/system/src/pins.o

.bss.IO_PD0_InterruptHandler
                0x0000000000806123        0x2
 .bss.IO_PD0_InterruptHandler
                0x0000000000806123        0x2 build/default/production/mcc_generated_files/system/src/pins.o

.bss.IO_PD6_InterruptHandler
                0x0000000000806125        0x2
 .bss.IO_PD6_InterruptHandler
                0x0000000000806125        0x2 build/default/production/mcc_generated_files/system/src/pins.o

.bss.IO_PD7_InterruptHandler
                0x0000000000806127        0x2
 .bss.IO_PD7_InterruptHandler
                0x0000000000806127        0x2 build/default/production/mcc_generated_files/system/src/pins.o

.bss.USART1_ParityErrorHandler
                0x0000000000806129        0x2
 .bss.USART1_ParityErrorHandler
                0x0000000000806129        0x2 build/default/production/mcc_generated_files/uart/src/usart1.o
                0x0000000000806129                USART1_ParityErrorHandler

.bss.USART1_OverrunErrorHandler
                0x000000000080612b        0x2
 .bss.USART1_OverrunErrorHandler
                0x000000000080612b        0x2 build/default/production/mcc_generated_files/uart/src/usart1.o
                0x000000000080612b                USART1_OverrunErrorHandler

.bss.USART1_FramingErrorHandler
                0x000000000080612d        0x2
 .bss.USART1_FramingErrorHandler
                0x000000000080612d        0x2 build/default/production/mcc_generated_files/uart/src/usart1.o
                0x000000000080612d                USART1_FramingErrorHandler

.bss.usart1RxLastError
                0x000000000080612f        0x2
 .bss.usart1RxLastError
                0x000000000080612f        0x2 build/default/production/mcc_generated_files/uart/src/usart1.o

.bss.ADC0_ErrorCallback
                0x0000000000806131        0x2
 .bss.ADC0_ErrorCallback
                0x0000000000806131        0x2 build/default/production/mcc_generated_files/adc/src/adc0.o
                0x0000000000806131                ADC0_ErrorCallback

.bss.ADC0_ResultReadyCallback
                0x0000000000806133        0x2
 .bss.ADC0_ResultReadyCallback
                0x0000000000806133        0x2 build/default/production/mcc_generated_files/adc/src/adc0.o
                0x0000000000806133                ADC0_ResultReadyCallback

.bss.ADC0_SampleReadyCallback
                0x0000000000806135        0x2
 .bss.ADC0_SampleReadyCallback
                0x0000000000806135        0x2 build/default/production/mcc_generated_files/adc/src/adc0.o
                0x0000000000806135                ADC0_SampleReadyCallback

.bss.__stdout   0x0000000000806139        0x2
 .bss.__stdout  0x0000000000806139        0x2 c:/program files/microchip/xc8/v2.50/avr/bin/../lib/gcc/avr/5.4.0/../../../../avr/lib/avrxmega2/memx-const/mapped\libc.a(stdout.o)

.rodata         0x000000000080810c       0x11 load address 0x000000000000010c
 .rodata        0x000000000080810c       0x11 build/default/production/mcc_generated_files/adc/src/adc0.o

.text.vfpfcnvrt
                0x000000000000011e      0x3fc
 .text.vfpfcnvrt
                0x000000000000011e      0x3fc c:/program files/microchip/xc8/v2.50/avr/bin/../lib/gcc/avr/5.4.0/../../../../avr/lib/avrxmega2/memx-const/mapped\libc.a(__printf_core.o)
                0x000000000000011e                vfpfcnvrt

.text.__fmt_x   0x000000000000051a      0x1dc
 .text.__fmt_x  0x000000000000051a      0x1dc c:/program files/microchip/xc8/v2.50/avr/bin/../lib/gcc/avr/5.4.0/../../../../avr/lib/avrxmega2/memx-const/mapped\libc.a(__fmt_x.o)
                0x000000000000051a                __fmt_x_needed
                0x000000000000051a                __fmt_x

.text.__fmt_d   0x00000000000006f6       0xe4
 .text.__fmt_d  0x00000000000006f6       0xe4 c:/program files/microchip/xc8/v2.50/avr/bin/../lib/gcc/avr/5.4.0/../../../../avr/lib/avrxmega2/memx-const/mapped\libc.a(__fmt_d.o)
                0x00000000000006f6                __fmt_d
                0x00000000000006f6                __fmt_d_needed

.text.PIN_MANAGER_Initialize
                0x00000000000007da       0xe2
 .text.PIN_MANAGER_Initialize
                0x00000000000007da       0xe2 build/default/production/mcc_generated_files/system/src/pins.o
                0x00000000000007da                PIN_MANAGER_Initialize

.text.__pop_int
                0x00000000000008bc       0xd0
 .text.__pop_int
                0x00000000000008bc       0xd0 c:/program files/microchip/xc8/v2.50/avr/bin/../lib/gcc/avr/5.4.0/../../../../avr/lib/avrxmega2/memx-const/mapped\libc.a(__pop_int.o)
                0x00000000000008bc                __pop_int_needed
                0x00000000000008bc                __pop_int

.text.__cvt_u   0x000000000000098c       0xca
 .text.__cvt_u  0x000000000000098c       0xca c:/program files/microchip/xc8/v2.50/avr/bin/../lib/gcc/avr/5.4.0/../../../../avr/lib/avrxmega2/memx-const/mapped\libc.a(__fmt_u.o)
                0x000000000000098c                __cvt_u

.text.USART0_ReceiveISR
                0x0000000000000a56       0xc4
 .text.USART0_ReceiveISR
                0x0000000000000a56       0xc4 build/default/production/mcc_generated_files/uart/src/usart0.o
                0x0000000000000a56                USART0_ReceiveISR

.text.__fmt_o   0x0000000000000b1a       0xb2
 .text.__fmt_o  0x0000000000000b1a       0xb2 c:/program files/microchip/xc8/v2.50/avr/bin/../lib/gcc/avr/5.4.0/../../../../avr/lib/avrxmega2/memx-const/mapped\libc.a(__fmt_o.o)
                0x0000000000000b1a                __fmt_o
                0x0000000000000b1a                __fmt_o_needed

.text.fputc     0x0000000000000bcc       0x98
 .text.fputc    0x0000000000000bcc       0x98 c:/program files/microchip/xc8/v2.50/avr/bin/../lib/gcc/avr/5.4.0/../../../../avr/lib/avrxmega2/memx-const/mapped\libc.a(fputc.o)
                0x0000000000000bcc                fputc
                0x0000000000000bcc                putc

.text.CLOCK_Initialize
                0x0000000000000c64       0x90
 .text.CLOCK_Initialize
                0x0000000000000c64       0x90 build/default/production/mcc_generated_files/system/src/clock.o
                0x0000000000000c64                CLOCK_Initialize

.text.__fmt_u   0x0000000000000cf4       0x8e
 .text.__fmt_u  0x0000000000000cf4       0x8e c:/program files/microchip/xc8/v2.50/avr/bin/../lib/gcc/avr/5.4.0/../../../../avr/lib/avrxmega2/memx-const/mapped\libc.a(__fmt_u.o)
                0x0000000000000cf4                __fmt_u_needed
                0x0000000000000cf4                __fmt_u

.text.__printf_core
                0x0000000000000d82       0x78
 .text.__printf_core
                0x0000000000000d82       0x78 c:/program files/microchip/xc8/v2.50/avr/bin/../lib/gcc/avr/5.4.0/../../../../avr/lib/avrxmega2/memx-const/mapped\libc.a(__printf_core.o)
                0x0000000000000d82                __printf_core

.text.__vector_22
                0x0000000000000dfa       0x72
 .text.__vector_22
                0x0000000000000dfa       0x72 build/default/production/mcc_generated_files/system/src/pins.o
                0x0000000000000dfa                __vector_22

.text.__pad     0x0000000000000e6c       0x72
 .text.__pad    0x0000000000000e6c       0x72 c:/program files/microchip/xc8/v2.50/avr/bin/../lib/gcc/avr/5.4.0/../../../../avr/lib/avrxmega2/memx-const/mapped\libc.a(__printf_core.o)
                0x0000000000000e6c                __pad

.text.__vector_31
                0x0000000000000ede       0x62
 .text.__vector_31
                0x0000000000000ede       0x62 build/default/production/mcc_generated_files/adc/src/adc0.o
                0x0000000000000ede                __vector_31

.text.USART1_Initialize
                0x0000000000000f40       0x5c
 .text.USART1_Initialize
                0x0000000000000f40       0x5c build/default/production/mcc_generated_files/uart/src/usart1.o
                0x0000000000000f40                USART1_Initialize

.text.read_prec_or_width
                0x0000000000000f9c       0x5c
 .text.read_prec_or_width
                0x0000000000000f9c       0x5c c:/program files/microchip/xc8/v2.50/avr/bin/../lib/gcc/avr/5.4.0/../../../../avr/lib/avrxmega2/memx-const/mapped\libc.a(__printf_core.o)

.text.__vector_33
                0x0000000000000ff8       0x58
 .text.__vector_33
                0x0000000000000ff8       0x58 build/default/production/mcc_generated_files/adc/src/adc0.o
                0x0000000000000ff8                __vector_33

.text.__vector_32
                0x0000000000001050       0x58
 .text.__vector_32
                0x0000000000001050       0x58 build/default/production/mcc_generated_files/adc/src/adc0.o
                0x0000000000001050                __vector_32

.text.__vector_24
                0x00000000000010a8       0x56
 .text.__vector_24
                0x00000000000010a8       0x56 build/default/production/mcc_generated_files/system/src/pins.o
                0x00000000000010a8                __vector_24

.text.__fmt_s   0x00000000000010fe       0x54
 .text.__fmt_s  0x00000000000010fe       0x54 c:/program files/microchip/xc8/v2.50/avr/bin/../lib/gcc/avr/5.4.0/../../../../avr/lib/avrxmega2/memx-const/mapped\libc.a(__fmt_s.o)
                0x00000000000010fe                __fmt_s
                0x00000000000010fe                __fmt_0_needed
                0x00000000000010fe                __fmt_s_needed

.text.ADC0_GetConversion
                0x0000000000001152       0x52
 .text.ADC0_GetConversion
                0x0000000000001152       0x52 build/default/production/mcc_generated_files/adc/src/adc0.o
                0x0000000000001152                ADC0_GetConversion

.text.USART0_TransmitISR
                0x00000000000011a4       0x4a
 .text.USART0_TransmitISR
                0x00000000000011a4       0x4a build/default/production/mcc_generated_files/uart/src/usart0.o
                0x00000000000011a4                USART0_TransmitISR

.text.__vector_19
                0x00000000000011ee       0x48
 .text.__vector_19
                0x00000000000011ee       0x48 build/default/production/mcc_generated_files/uart/src/usart0.o
                0x00000000000011ee                __vector_19

.text.__vector_20
                0x0000000000001236       0x48
 .text.__vector_20
                0x0000000000001236       0x48 build/default/production/mcc_generated_files/uart/src/usart0.o
                0x0000000000001236                __vector_20

.text.libgcc.div
                0x000000000000127e       0x44
 .text.libgcc.div
                0x000000000000127e       0x44 c:/program files/microchip/xc8/v2.50/avr/bin/../lib/gcc/avr/5.4.0/avrxmega2/memx-const/mapped\libgcc.a(_udivmodsi4.o)
                0x000000000000127e                __udivmodsi4

.text.__fmt_state
                0x00000000000012c2       0x40
 .text.__fmt_state
                0x00000000000012c2       0x40 c:/program files/microchip/xc8/v2.50/avr/bin/../lib/gcc/avr/5.4.0/../../../../avr/lib/avrxmega2/memx-const/mapped\libc.a(__printf_core.o)
                0x00000000000012c2                __fmt_state

.text.__out     0x0000000000001302       0x3a
 .text.__out    0x0000000000001302       0x3a c:/program files/microchip/xc8/v2.50/avr/bin/../lib/gcc/avr/5.4.0/../../../../avr/lib/avrxmega2/memx-const/mapped\libc.a(__printf_core.o)
                0x0000000000001302                __out

.text.libgcc.prologue
                0x000000000000133c       0x32
 .text.libgcc.prologue
                0x000000000000133c       0x32 c:/program files/microchip/xc8/v2.50/avr/bin/../lib/gcc/avr/5.4.0/avrxmega2/memx-const/mapped\libgcc.a(_prologue.o)
                0x000000000000133c                __prologue_saves__

.text.__wrap_printf
                0x000000000000136e       0x30
 .text.__wrap_printf
                0x000000000000136e       0x30 c:/program files/microchip/xc8/v2.50/avr/bin/../lib/gcc/avr/5.4.0/../../../../avr/lib/avrxmega2/memx-const/mapped\libc.a(__sio_printf_doux.o)
                0x000000000000136e                _printf_cdopuxX

.text.__vfprintf
                0x000000000000139e       0x30
 .text.__vfprintf
                0x000000000000139e       0x30 c:/program files/microchip/xc8/v2.50/avr/bin/../lib/gcc/avr/5.4.0/../../../../avr/lib/avrxmega2/memx-const/mapped\libc.a(__int_vfprintf.o)
                0x000000000000139e                __vfprintf

.text.libgcc.prologue
                0x00000000000013ce       0x30
 .text.libgcc.prologue
                0x00000000000013ce       0x30 c:/program files/microchip/xc8/v2.50/avr/bin/../lib/gcc/avr/5.4.0/avrxmega2/memx-const/mapped\libgcc.a(_epilogue.o)
                0x00000000000013ce                __epilogue_restores__

.text.ADC0_Initialize
                0x00000000000013fe       0x28
 .text.ADC0_Initialize
                0x00000000000013fe       0x28 build/default/production/mcc_generated_files/adc/src/adc0.o
                0x00000000000013fe                ADC0_Initialize

.text.TCB0_Initialize
                0x0000000000001426       0x22
 .text.TCB0_Initialize
                0x0000000000001426       0x22 build/default/production/mcc_generated_files/timer/src/tcb0.o
                0x0000000000001426                TCB0_Initialize

.text.__vector_21
                0x0000000000001448       0x20
 .text.__vector_21
                0x0000000000001448       0x20 build/default/production/mcc_generated_files/uart/src/usart0.o
                0x0000000000001448                __vector_21

.text.SYSTEM_Initialize
                0x0000000000001468       0x20
 .text.SYSTEM_Initialize
                0x0000000000001468       0x20 build/default/production/mcc_generated_files/system/src/system.o
                0x0000000000001468                SYSTEM_Initialize

.text.strlen    0x0000000000001488       0x1c
 .text.strlen   0x0000000000001488       0x1c c:/program files/microchip/xc8/v2.50/avr/bin/../lib/gcc/avr/5.4.0/../../../../avr/lib/avrxmega2/memx-const/mapped\libc.a(strlen.o)
                0x0000000000001488                strlen

.text.CPUINT_Initialize
                0x00000000000014a4       0x1a
 .text.CPUINT_Initialize
                0x00000000000014a4       0x1a build/default/production/mcc_generated_files/system/src/interrupt.o
                0x00000000000014a4                CPUINT_Initialize

.text.USART1_printCHAR
                0x00000000000014be       0x18
 .text.USART1_printCHAR
                0x00000000000014be       0x18 build/default/production/mcc_generated_files/uart/src/usart1.o
                0x00000000000014be                USART1_printCHAR

.text.exit      0x00000000000014d6       0x16
 .text.exit     0x00000000000014d6       0x16 c:/program files/microchip/xc8/v2.50/avr/bin/../lib/gcc/avr/5.4.0/../../../../avr/lib/avrxmega2/memx-const/mapped\libc.a(exit.o)
                0x00000000000014d6                exit

.text.ADC0_StartConversion
                0x00000000000014ec       0x12
 .text.ADC0_StartConversion
                0x00000000000014ec       0x12 build/default/production/mcc_generated_files/adc/src/adc0.o
                0x00000000000014ec                ADC0_StartConversion

.text.toupper   0x00000000000014fe       0x12
 .text.toupper  0x00000000000014fe       0x12 c:/program files/microchip/xc8/v2.50/avr/bin/../lib/gcc/avr/5.4.0/../../../../avr/lib/avrxmega2/memx-const/mapped\libc.a(toupper.o)
                0x00000000000014fe                toupper

.text.tolower   0x0000000000001510       0x10
 .text.tolower  0x0000000000001510       0x10 c:/program files/microchip/xc8/v2.50/avr/bin/../lib/gcc/avr/5.4.0/../../../../avr/lib/avrxmega2/memx-const/mapped\libc.a(tolower.o)
                0x0000000000001510                tolower

.text.USART1_IsTxReady
                0x0000000000001520        0xc
 .text.USART1_IsTxReady
                0x0000000000001520        0xc build/default/production/mcc_generated_files/uart/src/usart1.o
                0x0000000000001520                USART1_IsTxReady

.text.__vector_9
                0x000000000000152c        0xa
 .text.__vector_9
                0x000000000000152c        0xa build/default/production/mcc_generated_files/system/src/pins.o
                0x000000000000152c                __vector_9

.text.__vector_23
                0x0000000000001536        0xa
 .text.__vector_23
                0x0000000000001536        0xa build/default/production/mcc_generated_files/system/src/pins.o
                0x0000000000001536                __vector_23

.text.protected_write_io
                0x0000000000001540        0xa
 .text.protected_write_io
                0x0000000000001540        0xa build/default/production/mcc_generated_files/system/src/protected_io.o
                0x0000000000001540                protected_write_io

.text.ADC0_IsConversionDone
                0x000000000000154a        0x8
 .text.ADC0_IsConversionDone
                0x000000000000154a        0x8 build/default/production/mcc_generated_files/adc/src/adc0.o
                0x000000000000154a                ADC0_IsConversionDone

.text.main      0x0000000000001552        0x6
 .text.main     0x0000000000001552        0x6 build/default/production/main.o
                0x0000000000001552                main

.text           0x0000000000001558        0x4
 .text          0x0000000000001558        0x4 C:/Users/Mohammad/.mchp_packs/Microchip/AVR-Dx_DFP/2.6.303/xc8/avr/lib/avrxmega2/memx-const/mapped/crtavr64du32.o
                0x0000000000001558                __vector_28
                0x0000000000001558                __vector_1
                0x0000000000001558                __vector_12
                0x0000000000001558                __bad_interrupt
                0x0000000000001558                __vector_6
                0x0000000000001558                __vector_3
                0x0000000000001558                __vector_30
                0x0000000000001558                __vector_25
                0x0000000000001558                __vector_11
                0x0000000000001558                __vector_13
                0x0000000000001558                __vector_17
                0x0000000000001558                __vector_7
                0x0000000000001558                __vector_27
                0x0000000000001558                __vector_5
                0x0000000000001558                __vector_4
                0x0000000000001558                __vector_2
                0x0000000000001558                __vector_15
                0x0000000000001558                __vector_29
                0x0000000000001558                __vector_8
                0x0000000000001558                __vector_26
                0x0000000000001558                __vector_14
                0x0000000000001558                __vector_10
                0x0000000000001558                __vector_16
                0x0000000000001558                __vector_18

.text._Exit     0x000000000000155c        0x4
 .text._Exit    0x000000000000155c        0x4 c:/program files/microchip/xc8/v2.50/avr/bin/../lib/gcc/avr/5.4.0/../../../../avr/lib/avrxmega2/memx-const/mapped\libc.a(_Exit.o)
                0x000000000000155c                _Exit

.text.IO_PD7_DefaultInterruptHandler
                0x0000000000001560        0x2
 .text.IO_PD7_DefaultInterruptHandler
                0x0000000000001560        0x2 build/default/production/mcc_generated_files/system/src/pins.o
                0x0000000000001560                IO_PD7_DefaultInterruptHandler

.text.IO_PD6_DefaultInterruptHandler
                0x0000000000001562        0x2
 .text.IO_PD6_DefaultInterruptHandler
                0x0000000000001562        0x2 build/default/production/mcc_generated_files/system/src/pins.o
                0x0000000000001562                IO_PD6_DefaultInterruptHandler

.text.IO_PD0_DefaultInterruptHandler
                0x0000000000001564        0x2
 .text.IO_PD0_DefaultInterruptHandler
                0x0000000000001564        0x2 build/default/production/mcc_generated_files/system/src/pins.o
                0x0000000000001564                IO_PD0_DefaultInterruptHandler

.text.IO_PF2_DefaultInterruptHandler
                0x0000000000001566        0x2
 .text.IO_PF2_DefaultInterruptHandler
                0x0000000000001566        0x2 build/default/production/mcc_generated_files/system/src/pins.o
                0x0000000000001566                IO_PF2_DefaultInterruptHandler

.text.USART1_DefaultFramingErrorCallback
                0x0000000000001568        0x2
 .text.USART1_DefaultFramingErrorCallback
                0x0000000000001568        0x2 build/default/production/mcc_generated_files/uart/src/usart1.o

.text.USART1_DefaultOverrunErrorCallback
                0x000000000000156a        0x2
 .text.USART1_DefaultOverrunErrorCallback
                0x000000000000156a        0x2 build/default/production/mcc_generated_files/uart/src/usart1.o

.text.USART1_DefaultParityErrorCallback
                0x000000000000156c        0x2
 .text.USART1_DefaultParityErrorCallback
                0x000000000000156c        0x2 build/default/production/mcc_generated_files/uart/src/usart1.o

.text.__dummy_fini
                0x000000000000156e        0x2
 .text.__dummy_fini
                0x000000000000156e        0x2 c:/program files/microchip/xc8/v2.50/avr/bin/../lib/gcc/avr/5.4.0/../../../../avr/lib/avrxmega2/memx-const/mapped\libc.a(exit.o)
                0x000000000000156e                _fini

.text.__dummy_funcs_on_exit
                0x0000000000001570        0x2
 .text.__dummy_funcs_on_exit
                0x0000000000001570        0x2 c:/program files/microchip/xc8/v2.50/avr/bin/../lib/gcc/avr/5.4.0/../../../../avr/lib/avrxmega2/memx-const/mapped\libc.a(exit.o)
                0x0000000000001570                __funcs_on_exit

.text.__dummy_simulator_exit
                0x0000000000001572        0x2
 .text.__dummy_simulator_exit
                0x0000000000001572        0x2 c:/program files/microchip/xc8/v2.50/avr/bin/../lib/gcc/avr/5.4.0/../../../../avr/lib/avrxmega2/memx-const/mapped\libc.a(exit.o)
                0x0000000000001572                __simulator_exit

.rodata.state_table
                0x00000000008060e2       0x16 load address 0x0000000000001574
 .rodata.state_table
                0x00000000008060e2       0x16 c:/program files/microchip/xc8/v2.50/avr/bin/../lib/gcc/avr/5.4.0/../../../../avr/lib/avrxmega2/memx-const/mapped\libc.a(__printf_core.o)

.data.USART1_stream
                0x00000000008060f8       0x10 load address 0x000000000000158a
 .data.USART1_stream
                0x00000000008060f8       0x10 build/default/production/mcc_generated_files/uart/src/usart1.o
                0x00000000008060f8                USART1_stream

.rodata.nuls.2781
                0x0000000000806108        0x7 load address 0x000000000000159a
 .rodata.nuls.2781
                0x0000000000806108        0x7 c:/program files/microchip/xc8/v2.50/avr/bin/../lib/gcc/avr/5.4.0/../../../../avr/lib/avrxmega2/memx-const/mapped\libc.a(__fmt_s.o)

.rodata.nilstr.2962
                0x000000000080610f        0x6 load address 0x00000000000015a1
 .rodata.nilstr.2962
                0x000000000080610f        0x6 c:/program files/microchip/xc8/v2.50/avr/bin/../lib/gcc/avr/5.4.0/../../../../avr/lib/avrxmega2/memx-const/mapped\libc.a(__printf_core.o)

.data._stdout   0x0000000000806137        0x2 load address 0x00000000000015a7
 .data._stdout  0x0000000000806137        0x2 c:/program files/microchip/xc8/v2.50/avr/bin/../lib/gcc/avr/5.4.0/../../../../avr/lib/avrxmega2/memx-const/mapped\libc.a(stdout.o)
                0x0000000000806137                _stdout
